
Discarded input sections

 .data          0x00000000        0x0 start.o
 .bss           0x00000000        0x0 start.o
 .text          0x00000000        0x0 cpu_init.o
 .data          0x00000000        0x0 cpu_init.o
 .bss           0x00000000        0x0 cpu_init.o
 .ARM.attributes
                0x00000000       0x1b cpu_init.o
 .text          0x00000000        0x0 nand_boot.o
 .data          0x00000000        0x0 nand_boot.o
 .bss           0x00000000        0x0 nand_boot.o
 .data          0x00000000        0x0 lowlevel_init.o
 .bss           0x00000000        0x0 lowlevel_init.o
 .data          0x00000000        0x0 divlib.o
 .bss           0x00000000        0x0 divlib.o
 .data          0x00000000        0x0 _lshrdi3.o
 .bss           0x00000000        0x0 _lshrdi3.o
 .data          0x00000000        0x0 _ashldi3.o
 .bss           0x00000000        0x0 _ashldi3.o
 .data          0x00000000        0x0 _ashrdi3.o
 .bss           0x00000000        0x0 _ashrdi3.o
 .text          0x00000000        0x0 nand_ecc.o
 .data          0x00000000        0x0 nand_ecc.o
 .bss           0x00000000        0x0 nand_ecc.o
 .text          0x00000000        0x0 nuc970_nand.o
 .data          0x00000000        0x0 nuc970_nand.o
 .text          0x00000000        0x0 nuc970_nand_spl.o
 .data          0x00000000        0x0 nuc970_nand_spl.o
 .bss           0x00000000        0x0 nuc970_nand_spl.o
 .text          0x00000000        0x0 nand.o
 .text.nand_init
                0x00000000       0x60 nand.o
 .text          0x00000000        0x0 nand_bbt.o
 .bss           0x00000000        0x0 nand_bbt.o
 .text          0x00000000        0x0 nand_ids.o
 .data          0x00000000        0x0 nand_ids.o
 .bss           0x00000000        0x0 nand_ids.o
 .text          0x00000000        0x0 nand_util.o
 .data          0x00000000        0x0 nand_util.o
 .bss           0x00000000        0x0 nand_util.o
 .text.check_skip_len
                0x00000000       0x90 nand_util.o
 .text.nand_erase_opts
                0x00000000      0x36c nand_util.o
 .text.nand_write_skip_bad
                0x00000000      0x1f4 nand_util.o
 .text.nand_read_skip_bad
                0x00000000      0x1f0 nand_util.o
 .rodata.str1.1
                0x00000000      0x23c nand_util.o
 .debug_info    0x00000000     0x1b6a nand_util.o
 .debug_abbrev  0x00000000      0x3e5 nand_util.o
 .debug_loc     0x00000000      0x8a1 nand_util.o
 .debug_aranges
                0x00000000       0x38 nand_util.o
 .debug_ranges  0x00000000      0x1b8 nand_util.o
 .debug_line    0x00000000      0x3e8 nand_util.o
 .debug_str     0x00000000      0xbf6 nand_util.o
 .comment       0x00000000       0x12 nand_util.o
 .note.GNU-stack
                0x00000000        0x0 nand_util.o
 .ARM.attributes
                0x00000000       0x2b nand_util.o
 .debug_frame   0x00000000       0xb0 nand_util.o
 .text          0x00000000        0x0 nand_base.o
 .bss           0x00000000        0x0 nand_base.o
 .text.nand_release
                0x00000000       0x48 nand_base.o
 .text          0x00000000        0x0 serial_nuc970.o
 .bss           0x00000000        0x0 serial_nuc970.o
 .text          0x00000000        0x0 serial.o
 .data          0x00000000        0x0 serial.o
 .text.serial_null
                0x00000000        0x4 serial.o
 .text.serial_stdio_init
                0x00000000       0x8c serial.o
 .text.serial_assign
                0x00000000       0x48 serial.o
 .text.serial_initialize
                0x00000000       0xdc serial.o
 .text.serial_reinit_all
                0x00000000       0x2c serial.o
 .text.serial_init
                0x00000000       0x14 serial.o
 .text.serial_setbrg
                0x00000000       0x14 serial.o
 .text.on_baudrate
                0x00000000       0xe4 serial.o
 .text.serial_getc
                0x00000000       0x14 serial.o
 .text.serial_tstc
                0x00000000       0x14 serial.o
 .text.default_serial_puts
                0x00000000       0x30 serial.o
 .u_boot_list_2_env_clbk_2_baudrate
                0x00000000        0x8 serial.o
 .text          0x00000000        0x0 nuc970_sysprintf.o
 .data          0x00000000        0x0 nuc970_sysprintf.o
 .bss           0x00000000        0x0 nuc970_sysprintf.o
 .text._PutChar_f
                0x00000000        0x4 nuc970_sysprintf.o
 .text          0x00000000        0x0 nuc970_wdt.o
 .data          0x00000000        0x0 nuc970_wdt.o
 .bss           0x00000000        0x0 nuc970_wdt.o
 .text.hw_watchdog_init
                0x00000000       0xa4 nuc970_wdt.o
 .rodata.str1.1
                0x00000000        0xf nuc970_wdt.o
 .text          0x00000000        0x0 timer.o
 .data          0x00000000        0x0 timer.o
 .bss           0x00000000        0x0 timer.o
 .text.timer_init
                0x00000000       0x48 timer.o
 .text.get_tbclk
                0x00000000        0x8 timer.o
 .text          0x00000000        0x0 time.o
 .data          0x00000000        0x0 time.o
 .bss           0x00000000        0x0 time.o
 .text.mdelay   0x00000000       0x24 time.o
 .text          0x00000000        0x0 div64.o
 .data          0x00000000        0x0 div64.o
 .bss           0x00000000        0x0 div64.o
 .text          0x00000000        0x0 string.o
 .data          0x00000000        0x0 string.o
 .bss           0x00000000        0x4 string.o
 .text.strncasecmp
                0x00000000       0x80 string.o
 .text.strcasecmp
                0x00000000        0x8 string.o
 .text.strcpy   0x00000000       0x1c string.o
 .text.strncpy  0x00000000       0x24 string.o
 .text.strcat   0x00000000       0x30 string.o
 .text.strncat  0x00000000       0x54 string.o
 .text.strcmp   0x00000000       0x30 string.o
 .text.strncmp  0x00000000       0x44 string.o
 .text.strchr   0x00000000       0x2c string.o
 .text.strrchr  0x00000000       0x3c string.o
 .text.strdup   0x00000000       0x3c string.o
 .text.strspn   0x00000000       0x3c string.o
 .text.strpbrk  0x00000000       0x3c string.o
 .text.strtok   0x00000000       0x88 string.o
 .text.strsep   0x00000000       0x38 string.o
 .text.strswab  0x00000000       0x48 string.o
 .text.bcopy    0x00000000       0x20 string.o
 .text.memmove  0x00000000       0x54 string.o
 .text.memscan  0x00000000       0x2c string.o
 .text.strstr   0x00000000       0x68 string.o
 .text.memchr   0x00000000       0x30 string.o
 .text          0x00000000        0x0 vsprintf.o
 .data          0x00000000        0x0 vsprintf.o
 .bss           0x00000000       0x16 vsprintf.o
 .text.simple_strtoul
                0x00000000       0xb8 vsprintf.o
 .text.strict_strtoul
                0x00000000       0x7c vsprintf.o
 .text.simple_strtol
                0x00000000       0x28 vsprintf.o
 .text.ustrtoul
                0x00000000       0x70 vsprintf.o
 .text.simple_strtoull
                0x00000000       0xdc vsprintf.o
 .text.ustrtoull
                0x00000000       0x88 vsprintf.o
 .text.__assert_fail
                0x00000000       0x14 vsprintf.o
 .text.simple_itoa
                0x00000000       0x54 vsprintf.o
 .text          0x00000000        0x0 stdio.o
 .data          0x00000000        0xc stdio.o
 .text.stdio_get_list
                0x00000000        0xc stdio.o
 .text.stdio_get_by_name
                0x00000000       0x4c stdio.o
 .text.stdio_clone
                0x00000000       0x40 stdio.o
 .text.stdio_register
                0x00000000       0x3c stdio.o
 .text.stdio_init
                0x00000000       0x8c stdio.o
 .rodata.str1.1
                0x00000000       0x1b stdio.o
 .text          0x00000000        0x0 console.o
 .data          0x00000000        0x0 console.o
 .bss           0x00000000        0x8 console.o
 .text.console_setfile
                0x00000000       0xa0 console.o
 .text.serial_printf
                0x00000000       0x40 console.o
 .text.fgetc    0x00000000       0x2c console.o
 .text.ftstc    0x00000000       0x2c console.o
 .text.fputs    0x00000000       0x28 console.o
 .text.fprintf  0x00000000       0x48 console.o
 .text.getc     0x00000000       0x24 console.o
 .text.tstc     0x00000000       0x24 console.o
 .text.ctrlc    0x00000000       0x50 console.o
 .text.disable_ctrlc
                0x00000000       0x18 console.o
 .text.had_ctrlc
                0x00000000       0x10 console.o
 .text.clear_ctrlc
                0x00000000       0x14 console.o
 .text.dbg      0x00000000        0xc console.o
 .text.search_device
                0x00000000       0x28 console.o
 .text.console_assign
                0x00000000       0x44 console.o
 .text.on_console
                0x00000000       0xb8 console.o
 .text.console_init_f
                0x00000000       0x10 console.o
 .text.stdio_print_current_devices
                0x00000000       0xb0 console.o
 .text.console_init_r
                0x00000000       0xd4 console.o
 .u_boot_list_2_env_clbk_2_console
                0x00000000        0x8 console.o
 .rodata.str1.1
                0x00000000       0xa3 console.o
 .text          0x00000000        0x0 reset.o
 .data          0x00000000        0x0 reset.o
 .bss           0x00000000        0x0 reset.o
 .text          0x00000000        0x0 interrupts.o
 .data          0x00000000        0x0 interrupts.o
 .bss           0x00000000        0x0 interrupts.o
 .text.interrupt_init
                0x00000000       0x1c interrupts.o
 .text.enable_interrupts
                0x00000000        0x4 interrupts.o
 .text.bad_mode
                0x00000000       0x10 interrupts.o
 .text.show_regs
                0x00000000      0x13c interrupts.o
 .text.do_undefined_instruction
                0x00000000       0x20 interrupts.o
 .text.do_software_interrupt
                0x00000000       0x20 interrupts.o
 .text.do_prefetch_abort
                0x00000000       0x20 interrupts.o
 .text.do_data_abort
                0x00000000       0x20 interrupts.o
 .text.do_not_used
                0x00000000       0x20 interrupts.o
 .text.do_fiq   0x00000000       0x20 interrupts.o
 .text.do_irq   0x00000000       0x20 interrupts.o
 .rodata        0x00000000       0x80 interrupts.o
 .rodata.str1.1
                0x00000000      0x2b9 interrupts.o
 .text          0x00000000        0x0 nuc970_reset.o
 .data          0x00000000        0x0 nuc970_reset.o
 .bss           0x00000000        0x0 nuc970_reset.o
 .text          0x00000000        0x0 ctype.o
 .data          0x00000000        0x0 ctype.o
 .bss           0x00000000        0x0 ctype.o
 .text          0x00000000        0x0 mtdcore.o
 .data          0x00000000        0x0 mtdcore.o
 .text.del_mtd_device
                0x00000000       0x54 mtdcore.o
 .text.get_mtd_device
                0x00000000       0x7c mtdcore.o
 .text.get_mtd_device_nm
                0x00000000       0x6c mtdcore.o
 .text.put_mtd_device
                0x00000000       0x2c mtdcore.o
 .text          0x00000000        0x0 mtdpart.o
 .data          0x00000000        0x0 mtdpart.o
 .bss           0x00000000        0x8 mtdpart.o
 .text.part_read_user_prot_reg
                0x00000000       0x30 mtdpart.o
 .text.part_get_user_prot_info
                0x00000000       0x14 mtdpart.o
 .text.part_read_fact_prot_reg
                0x00000000       0x30 mtdpart.o
 .text.part_get_fact_prot_info
                0x00000000       0x14 mtdpart.o
 .text.part_write
                0x00000000       0x80 mtdpart.o
 .text.part_panic_write
                0x00000000       0x80 mtdpart.o
 .text.part_write_oob
                0x00000000       0x80 mtdpart.o
 .text.part_write_user_prot_reg
                0x00000000       0x30 mtdpart.o
 .text.part_lock_user_prot_reg
                0x00000000       0x20 mtdpart.o
 .text.part_lock
                0x00000000       0x50 mtdpart.o
 .text.part_unlock
                0x00000000       0x50 mtdpart.o
 .text.part_sync
                0x00000000       0x14 mtdpart.o
 .text.part_block_isbad
                0x00000000       0x3c mtdpart.o
 .text.part_block_markbad
                0x00000000       0x60 mtdpart.o
 .text.part_read_oob
                0x00000000       0x98 mtdpart.o
 .text.part_read
                0x00000000       0xbc mtdpart.o
 .text.del_mtd_partitions
                0x00000000       0x8c mtdpart.o
 .text.add_mtd_partitions
                0x00000000      0x648 mtdpart.o
 .rodata        0x00000000       0x12 mtdpart.o
 .rodata.str1.1
                0x00000000      0x1f4 mtdpart.o

Memory Configuration

Name             Origin             Length             Attributes
*default*        0x00000000         0xffffffff

Linker script and memory map

                0x00000000                . = 0x0
                0x00000000                . = ALIGN (0x4)

.text           0x00000200      0x3f4
 start.o(.text)
 .text          0x00000200      0x140 start.o
                0x00000200                _start
                0x00000240                _TEXT_BASE
                0x00000244                _bss_start_ofs
                0x00000248                _bss_end_ofs
                0x0000024c                _end_ofs
                0x00000250                IRQ_STACK_START_IN
                0x00000274                relocate_code
 cpu_init.o(.text)
 nand_boot.o(.text)
 *(.text)
 .text          0x00000340       0x2c lowlevel_init.o
                0x00000340                lowlevel_init
 *fill*         0x0000036c       0x14 
 .text          0x00000380      0x220 divlib.o
                0x00000380                __udivsi3
                0x00000380                __aeabi_uidiv
                0x00000418                __aeabi_uidivmod
                0x00000430                __aeabi_idivmod
                0x00000460                __aeabi_idiv
                0x00000460                __divsi3
 .text          0x000005a0       0x1c _lshrdi3.o
                0x000005a0                __aeabi_llsr
                0x000005a0                __lshrdi3
 .text          0x000005bc       0x1c _ashldi3.o
                0x000005bc                __ashldi3
                0x000005bc                __aeabi_llsl
 .text          0x000005d8       0x1c _ashrdi3.o
                0x000005d8                __ashrdi3
                0x000005d8                __aeabi_lasr

.glue_7         0x000005f4        0x0
 .glue_7        0x00000000        0x0 linker stubs

.glue_7t        0x000005f4        0x0
 .glue_7t       0x00000000        0x0 linker stubs

.vfp11_veneer   0x000005f4        0x0
 .vfp11_veneer  0x00000000        0x0 linker stubs

.v4_bx          0x000005f4        0x0
 .v4_bx         0x00000000        0x0 linker stubs

.iplt           0x000005f4        0x0
 .iplt          0x00000000        0x0 start.o

.text.nand_boot
                0x000005f4      0x110
 .text.nand_boot
                0x000005f4      0x110 nand_boot.o
                0x000005f4                nand_boot

.text.nand_correct_data
                0x00000704      0x124
 .text.nand_correct_data
                0x00000704      0x124 nand_ecc.o
                0x00000704                nand_correct_data

.text.nuc970_hwcontrol
                0x00000828       0x50
 .text.nuc970_hwcontrol
                0x00000828       0x50 nuc970_nand.o

.text.nuc970_nand_select_chip
                0x00000878       0x1c
 .text.nuc970_nand_select_chip
                0x00000878       0x1c nuc970_nand.o

.text.nuc970_dev_ready
                0x00000894       0x18
 .text.nuc970_dev_ready
                0x00000894       0x18 nuc970_nand.o

.text.nuc970_nand_read_byte
                0x000008ac       0x14
 .text.nuc970_nand_read_byte
                0x000008ac       0x14 nuc970_nand.o

.text.nuc970_nand_write_buf
                0x000008c0       0x28
 .text.nuc970_nand_write_buf
                0x000008c0       0x28 nuc970_nand.o

.text.nuc970_nand_read_buf
                0x000008e8       0x28
 .text.nuc970_nand_read_buf
                0x000008e8       0x28 nuc970_nand.o

.text.nuc970_nand_enable_hwecc
                0x00000910        0x4
 .text.nuc970_nand_enable_hwecc
                0x00000910        0x4 nuc970_nand.o
                0x00000910                nuc970_nand_enable_hwecc

.text.nuc970_nand_calculate_ecc
                0x00000914        0x8
 .text.nuc970_nand_calculate_ecc
                0x00000914        0x8 nuc970_nand.o

.text.nuc970_nand_correct_data
                0x0000091c        0x8
 .text.nuc970_nand_correct_data
                0x0000091c        0x8 nuc970_nand.o

.text.nuc970_nand_write_page_hwecc
                0x00000924      0x1b0
 .text.nuc970_nand_write_page_hwecc
                0x00000924      0x1b0 nuc970_nand.o

.text.nuc970_nand_command_lp
                0x00000ad4      0x1bc
 .text.nuc970_nand_command_lp
                0x00000ad4      0x1bc nuc970_nand.o

.text.nuc970_nand_read_oob_hwecc
                0x00000c90       0x54
 .text.nuc970_nand_read_oob_hwecc
                0x00000c90       0x54 nuc970_nand.o

.text.fmiSM_CorrectData_BCH
                0x00000ce4      0x2c4
 .text.fmiSM_CorrectData_BCH
                0x00000ce4      0x2c4 nuc970_nand.o
                0x00000ce4                fmiSM_CorrectData_BCH

.text.fmiSMCorrectData
                0x00000fa8       0xd8
 .text.fmiSMCorrectData
                0x00000fa8       0xd8 nuc970_nand.o
                0x00000fa8                fmiSMCorrectData

.text.nuc970_nand_read_page_hwecc_oob_first
                0x00001080      0x200
 .text.nuc970_nand_read_page_hwecc_oob_first
                0x00001080      0x200 nuc970_nand.o

.text.board_nand_init
                0x00001280      0x310
 .text.board_nand_init
                0x00001280      0x310 nuc970_nand.o
                0x00001280                board_nand_init

.text.board_init_f
                0x00001590       0x3c
 .text.board_init_f
                0x00001590       0x3c nuc970_nand_spl.o
                0x00001590                board_init_f

.text.nand_register
                0x000015cc       0x84
 .text.nand_register
                0x000015cc       0x84 nand.o
                0x000015cc                nand_register

.text.scan_read_raw_oob
                0x00001650       0xc8
 .text.scan_read_raw_oob
                0x00001650       0xc8 nand_bbt.o

.text.verify_bbt_descr
                0x00001718      0x158
 .text.verify_bbt_descr
                0x00001718      0x158 nand_bbt.o

.text.check_pattern
                0x00001870      0x13c
 .text.check_pattern
                0x00001870      0x13c nand_bbt.o

.text.create_bbt
                0x000019ac      0x334
 .text.create_bbt
                0x000019ac      0x334 nand_bbt.o

.text.write_bbt
                0x00001ce0      0x698
 .text.write_bbt
                0x00001ce0      0x698 nand_bbt.o

.text.scan_read_raw.constprop.5
                0x00002378       0x64
 .text.scan_read_raw.constprop.5
                0x00002378       0x64 nand_bbt.o

.text.search_bbt.constprop.3
                0x000023dc      0x1b4
 .text.search_bbt.constprop.3
                0x000023dc      0x1b4 nand_bbt.o

.text.read_bbt.constprop.8
                0x00002590      0x22c
 .text.read_bbt.constprop.8
                0x00002590      0x22c nand_bbt.o

.text.read_abs_bbt.constprop.7
                0x000027bc       0xc0
 .text.read_abs_bbt.constprop.7
                0x000027bc       0xc0 nand_bbt.o

.text.nand_update_bbt
                0x0000287c      0x124
 .text.nand_update_bbt
                0x0000287c      0x124 nand_bbt.o
                0x0000287c                nand_update_bbt

.text.mark_bbt_region
                0x000029a0      0x188
 .text.mark_bbt_region
                0x000029a0      0x188 nand_bbt.o

.text.nand_scan_bbt
                0x00002b28      0x45c
 .text.nand_scan_bbt
                0x00002b28      0x45c nand_bbt.o
                0x00002b28                nand_scan_bbt

.text.nand_default_bbt
                0x00002f84       0xe4
 .text.nand_default_bbt
                0x00002f84       0xe4 nand_bbt.o
                0x00002f84                nand_default_bbt

.text.nand_isbad_bbt
                0x00003068       0x54
 .text.nand_isbad_bbt
                0x00003068       0x54 nand_bbt.o
                0x00003068                nand_isbad_bbt

.text.nand_release_device
                0x000030bc       0x18
 .text.nand_release_device
                0x000030bc       0x18 nand_base.o

.text.nand_read_byte
                0x000030d4       0x14
 .text.nand_read_byte
                0x000030d4       0x14 nand_base.o
                0x000030d4                nand_read_byte

.text.nand_read_byte16
                0x000030e8       0x14
 .text.nand_read_byte16
                0x000030e8       0x14 nand_base.o

.text.nand_read_word
                0x000030fc       0x10
 .text.nand_read_word
                0x000030fc       0x10 nand_base.o

.text.nand_write_buf
                0x0000310c       0x2c
 .text.nand_write_buf
                0x0000310c       0x2c nand_base.o
                0x0000310c                nand_write_buf

.text.nand_read_buf
                0x00003138       0x2c
 .text.nand_read_buf
                0x00003138       0x2c nand_base.o
                0x00003138                nand_read_buf

.text.nand_verify_buf
                0x00003164       0x44
 .text.nand_verify_buf
                0x00003164       0x44 nand_base.o

.text.nand_write_buf16
                0x000031a8       0x34
 .text.nand_write_buf16
                0x000031a8       0x34 nand_base.o
                0x000031a8                nand_write_buf16

.text.nand_read_buf16
                0x000031dc       0x34
 .text.nand_read_buf16
                0x000031dc       0x34 nand_base.o
                0x000031dc                nand_read_buf16

.text.nand_verify_buf16
                0x00003210       0x48
 .text.nand_verify_buf16
                0x00003210       0x48 nand_base.o

.text.nand_check_wp
                0x00003258       0x50
 .text.nand_check_wp
                0x00003258       0x50 nand_base.o

.text.nand_read_page_raw
                0x000032a8       0x38
 .text.nand_read_page_raw
                0x000032a8       0x38 nand_base.o

.text.nand_read_page_raw_syndrome
                0x000032e0       0xd4
 .text.nand_read_page_raw_syndrome
                0x000032e0       0xd4 nand_base.o

.text.nand_read_page_swecc
                0x000033b4      0x118
 .text.nand_read_page_swecc
                0x000033b4      0x118 nand_base.o

.text.nand_read_subpage
                0x000034cc      0x26c
 .text.nand_read_subpage
                0x000034cc      0x26c nand_base.o

.text.nand_read_page_hwecc
                0x00003738      0x144
 .text.nand_read_page_hwecc
                0x00003738      0x144 nand_base.o

.text.nand_read_page_hwecc_oob_first
                0x0000387c      0x138
 .text.nand_read_page_hwecc_oob_first
                0x0000387c      0x138 nand_base.o

.text.nand_read_page_syndrome
                0x000039b4      0x124
 .text.nand_read_page_syndrome
                0x000039b4      0x124 nand_base.o

.text.nand_read_oob_std
                0x00003ad8       0x48
 .text.nand_read_oob_std
                0x00003ad8       0x48 nand_base.o

.text.nand_read_oob_syndrome
                0x00003b20      0x108
 .text.nand_read_oob_syndrome
                0x00003b20      0x108 nand_base.o

.text.nand_write_oob_std
                0x00003c28       0x70
 .text.nand_write_oob_std
                0x00003c28       0x70 nand_base.o

.text.nand_write_oob_syndrome
                0x00003c98      0x1a4
 .text.nand_write_oob_syndrome
                0x00003c98      0x1a4 nand_base.o

.text.nand_write_page_raw
                0x00003e3c       0x34
 .text.nand_write_page_raw
                0x00003e3c       0x34 nand_base.o

.text.nand_write_page_raw_syndrome
                0x00003e70       0xd0
 .text.nand_write_page_raw_syndrome
                0x00003e70       0xd0 nand_base.o

.text.nand_write_page_swecc
                0x00003f40       0xb4
 .text.nand_write_page_swecc
                0x00003f40       0xb4 nand_base.o

.text.nand_write_page_hwecc
                0x00003ff4       0xcc
 .text.nand_write_page_hwecc
                0x00003ff4       0xcc nand_base.o

.text.nand_write_page_syndrome
                0x000040c0       0xf0
 .text.nand_write_page_syndrome
                0x000040c0       0xf0 nand_base.o

.text.single_erase_cmd
                0x000041b0       0x3c
 .text.single_erase_cmd
                0x000041b0       0x3c nand_base.o

.text.multi_erase_cmd
                0x000041ec       0x88
 .text.multi_erase_cmd
                0x000041ec       0x88 nand_base.o

.text.nand_sync
                0x00004274       0x10
 .text.nand_sync
                0x00004274       0x10 nand_base.o

.text.nand_wait
                0x00004284       0xd0
 .text.nand_wait
                0x00004284       0xd0 nand_base.o

.text.nand_block_checkbad
                0x00004354       0x80
 .text.nand_block_checkbad
                0x00004354       0x80 nand_base.o

.text.nand_block_isbad
                0x000043d4       0x34
 .text.nand_block_isbad
                0x000043d4       0x34 nand_base.o

.text.nand_block_markbad
                0x00004408       0x40
 .text.nand_block_markbad
                0x00004408       0x40 nand_base.o

.text.nand_block_bad
                0x00004448      0x150
 .text.nand_block_bad
                0x00004448      0x150 nand_base.o

.text.nand_write_page
                0x00004598       0xac
 .text.nand_write_page
                0x00004598       0xac nand_base.o

.text.generic_ffs
                0x00004644       0x4c
 .text.generic_ffs
                0x00004644       0x4c nand_base.o

.text.nand_fill_oob
                0x00004690      0x10c
 .text.nand_fill_oob
                0x00004690      0x10c nand_base.o

.text.nand_do_write_oob
                0x0000479c      0x1a8
 .text.nand_do_write_oob
                0x0000479c      0x1a8 nand_base.o

.text.nand_default_block_markbad
                0x00004944      0x178
 .text.nand_default_block_markbad
                0x00004944      0x178 nand_base.o

.text.nand_do_write_ops
                0x00004abc      0x334
 .text.nand_do_write_ops
                0x00004abc      0x334 nand_base.o

.text.nand_write_oob
                0x00004df0       0x98
 .text.nand_write_oob
                0x00004df0       0x98 nand_base.o

.text.nand_write
                0x00004e88       0x88
 .text.nand_write
                0x00004e88       0x88 nand_base.o

.text.nand_select_chip
                0x00004f10       0x54
 .text.nand_select_chip
                0x00004f10       0x54 nand_base.o

.text.nand_transfer_oob
                0x00004f64      0x10c
 .text.nand_transfer_oob
                0x00004f64      0x10c nand_base.o

.text.nand_wait_ready
                0x00005070       0x4c
 .text.nand_wait_ready
                0x00005070       0x4c nand_base.o
                0x00005070                nand_wait_ready

.text.nand_command
                0x000050bc      0x1cc
 .text.nand_command
                0x000050bc      0x1cc nand_base.o

.text.nand_command_lp
                0x00005288      0x258
 .text.nand_command_lp
                0x00005288      0x258 nand_base.o

.text.nand_do_read_ops
                0x000054e0      0x3b8
 .text.nand_do_read_ops
                0x000054e0      0x3b8 nand_base.o

.text.nand_read_oob
                0x00005898      0x28c
 .text.nand_read_oob
                0x00005898      0x28c nand_base.o

.text.nand_read
                0x00005b24       0x88
 .text.nand_read
                0x00005b24       0x88 nand_base.o

.text.nand_erase_nand
                0x00005bac      0x3a4
 .text.nand_erase_nand
                0x00005bac      0x3a4 nand_base.o
                0x00005bac                nand_erase_nand

.text.nand_erase
                0x00005f50        0x8
 .text.nand_erase
                0x00005f50        0x8 nand_base.o

.text.nand_scan_ident
                0x00005f58      0x77c
 .text.nand_scan_ident
                0x00005f58      0x77c nand_base.o
                0x00005f58                nand_scan_ident

.text.nand_scan_tail
                0x000066d4      0x5b0
 .text.nand_scan_tail
                0x000066d4      0x5b0 nand_base.o
                0x000066d4                nand_scan_tail

.text.nand_scan
                0x00006c84       0x24
 .text.nand_scan
                0x00006c84       0x24 nand_base.o
                0x00006c84                nand_scan

.text.nuc970_serial_init
                0x00006ca8       0x38
 .text.nuc970_serial_init
                0x00006ca8       0x38 serial_nuc970.o
                0x00006ca8                nuc970_serial_init

.text.nuc970_serial_getc
                0x00006ce0       0x1c
 .text.nuc970_serial_getc
                0x00006ce0       0x1c serial_nuc970.o
                0x00006ce0                nuc970_serial_getc

.text.nuc970_serial_tstc
                0x00006cfc       0x18
 .text.nuc970_serial_tstc
                0x00006cfc       0x18 serial_nuc970.o
                0x00006cfc                nuc970_serial_tstc

.text.nuc970_serial_setbrg
                0x00006d14        0x4
 .text.nuc970_serial_setbrg
                0x00006d14        0x4 serial_nuc970.o
                0x00006d14                nuc970_serial_setbrg

.text.nuc970_serial_putc
                0x00006d18       0x3c
 .text.nuc970_serial_putc
                0x00006d18       0x3c serial_nuc970.o
                0x00006d18                nuc970_serial_putc

.text.nuc970_serial_puts
                0x00006d54       0x20
 .text.nuc970_serial_puts
                0x00006d54       0x20 serial_nuc970.o
                0x00006d54                nuc970_serial_puts

.text.nuc970_serial_initialize
                0x00006d74        0xc
 .text.nuc970_serial_initialize
                0x00006d74        0xc serial_nuc970.o
                0x00006d74                nuc970_serial_initialize

.text.default_serial_console
                0x00006d80        0xc
 .text.default_serial_console
                0x00006d80        0xc serial_nuc970.o
                0x00006d80                default_serial_console

.text.get_current
                0x00006d8c       0x40
 .text.get_current
                0x00006d8c       0x40 serial.o

.text.serial_register
                0x00006dcc       0x18
 .text.serial_register
                0x00006dcc       0x18 serial.o
                0x00006dcc                serial_register

.text.serial_putc
                0x00006de4       0x1c
 .text.serial_putc
                0x00006de4       0x1c serial.o
                0x00006de4                serial_putc

.text.serial_puts
                0x00006e00       0x1c
 .text.serial_puts
                0x00006e00       0x1c serial.o
                0x00006e00                serial_puts

.text.__div0    0x00006e1c        0x4
 .text.__div0   0x00006e1c        0x4 nuc970_sysprintf.o
                0x00006e1c                __div0

.text.sysPutString
                0x00006e20       0x20
 .text.sysPutString
                0x00006e20       0x20 nuc970_sysprintf.o
                0x00006e20                sysPutString

.text.sysprintf
                0x00006e40      0x37c
 .text.sysprintf
                0x00006e40      0x37c nuc970_sysprintf.o
                0x00006e40                sysprintf

.text.Unlock_RegWriteProtect
                0x000071bc       0x2c
 .text.Unlock_RegWriteProtect
                0x000071bc       0x2c nuc970_wdt.o

.text.hw_watchdog_reset
                0x000071e8       0x2c
 .text.hw_watchdog_reset
                0x000071e8       0x2c nuc970_wdt.o
                0x000071e8                hw_watchdog_reset

.text.get_ticks
                0x00007214       0x84
 .text.get_ticks
                0x00007214       0x84 timer.o
                0x00007214                get_ticks

.text.__udelay  0x00007298       0x80
 .text.__udelay
                0x00007298       0x80 timer.o
                0x00007298                __udelay

.text.get_timer
                0x00007318       0x60
 .text.get_timer
                0x00007318       0x60 timer.o
                0x00007318                get_timer

.text.udelay    0x00007378       0x34
 .text.udelay   0x00007378       0x34 time.o
                0x00007378                udelay

.text.__div64_32
                0x000073ac       0xd4
 .text.__div64_32
                0x000073ac       0xd4 div64.o
                0x000073ac                __div64_32

.text.strlen    0x00007480       0x20
 .text.strlen   0x00007480       0x20 string.o
                0x00007480                strlen

.text.strnlen   0x000074a0       0x30
 .text.strnlen  0x000074a0       0x30 string.o
                0x000074a0                strnlen

.text.memset    0x000074d0       0x60
 .text.memset   0x000074d0       0x60 string.o
                0x000074d0                memset

.text.memcpy    0x00007530       0x60
 .text.memcpy   0x00007530       0x60 string.o
                0x00007530                memcpy

.text.memcmp    0x00007590       0x34
 .text.memcmp   0x00007590       0x34 string.o
                0x00007590                memcmp

.text.put_dec_trunc
                0x000075c4       0xf8
 .text.put_dec_trunc
                0x000075c4       0xf8 vsprintf.o

.text.put_dec   0x000076bc      0x14c
 .text.put_dec  0x000076bc      0x14c vsprintf.o

.text.string.isra.0
                0x00007808       0x90
 .text.string.isra.0
                0x00007808       0x90 vsprintf.o

.text.number.isra.4
                0x00007898      0x258
 .text.number.isra.4
                0x00007898      0x258 vsprintf.o

.text.vsnprintf_internal.isra.6
                0x00007af0      0x5e8
 .text.vsnprintf_internal.isra.6
                0x00007af0      0x5e8 vsprintf.o

.text.vsprintf  0x000080d8        0x4
 .text.vsprintf
                0x000080d8        0x4 vsprintf.o
                0x000080d8                vsprintf

.text.sprintf   0x000080dc       0x28
 .text.sprintf  0x000080dc       0x28 vsprintf.o
                0x000080dc                sprintf

.text.panic     0x00008104       0x44
 .text.panic    0x00008104       0x44 vsprintf.o
                0x00008104                panic

.text.fputc     0x00008148       0x28
 .text.fputc    0x00008148       0x28 console.o
                0x00008148                fputc

.text.putc      0x00008170       0x28
 .text.putc     0x00008170       0x28 console.o
                0x00008170                putc

.text.puts      0x00008198       0x3c
 .text.puts     0x00008198       0x3c console.o
                0x00008198                puts

.text.printf    0x000081d4       0x4c
 .text.printf   0x000081d4       0x4c console.o
                0x000081d4                printf

.text.vprintf   0x00008220       0x40
 .text.vprintf  0x00008220       0x40 console.o
                0x00008220                vprintf

.text.do_reset  0x00008260       0x30
 .text.do_reset
                0x00008260       0x30 reset.o
                0x00008260                do_reset

.text.disable_interrupts
                0x00008290        0x8
 .text.disable_interrupts
                0x00008290        0x8 interrupts.o
                0x00008290                disable_interrupts

.text.reset_cpu
                0x00008298       0x38
 .text.reset_cpu
                0x00008298       0x38 nuc970_reset.o
                0x00008298                reset_cpu

.text.add_mtd_device
                0x000082d0       0x6c
 .text.add_mtd_device
                0x000082d0       0x6c mtdcore.o
                0x000082d0                add_mtd_device

.text.part_erase
                0x0000833c       0x9c
 .text.part_erase
                0x0000833c       0x9c mtdpart.o

.text.mtd_erase_callback
                0x000083d8       0x68
 .text.mtd_erase_callback
                0x000083d8       0x68 mtdpart.o
                0x000083d8                mtd_erase_callback
                0x00008440                . = ALIGN (0x4)

.rodata         0x00008440     0x1414
 *(SORT(.rodata*))
 .rodata        0x00008440       0x14 nuc970_nand.o
 .rodata        0x00008454      0x710 nand_ids.o
                0x00008454                nand_manuf_ids
                0x000084a4                nand_flash_ids
 .rodata        0x00008b64       0x1c nand_bbt.o
 .rodata        0x00008b80       0x64 nand_base.o
 .rodata        0x00008be4       0x21 vsprintf.o
 .rodata        0x00008c05      0x100 ctype.o
                0x00008c05                _ctype
 .rodata.str1.1
                0x00008d05       0x57 nuc970_nand.o
 .rodata.str1.1
                0x00008d5c        0xb nuc970_nand_spl.o
 .rodata.str1.1
                0x00008d67       0x10 nand.o
 .rodata.str1.1
                0x00008d77      0x286 nand_bbt.o
 .rodata.str1.1
                0x00008ffd      0x4d9 nand_ids.o
                                0x4ef (size before relaxing)
 .rodata.str1.1
                0x000094d6      0x264 nand_base.o
                                0x286 (size before relaxing)
 .rodata.str1.1
                0x0000973a       0x92 serial.o
 .rodata.str1.1
                0x000097cc       0x29 vsprintf.o
 .rodata.str1.1
                0x000097f5        0xf reset.o
 .rodata.str1.1
                0x00009804       0x50 mtdcore.o
                0x00009854                . = ALIGN (0x4)

.data           0x00009854      0xa20
 *(.data)
 .data          0x00009854        0x4 nand.o
                0x00009854                nand_curr_device
 .data          0x00009858       0xc4 nand_bbt.o
 .data          0x0000991c      0x920 nand_base.o
 .data          0x0000a23c       0x38 serial_nuc970.o
                0x0000a26c                ext_clk
                0x0000a270                baudrate

.igot.plt       0x0000a274        0x0
 .igot.plt      0x00000000        0x0 start.o
                0x0000a274                . = ALIGN (0x4)

.got
 *(.got)
                0x0000a274                __u_boot_cmd_start = .

.u_boot_cmd
 *(.u_boot_cmd)
                0x0000a274                __u_boot_cmd_end = .
                0x0000a274                . = ALIGN (0x4)

.rel.dyn        0x0000a274        0x0
                0x0000a274                __rel_dyn_start = .
 *(.rel*)
 .rel.iplt      0x00000000        0x0 start.o
                0x0000a274                __rel_dyn_end = .

.dynsym         0x0000a274        0x0
                0x0000a274                __dynsym_start = .
 *(.dynsym)
                0x0000a274                _end = .

.bss            0x0000a274      0x6f4
                0x0000a274                __bss_start = .
 *(.bss)
 *fill*         0x0000a274        0x4 
 .bss           0x0000a278      0x438 nuc970_nand.o
                0x0000a278                nuc970_nand
                0x0000a280                g_nuc970_nand
 .bss           0x0000a6b0      0x1e8 nand.o
                0x0000a6b0                nand_info
 .bss           0x0000a898        0x8 serial.o
 .bss           0x0000a8a0       0x48 stdio.o
                0x0000a8dc                stdio_devices
 .bss           0x0000a8e8       0x80 mtdcore.o
                0x0000a8e8                mtd_table
                0x0000a968                . = ALIGN (0x4)
                0x0000a968                __bss_end__ = .
Address of section .text set to 0x200
LOAD start.o
LOAD cpu_init.o
LOAD lowlevel_init.o
LOAD divlib.o
LOAD _lshrdi3.o
LOAD _ashldi3.o
LOAD _ashrdi3.o
LOAD nand_boot.o
LOAD nand_ecc.o
LOAD nuc970_nand.o
LOAD nuc970_nand_spl.o
LOAD nand.o
LOAD nand_bbt.o
LOAD nand_ids.o
LOAD nand_util.o
LOAD nand_base.o
LOAD serial_nuc970.o
LOAD serial.o
LOAD nuc970_sysprintf.o
LOAD nuc970_wdt.o
LOAD timer.o
LOAD time.o
LOAD div64.o
LOAD string.o
LOAD vsprintf.o
LOAD stdio.o
LOAD console.o
LOAD reset.o
LOAD interrupts.o
LOAD nuc970_reset.o
LOAD ctype.o
LOAD mtdcore.o
LOAD mtdpart.o
OUTPUT(/home/book/NUC970/uboot/nand_spl/u-boot-spl elf32-littlearm)

.ARM.attributes
                0x00000000       0x27
 .ARM.attributes
                0x00000000       0x1b start.o
 .ARM.attributes
                0x0000001b       0x2b nand_boot.o
 .ARM.attributes
                0x00000046       0x1b lowlevel_init.o
 .ARM.attributes
                0x00000061       0x1b divlib.o
 .ARM.attributes
                0x0000007c       0x1b _lshrdi3.o
 .ARM.attributes
                0x00000097       0x1b _ashldi3.o
 .ARM.attributes
                0x000000b2       0x1b _ashrdi3.o
 .ARM.attributes
                0x000000cd       0x2b nand_ecc.o
 .ARM.attributes
                0x000000f8       0x2b nuc970_nand.o
 .ARM.attributes
                0x00000123       0x2b nuc970_nand_spl.o
 .ARM.attributes
                0x0000014e       0x2b nand.o
 .ARM.attributes
                0x00000179       0x2b nand_bbt.o
 .ARM.attributes
                0x000001a4       0x2b nand_ids.o
 .ARM.attributes
                0x000001cf       0x2b nand_base.o
 .ARM.attributes
                0x000001fa       0x2b serial_nuc970.o
 .ARM.attributes
                0x00000225       0x2b serial.o
 .ARM.attributes
                0x00000250       0x2b nuc970_sysprintf.o
 .ARM.attributes
                0x0000027b       0x2b nuc970_wdt.o
 .ARM.attributes
                0x000002a6       0x2b timer.o
 .ARM.attributes
                0x000002d1       0x2b time.o
 .ARM.attributes
                0x000002fc       0x2b div64.o
 .ARM.attributes
                0x00000327       0x2b string.o
 .ARM.attributes
                0x00000352       0x2b vsprintf.o
 .ARM.attributes
                0x0000037d       0x2b stdio.o
 .ARM.attributes
                0x000003a8       0x2b console.o
 .ARM.attributes
                0x000003d3       0x2b reset.o
 .ARM.attributes
                0x000003fe       0x2b interrupts.o
 .ARM.attributes
                0x00000429       0x2b nuc970_reset.o
 .ARM.attributes
                0x00000454       0x2b ctype.o
 .ARM.attributes
                0x0000047f       0x2b mtdcore.o
 .ARM.attributes
                0x000004aa       0x2b mtdpart.o

.comment        0x00000000       0x11
 .comment       0x00000000       0x11 nand_boot.o
                                 0x12 (size before relaxing)
 .comment       0x00000000       0x12 nand_ecc.o
 .comment       0x00000000       0x12 nuc970_nand.o
 .comment       0x00000000       0x12 nuc970_nand_spl.o
 .comment       0x00000000       0x12 nand.o
 .comment       0x00000000       0x12 nand_bbt.o
 .comment       0x00000000       0x12 nand_ids.o
 .comment       0x00000000       0x12 nand_base.o
 .comment       0x00000000       0x12 serial_nuc970.o
 .comment       0x00000000       0x12 serial.o
 .comment       0x00000000       0x12 nuc970_sysprintf.o
 .comment       0x00000000       0x12 nuc970_wdt.o
 .comment       0x00000000       0x12 timer.o
 .comment       0x00000000       0x12 time.o
 .comment       0x00000000       0x12 div64.o
 .comment       0x00000000       0x12 string.o
 .comment       0x00000000       0x12 vsprintf.o
 .comment       0x00000000       0x12 stdio.o
 .comment       0x00000000       0x12 console.o
 .comment       0x00000000       0x12 reset.o
 .comment       0x00000000       0x12 interrupts.o
 .comment       0x00000000       0x12 nuc970_reset.o
 .comment       0x00000000       0x12 ctype.o
 .comment       0x00000000       0x12 mtdcore.o
 .comment       0x00000000       0x12 mtdpart.o

.note.GNU-stack
                0x00000000        0x0
 .note.GNU-stack
                0x00000000        0x0 nand_boot.o
 .note.GNU-stack
                0x00000000        0x0 nand_ecc.o
 .note.GNU-stack
                0x00000000        0x0 nuc970_nand.o
 .note.GNU-stack
                0x00000000        0x0 nuc970_nand_spl.o
 .note.GNU-stack
                0x00000000        0x0 nand.o
 .note.GNU-stack
                0x00000000        0x0 nand_bbt.o
 .note.GNU-stack
                0x00000000        0x0 nand_ids.o
 .note.GNU-stack
                0x00000000        0x0 nand_base.o
 .note.GNU-stack
                0x00000000        0x0 serial_nuc970.o
 .note.GNU-stack
                0x00000000        0x0 serial.o
 .note.GNU-stack
                0x00000000        0x0 nuc970_sysprintf.o
 .note.GNU-stack
                0x00000000        0x0 nuc970_wdt.o
 .note.GNU-stack
                0x00000000        0x0 timer.o
 .note.GNU-stack
                0x00000000        0x0 time.o
 .note.GNU-stack
                0x00000000        0x0 div64.o
 .note.GNU-stack
                0x00000000        0x0 string.o
 .note.GNU-stack
                0x00000000        0x0 vsprintf.o
 .note.GNU-stack
                0x00000000        0x0 stdio.o
 .note.GNU-stack
                0x00000000        0x0 console.o
 .note.GNU-stack
                0x00000000        0x0 reset.o
 .note.GNU-stack
                0x00000000        0x0 interrupts.o
 .note.GNU-stack
                0x00000000        0x0 nuc970_reset.o
 .note.GNU-stack
                0x00000000        0x0 ctype.o
 .note.GNU-stack
                0x00000000        0x0 mtdcore.o
 .note.GNU-stack
                0x00000000        0x0 mtdpart.o

.debug_line     0x00000000     0x4b59
 .debug_line    0x00000000       0x88 start.o
 .debug_line    0x00000088      0x17c nand_boot.o
 .debug_line    0x00000204       0x4b lowlevel_init.o
 .debug_line    0x0000024f       0x99 divlib.o
 .debug_line    0x000002e8       0x40 _lshrdi3.o
 .debug_line    0x00000328       0x40 _ashldi3.o
 .debug_line    0x00000368       0x40 _ashrdi3.o
 .debug_line    0x000003a8      0x15f nand_ecc.o
 .debug_line    0x00000507      0x48a nuc970_nand.o
 .debug_line    0x00000991       0xdd nuc970_nand_spl.o
 .debug_line    0x00000a6e      0x1cf nand.o
 .debug_line    0x00000c3d      0x731 nand_bbt.o
 .debug_line    0x0000136e       0xe9 nand_ids.o
 .debug_line    0x00001457      0xfdc nand_base.o
 .debug_line    0x00002433      0x1c2 serial_nuc970.o
 .debug_line    0x000025f5      0x31e serial.o
 .debug_line    0x00002913      0x1e7 nuc970_sysprintf.o
 .debug_line    0x00002afa      0x14c nuc970_wdt.o
 .debug_line    0x00002c46      0x1b1 timer.o
 .debug_line    0x00002df7      0x107 time.o
 .debug_line    0x00002efe       0xbb div64.o
 .debug_line    0x00002fb9      0x3f4 string.o
 .debug_line    0x000033ad      0x605 vsprintf.o
 .debug_line    0x000039b2      0x221 stdio.o
 .debug_line    0x00003bd3      0x474 console.o
 .debug_line    0x00004047       0xdf reset.o
 .debug_line    0x00004126      0x260 interrupts.o
 .debug_line    0x00004386       0xe0 nuc970_reset.o
 .debug_line    0x00004466       0x28 ctype.o
 .debug_line    0x0000448e      0x1de mtdcore.o
 .debug_line    0x0000466c      0x4ed mtdpart.o

.debug_info     0x00000000    0x18b23
 .debug_info    0x00000000       0x67 start.o
 .debug_info    0x00000067     0x1444 nand_boot.o
 .debug_info    0x000014ab       0x6f lowlevel_init.o
 .debug_info    0x0000151a       0x68 divlib.o
 .debug_info    0x00001582       0x6a _lshrdi3.o
 .debug_info    0x000015ec       0x6a _ashldi3.o
 .debug_info    0x00001656       0x6a _ashrdi3.o
 .debug_info    0x000016c0      0xa6d nand_ecc.o
 .debug_info    0x0000212d     0x2a45 nuc970_nand.o
 .debug_info    0x00004b72      0x39f nuc970_nand_spl.o
 .debug_info    0x00004f11     0x1562 nand.o
 .debug_info    0x00006473     0x301c nand_bbt.o
 .debug_info    0x0000948f      0x355 nand_ids.o
 .debug_info    0x000097e4     0x530f nand_base.o
 .debug_info    0x0000eaf3      0x786 serial_nuc970.o
 .debug_info    0x0000f279      0xcf6 serial.o
 .debug_info    0x0000ff6f      0x831 nuc970_sysprintf.o
 .debug_info    0x000107a0      0x56f nuc970_wdt.o
 .debug_info    0x00010d0f      0x766 timer.o
 .debug_info    0x00011475      0x31e time.o
 .debug_info    0x00011793      0x142 div64.o
 .debug_info    0x000118d5      0xacd string.o
 .debug_info    0x000123a2     0x15a9 vsprintf.o
 .debug_info    0x0001394b      0x943 stdio.o
 .debug_info    0x0001428e     0x1218 console.o
 .debug_info    0x000154a6      0x448 reset.o
 .debug_info    0x000158ee      0x94d interrupts.o
 .debug_info    0x0001623b      0x331 nuc970_reset.o
 .debug_info    0x0001656c       0x52 ctype.o
 .debug_info    0x000165be      0xb8d mtdcore.o
 .debug_info    0x0001714b     0x19d8 mtdpart.o

.debug_abbrev   0x00000000     0x44d4
 .debug_abbrev  0x00000000       0x14 start.o
 .debug_abbrev  0x00000014      0x2e8 nand_boot.o
 .debug_abbrev  0x000002fc       0x14 lowlevel_init.o
 .debug_abbrev  0x00000310       0x14 divlib.o
 .debug_abbrev  0x00000324       0x14 _lshrdi3.o
 .debug_abbrev  0x00000338       0x14 _ashldi3.o
 .debug_abbrev  0x0000034c       0x14 _ashrdi3.o
 .debug_abbrev  0x00000360      0x1ec nand_ecc.o
 .debug_abbrev  0x0000054c      0x4fb nuc970_nand.o
 .debug_abbrev  0x00000a47      0x1c4 nuc970_nand_spl.o
 .debug_abbrev  0x00000c0b      0x319 nand.o
 .debug_abbrev  0x00000f24      0x568 nand_bbt.o
 .debug_abbrev  0x0000148c      0x11a nand_ids.o
 .debug_abbrev  0x000015a6      0x62b nand_base.o
 .debug_abbrev  0x00001bd1      0x27e serial_nuc970.o
 .debug_abbrev  0x00001e4f      0x398 serial.o
 .debug_abbrev  0x000021e7      0x2cc nuc970_sysprintf.o
 .debug_abbrev  0x000024b3      0x20a nuc970_wdt.o
 .debug_abbrev  0x000026bd      0x28a timer.o
 .debug_abbrev  0x00002947      0x155 time.o
 .debug_abbrev  0x00002a9c       0xa7 div64.o
 .debug_abbrev  0x00002b43      0x225 string.o
 .debug_abbrev  0x00002d68      0x4a9 vsprintf.o
 .debug_abbrev  0x00003211      0x2a4 stdio.o
 .debug_abbrev  0x000034b5      0x4b5 console.o
 .debug_abbrev  0x0000396a      0x180 reset.o
 .debug_abbrev  0x00003aea      0x1f2 interrupts.o
 .debug_abbrev  0x00003cdc      0x14e nuc970_reset.o
 .debug_abbrev  0x00003e2a       0x45 ctype.o
 .debug_abbrev  0x00003e6f      0x232 mtdcore.o
 .debug_abbrev  0x000040a1      0x433 mtdpart.o

.debug_aranges  0x00000000      0xa98
 .debug_aranges
                0x00000000       0x20 start.o
 .debug_aranges
                0x00000020       0x20 nand_boot.o
 .debug_aranges
                0x00000040       0x20 lowlevel_init.o
 .debug_aranges
                0x00000060       0x20 divlib.o
 .debug_aranges
                0x00000080       0x20 _lshrdi3.o
 .debug_aranges
                0x000000a0       0x20 _ashldi3.o
 .debug_aranges
                0x000000c0       0x20 _ashrdi3.o
 .debug_aranges
                0x000000e0       0x20 nand_ecc.o
 .debug_aranges
                0x00000100       0x98 nuc970_nand.o
 .debug_aranges
                0x00000198       0x20 nuc970_nand_spl.o
 .debug_aranges
                0x000001b8       0x28 nand.o
 .debug_aranges
                0x000001e0       0x88 nand_bbt.o
 .debug_aranges
                0x00000268       0x18 nand_ids.o
 .debug_aranges
                0x00000280      0x1e0 nand_base.o
 .debug_aranges
                0x00000460       0x58 serial_nuc970.o
 .debug_aranges
                0x000004b8       0x90 serial.o
 .debug_aranges
                0x00000548       0x38 nuc970_sysprintf.o
 .debug_aranges
                0x00000580       0x30 nuc970_wdt.o
 .debug_aranges
                0x000005b0       0x40 timer.o
 .debug_aranges
                0x000005f0       0x28 time.o
 .debug_aranges
                0x00000618       0x20 div64.o
 .debug_aranges
                0x00000638       0xe8 string.o
 .debug_aranges
                0x00000720       0x98 vsprintf.o
 .debug_aranges
                0x000007b8       0x40 stdio.o
 .debug_aranges
                0x000007f8       0xd8 console.o
 .debug_aranges
                0x000008d0       0x20 reset.o
 .debug_aranges
                0x000008f0       0x78 interrupts.o
 .debug_aranges
                0x00000968       0x20 nuc970_reset.o
 .debug_aranges
                0x00000988       0x18 ctype.o
 .debug_aranges
                0x000009a0       0x40 mtdcore.o
 .debug_aranges
                0x000009e0       0xb8 mtdpart.o

.debug_loc      0x00000000     0xc83e
 .debug_loc     0x00000000      0x231 nand_boot.o
 .debug_loc     0x00000231      0x3b6 nand_ecc.o
 .debug_loc     0x000005e7     0x1268 nuc970_nand.o
 .debug_loc     0x0000184f       0x7a nuc970_nand_spl.o
 .debug_loc     0x000018c9       0x72 nand.o
 .debug_loc     0x0000193b     0x1fcb nand_bbt.o
 .debug_loc     0x00003906     0x3c5a nand_base.o
 .debug_loc     0x00007560       0x43 serial_nuc970.o
 .debug_loc     0x000075a3      0x381 serial.o
 .debug_loc     0x00007924      0x5bd nuc970_sysprintf.o
 .debug_loc     0x00007ee1      0x134 nuc970_wdt.o
 .debug_loc     0x00008015      0x189 timer.o
 .debug_loc     0x0000819e       0x71 time.o
 .debug_loc     0x0000820f      0x128 div64.o
 .debug_loc     0x00008337     0x10a6 string.o
 .debug_loc     0x000093dd     0x1ca1 vsprintf.o
 .debug_loc     0x0000b07e       0xda stdio.o
 .debug_loc     0x0000b158      0x523 console.o
 .debug_loc     0x0000b67b       0x84 reset.o
 .debug_loc     0x0000b6ff      0x118 interrupts.o
 .debug_loc     0x0000b817       0x5f nuc970_reset.o
 .debug_loc     0x0000b876      0x218 mtdcore.o
 .debug_loc     0x0000ba8e      0xdb0 mtdpart.o

.debug_ranges   0x00000000     0x12a0
 .debug_ranges  0x00000000       0x28 nand_boot.o
 .debug_ranges  0x00000028       0x10 nand_ecc.o
 .debug_ranges  0x00000038      0x2c8 nuc970_nand.o
 .debug_ranges  0x00000300       0x10 nuc970_nand_spl.o
 .debug_ranges  0x00000310       0x18 nand.o
 .debug_ranges  0x00000328      0x208 nand_bbt.o
 .debug_ranges  0x00000530      0x428 nand_base.o
 .debug_ranges  0x00000958       0x48 serial_nuc970.o
 .debug_ranges  0x000009a0       0x98 serial.o
 .debug_ranges  0x00000a38       0x80 nuc970_sysprintf.o
 .debug_ranges  0x00000ab8       0x68 nuc970_wdt.o
 .debug_ranges  0x00000b20       0xa0 timer.o
 .debug_ranges  0x00000bc0       0x18 time.o
 .debug_ranges  0x00000bd8       0x10 div64.o
 .debug_ranges  0x00000be8      0x110 string.o
 .debug_ranges  0x00000cf8      0x150 vsprintf.o
 .debug_ranges  0x00000e48       0x88 stdio.o
 .debug_ranges  0x00000ed0       0xe0 console.o
 .debug_ranges  0x00000fb0       0x10 reset.o
 .debug_ranges  0x00000fc0       0x68 interrupts.o
 .debug_ranges  0x00001028       0x70 nuc970_reset.o
 .debug_ranges  0x00001098       0x30 mtdcore.o
 .debug_ranges  0x000010c8      0x1d8 mtdpart.o

.debug_str      0x00000000     0x24ad
 .debug_str     0x00000000      0x79d nand_boot.o
                                0xa42 (size before relaxing)
 .debug_str     0x0000079d       0x37 nand_ecc.o
                                0x695 (size before relaxing)
 .debug_str     0x000007d4      0x32b nuc970_nand.o
                                0xd04 (size before relaxing)
 .debug_str     0x00000aff       0x54 nuc970_nand_spl.o
                                0x33d (size before relaxing)
 .debug_str     0x00000b53      0x192 nand.o
                                0xb7b (size before relaxing)
 .debug_str     0x00000ce5      0x344 nand_bbt.o
                                0xd21 (size before relaxing)
 .debug_str     0x00001029       0x3c nand_ids.o
                                0x344 (size before relaxing)
 .debug_str     0x00001065      0x6b8 nand_base.o
                               0x1228 (size before relaxing)
 .debug_str     0x0000171d       0xef serial_nuc970.o
                                0x549 (size before relaxing)
 .debug_str     0x0000180c      0x133 serial.o
                                0x64c (size before relaxing)
 .debug_str     0x0000193f       0xd2 nuc970_sysprintf.o
                                0x3fe (size before relaxing)
 .debug_str     0x00001a11       0x59 nuc970_wdt.o
                                0x357 (size before relaxing)
 .debug_str     0x00001a6a       0x6c timer.o
                                0x4b1 (size before relaxing)
 .debug_str     0x00001ad6       0x13 time.o
                                0x30f (size before relaxing)
 .debug_str     0x00001ae9       0x13 div64.o
                                0x1f0 (size before relaxing)
 .debug_str     0x00001afc       0xcb string.o
                                0x2e4 (size before relaxing)
 .debug_str     0x00001bc7      0x1c8 vsprintf.o
                                0x5b1 (size before relaxing)
 .debug_str     0x00001d8f       0x9c stdio.o
                                0x54f (size before relaxing)
 .debug_str     0x00001e2b      0x304 console.o
                                0x89b (size before relaxing)
 .debug_str     0x0000212f       0x2d reset.o
                                0x35f (size before relaxing)
 .debug_str     0x0000215c       0xdb interrupts.o
                                0x51a (size before relaxing)
 .debug_str     0x00002237       0x17 nuc970_reset.o
                                0x2f6 (size before relaxing)
 .debug_str     0x0000224e        0x8 ctype.o
                                0x13b (size before relaxing)
 .debug_str     0x00002256       0x5e mtdcore.o
                                0x6bc (size before relaxing)
 .debug_str     0x000022b4      0x1f9 mtdpart.o
                                0x932 (size before relaxing)

.debug_frame    0x00000000     0x1b20
 .debug_frame   0x00000000       0x2c nand_boot.o
 .debug_frame   0x0000002c       0x2c nand_ecc.o
 .debug_frame   0x00000058      0x188 nuc970_nand.o
 .debug_frame   0x000001e0       0x28 nuc970_nand_spl.o
 .debug_frame   0x00000208       0x48 nand.o
 .debug_frame   0x00000250      0x210 nand_bbt.o
 .debug_frame   0x00000460      0x724 nand_base.o
 .debug_frame   0x00000b84       0x98 serial_nuc970.o
 .debug_frame   0x00000c1c      0x178 serial.o
 .debug_frame   0x00000d94       0x7c nuc970_sysprintf.o
 .debug_frame   0x00000e10       0x50 nuc970_wdt.o
 .debug_frame   0x00000e60       0x90 timer.o
 .debug_frame   0x00000ef0       0x44 time.o
 .debug_frame   0x00000f34       0x38 div64.o
 .debug_frame   0x00000f6c      0x248 string.o
 .debug_frame   0x000011b4      0x204 vsprintf.o
 .debug_frame   0x000013b8       0x8c stdio.o
 .debug_frame   0x00001444      0x264 console.o
 .debug_frame   0x000016a8       0x28 reset.o
 .debug_frame   0x000016d0      0x120 interrupts.o
 .debug_frame   0x000017f0       0x20 nuc970_reset.o
 .debug_frame   0x00001810       0x7c mtdcore.o
 .debug_frame   0x0000188c      0x294 mtdpart.o
