00e00000 T __image_copy_start
00e00000 T _start
00e00020 t _undefined_instruction
00e00024 t _software_interrupt
00e00028 t _prefetch_abort
00e0002c t _data_abort
00e00030 t _not_used
00e00034 t _irq
00e00038 t _fiq
00e00040 T _TEXT_BASE
00e00044 T _bss_start_ofs
00e00048 T _bss_end_ofs
00e0004c T _end_ofs
00e00050 T IRQ_STACK_START_IN
00e00054 t reset
00e0006c T relocate_code
00e00098 t copy_loop
00e000c8 t fixloop
00e000ec t fixabs
00e00100 t fixrel
00e00108 t fixnext
00e00118 t relocate_done
00e0011c t _rel_dyn_start_ofs
00e00120 t _rel_dyn_end_ofs
00e00124 t _dynsym_start_ofs
00e00128 T c_runtime_cpu_setup
00e0012c t cpu_init_crit
00e00130 t flush_dcache
00e00180 t undefined_instruction
00e001e0 t software_interrupt
00e00240 t prefetch_abort
00e002a0 t data_abort
00e00300 t not_used
00e00360 t irq
00e003c0 t fiq
00e00420 T cleanup_before_linux
00e00444 T invalidate_dcache_all
00e00448 T flush_dcache_all
00e0044c T invalidate_dcache_range
00e00450 T flush_dcache_range
00e00454 T flush_cache
00e00458 T __l2_cache_disable
00e00458 W l2_cache_disable
00e0045c T lowlevel_init
00e00488 T print_cpuinfo
00e00550 T arch_cpu_init
00e00558 T reset_cpu
00e00590 T _main
00e005d8 t here
00e005e8 t clbss_l
00e0061c T __arch_cpu_init
00e00624 t mark_bootstage
00e0062c t display_banner
00e0064c t init_baudrate
00e00678 T __coloured_LED_init
00e00678 W coloured_LED_init
00e0067c T __red_led_on
00e0067c W red_led_on
00e00680 T __red_led_off
00e00680 W red_led_off
00e00684 T __green_led_on
00e00684 W green_led_on
00e00688 T __green_led_off
00e00688 W green_led_off
00e0068c T __yellow_led_on
00e0068c W yellow_led_on
00e00690 T __yellow_led_off
00e00690 W yellow_led_off
00e00694 T __blue_led_on
00e00694 W blue_led_on
00e00698 T __blue_led_off
00e00698 W blue_led_off
00e0069c T __dram_init_banksize
00e006b8 T __power_init_board
00e006b8 W power_init_board
00e006c0 T board_init_r
00e00784 T hang
00e00798 T board_init_f
00e008b8 t boot_jump_linux.isra.5
00e00930 T arch_lmb_reserve
00e00954 W setup_board_tags
00e00958 t boot_prep_linux
00e00ac4 T do_bootm_linux
00e00b20 T interrupt_init
00e00b3c T enable_interrupts
00e00b40 T disable_interrupts
00e00b48 T bad_mode
00e00b58 T show_regs
00e00c94 T do_undefined_instruction
00e00cb4 T do_software_interrupt
00e00cd4 T do_prefetch_abort
00e00cf4 T do_data_abort
00e00d14 T do_not_used
00e00d34 T do_fiq
00e00d54 T do_irq
00e00d74 T do_reset
00e00da4 T __flush_cache
00e00da8 T __flush_dcache_all
00e00db4 T __enable_caches
00e00dc0 t cp_delay
00e00df0 T __arm_init_before_mmu
00e00df0 W arm_init_before_mmu
00e00df4 W arm_init_domains
00e00df8 T set_section_dcache
00e00e0c T __mmu_page_table_flush
00e00e0c W mmu_page_table_flush
00e00e10 T mmu_set_region_dcache_behaviour
00e00e60 W dram_bank_mmu_setup
00e00ea0 T icache_enable
00e00eb8 T icache_disable
00e00ed4 T icache_status
00e00ee4 T dcache_enable
00e00ee8 T dcache_disable
00e00eec T dcache_status
00e00ef4 t print_num
00e00f0c T do_bdinfo
00e010a4 W do_go_exec
00e010bc t do_go
00e01130 t image_info
00e01214 T do_bootd
00e01238 t do_bootm_plan9
00e0126c t do_bootm_rtems
00e012a4 t do_bootm_netbsd
00e013d0 t do_iminfo
00e01430 t bootm_load_os.isra.15
00e015fc t bootm_start.isra.13
00e01a0c W arch_preboot_os
00e01a0c t __arch_preboot_os
00e01a10 T do_bootm
00e01e94 T bootm_maybe_autostart
00e01f0c t do_coninfo
00e01fc8 T common_diskboot
00e02214 t do_echo
00e022c4 t do_exit
00e022f4 T do_fat_fsload
00e02310 t do_fat_ls
00e02328 t do_fat_fsinfo
00e023b8 t do_help
00e02400 t evalexp
00e02474 t binary_test
00e02658 t do_itest
00e026f0 t bin_data_init
00e0270c t k_data_save
00e02730 t k_data_restore
00e02754 t load_serial_ymodem
00e02824 t getcxmodem
00e02844 t bin_data_char
00e02868 t chk1.constprop.1
00e02894 t s1_sendpacket.constprop.2
00e028e0 t do_load_serial_bin
00e02f9c t do_mem_mw
00e0305c t do_mem_loop
00e03160 t do_mem_md
00e03234 t do_mem_base
00e03274 t do_mem_cp
00e03354 t do_mem_cmp
00e034b8 t do_mem_crc
00e03504 t do_mem_mtest
00e036f8 t mod_mem.isra.2
00e03850 t do_mem_mm
00e03858 t do_mem_nm
00e03860 t do_sleep
00e038d0 t do_timer
00e0397c t do_mmcops
00e03df8 t do_mmcinfo
00e03f88 t memsize_parse
00e03ff0 t part_delall
00e04034 t mtd_part_info
00e040cc t memsize_format
00e04120 t index_partitions
00e041cc t current_save
00e04280 t part_sort_add
00e0438c t device_del
00e043fc t generate_mtdparts_save.constprop.8
00e046e4 t device_delall.constprop.10
00e04748 t mtd_devices_init
00e0476c t get_mtd_info.constprop.11
00e047e8 t part_validate
00e04a38 T device_find
00e04a84 t device_parse
00e04f50 T mtd_id_parse
00e05060 T find_dev_and_part
00e0521c T mtdparts_init
00e05820 t do_chpart
00e058ec t do_mtdparts
00e05e74 t set_dev
00e05ee4 t nand_print_and_set_info
00e05fa0 t arg_off
00e060ac t arg_off_size
00e061f8 t do_nand
00e06d2c t nand_load_image
00e06ee4 t do_nandboot
00e07138 t netboot_common
00e073ac t do_bootp
00e073b8 T do_tftpb
00e073c4 t do_dhcp
00e073d0 t do_nfs
00e073dc t do_ping
00e07450 t do_env_delete
00e074f4 t do_env_save
00e07520 t do_env
00e0757c t env_print
00e07630 t do_env_print
00e076f8 t do_env_import
00e07940 t do_env_default
00e079f8 t _do_env_set.isra.0
00e07bbc t do_env_set
00e07bd8 T get_env_id
00e07be8 T setenv
00e07c30 T setenv_ulong
00e07c50 T setenv_hex
00e07c84 t do_env_export
00e07efc T envmatch
00e07f6c T getenv_f
00e08034 T getenv
00e080b4 T getenv_ulong
00e080e4 t do_env_edit
00e08158 t bytes_per_second
00e081a8 t do_spi_flash
00e08818 T do_spi
00e08a48 t do_false
00e08a50 t do_true
00e08a58 t do_test
00e08ebc t ubi_find_volume
00e08f2c t do_ubi
00e09cc0 T do_ubifs_mount
00e09d14 T do_ubifs_ls
00e09d78 T do_ubifs_load
00e09e40 T ubifs_is_mounted
00e09e50 T cmd_ubifs_umount
00e09ea4 T do_ubifs_umount
00e09ee8 t usb_get_class_desc
00e09fa4 t usb_display_class_sub
00e0a124 t usb_show_tree_graph
00e0a34c t usb_display_string
00e0a390 t usb_display_config
00e0a5a4 t do_usbboot
00e0a5b0 t usb_display_desc.part.1
00e0a6e0 t do_usb
00e0ac70 t do_version
00e0aca8 t do_imgextract
00e0af6c T find_cmd_tbl
00e0b010 T find_cmd
00e0b038 T cmd_usage
00e0b094 T _do_help
00e0b218 T var_complete
00e0b298 T cmd_auto_complete
00e0b714 T cmd_get_data_size
00e0b770 T cmd_process
00e0b858 t console_setfile
00e0b8f8 T serial_printf
00e0b938 T fgetc
00e0b964 T ftstc
00e0b990 T fputc
00e0b9b8 T fputs
00e0b9e0 T fprintf
00e0ba28 T getc
00e0ba4c T tstc
00e0ba70 T putc
00e0ba98 T puts
00e0bad4 T printf
00e0bb20 T vprintf
00e0bb60 T ctrlc
00e0bbb0 T disable_ctrlc
00e0bbc8 T had_ctrlc
00e0bbd8 T clear_ctrlc
00e0bbec T dbg
00e0bbf8 T search_device
00e0bc20 T console_assign
00e0bc64 t on_console
00e0bd1c T console_init_f
00e0bd2c T stdio_print_current_devices
00e0bddc T console_init_r
00e0beb0 T sbrk
00e0bf14 T mem_malloc_init
00e0bf38 T malloc_trim
00e0bffc T free
00e0c228 T malloc
00e0c7e8 T calloc
00e0c8c4 T realloc
00e0cd84 T memalign
00e0ce90 T valloc
00e0ce9c T pvalloc
00e0ceb4 T cfree
00e0ceb8 T malloc_usable_size
00e0cef4 T mallopt
00e0cf60 T env_attr_walk
00e0d070 T env_attr_lookup
00e0d1f4 t clear_callback
00e0d204 t find_env_callback
00e0d268 t on_callbacks
00e0d2b0 t set_callback
00e0d344 T env_callback_init
00e0d3e4 W env_get_char_spec
00e0d3e4 t __env_get_char_spec
00e0d3f0 T env_get_addr
00e0d410 T env_get_char_memory
00e0d420 T env_get_char
00e0d450 T getenv_yesno
00e0d498 T getenv_default
00e0d4c8 T set_default_env
00e0d584 T set_default_vars
00e0d5b8 T env_import
00e0d698 T env_relocate
00e0d6c8 T env_complete
00e0d7a4 t skip_num
00e0d818 t clear_flags
00e0d828 t on_flags
00e0d870 T env_flags_parse_vartype
00e0d8c0 T env_flags_parse_varaccess
00e0d918 t set_flags
00e0d9c8 T env_flags_parse_varaccess_from_binflags
00e0d9f0 T env_flags_init
00e0daa0 T env_flags_validate
00e0dda8 T env_init
00e0ddc4 T writeenv
00e0de88 T saveenv
00e0dfb4 T readenv
00e0e074 T env_relocate_spec
00e0e0b0 t dummy
00e0e0b4 T get_version
00e0e0bc T jumptable_init
00e0e27c T hash_command
00e0e31c t b_reset
00e0e338 t static_get
00e0e354 t static_peek
00e0e360 t file_peek
00e0e36c t mapset
00e0e38c t syntax_err
00e0e398 t free_pipe_list
00e0e480 t xmalloc
00e0e4a0 t new_pipe
00e0e4c8 t xrealloc
00e0e4e8 t done_command
00e0e570 t done_pipe
00e0e5b8 t done_word
00e0e860 t do_showvar
00e0e950 t is_assignment
00e0e9a4 t file_get
00e0eb64 t b_addchr
00e0ebdc t b_addqchr
00e0ec2c T get_local_var
00e0ecb0 T set_local_var
00e0ee58 t insert_var_value_sub
00e0f100 T unset_local_var
00e0f19c T parse_string_outer
00e0f280 t run_list_real
00e0fa18 t parse_stream_outer
00e100ac T parse_file_outer
00e100f0 T u_boot_hush_start
00e10144 t on_loadaddr
00e1017c T image_check_hcrc
00e101dc T image_check_dcrc
00e1023c T image_multi_count
00e10258 T image_multi_getimg
00e10304 T getenv_bootm_low
00e1032c T getenv_bootm_size
00e10388 T getenv_bootm_mapsize
00e103b8 T memmove_wd
00e10410 T genimg_print_size
00e10440 T get_table_entry_name
00e1046c T genimg_get_os_name
00e10484 T genimg_get_arch_name
00e1049c T genimg_get_type_name
00e104b4 T genimg_get_comp_name
00e104cc T image_print_contents
00e10674 T get_table_entry_id
00e106c4 T genimg_get_os_id
00e106dc T genimg_get_arch_id
00e106f4 T genimg_get_type_id
00e1070c T genimg_get_comp_id
00e10724 T genimg_get_encrypt_id
00e1073c T genimg_get_checksum_id
00e10754 T genimg_get_format
00e10788 T genimg_get_image
00e1078c T genimg_has_config
00e10794 T boot_get_ramdisk
00e109ec T boot_ramdisk_high
00e10b14 t delete_char.part.1
00e10be4 t cread_add_char
00e10ccc T __show_boot_progress
00e10ccc W show_boot_progress
00e10cd0 T readline_into_buffer
00e11668 T readline
00e11684 T parse_line
00e1170c T run_command
00e11714 T run_command_list
00e11770 T main_loop
00e1187c T do_run
00e118f0 T get_ram_size
00e119ec t hex1_bin
00e11a2c t hex2_bin
00e11a64 T srec_decode
00e11cbc T stdio_get_list
00e11cc8 T stdio_get_by_name
00e11d14 T stdio_clone
00e11d54 T stdio_register
00e11d90 T stdio_init
00e11e1c t usb_set_maxpacket_ep
00e11e8c T usb_stop
00e11ee0 T usb_disable_asynch
00e11f00 T usb_submit_int_msg
00e11f04 T usb_control_msg
00e11fc4 t usb_get_descriptor
00e12020 t usb_get_string
00e1208c t usb_string_sub
00e1219c T usb_bulk_msg
00e12208 T usb_maxpacket
00e12224 T usb_clear_halt
00e122b8 T usb_get_configuration_no
00e1235c T usb_set_interface
00e12414 T usb_set_protocol
00e12468 T usb_set_idle
00e124c0 T usb_get_report
00e12528 T usb_get_class_descriptor
00e12590 T usb_string
00e12694 T usb_get_dev_index
00e126c0 T usb_alloc_new_device
00e12750 T usb_free_device
00e1279c T usb_new_device
00e12c4c T usb_init
00e12d54 t usb_set_port_feature
00e12da8 t usb_hub_power_on
00e12df4 t usb_get_port_status
00e12e44 t usb_clear_port_feature
00e12e98 t usb_get_hub_descriptor
00e12eec T usb_hub_reset
00e12f00 T hub_port_reset
00e12fac T usb_hub_port_connect_change
00e130bc t usb_hub_configure
00e1336c T usb_hub_probe
00e133c4 t usb_stor_irq
00e133e0 t usb_stor_BBB_reset
00e134b4 t usb_stor_CB_reset
00e13584 t usb_stor_BBB_clear_endpt_stall.isra.2
00e135c4 t usb_stor_BBB_transport
00e13820 t usb_stor_CB_comdat
00e13a14 t usb_stor_CBI_get_status.isra.4
00e13adc t usb_stor_CB_transport
00e13cfc t usb_request_sense.constprop.9
00e13d70 T usb_stor_write
00e13f30 T usb_stor_read
00e140f0 T usb_stor_get_dev
00e14114 T usb_stor_info
00e14180 T usb_storage_probe
00e14384 T usb_stor_get_info
00e14650 T usb_stor_scan
00e14838 t CYGACC_COMM_IF_GETC_TIMEOUT.isra.0
00e14884 t xyzModem_flush
00e148a0 t xyzModem_get_hdr
00e14ad4 T xyzModem_stream_open
00e14d1c T xyzModem_stream_read
00e14f68 T xyzModem_stream_close
00e14fbc T xyzModem_stream_terminate
00e15050 T xyzModem_error
00e15070 T get_dev
00e150d0 T dev_print
00e152f0 T init_part
00e15310 T print_part
00e153f8 T get_partition_info
00e15420 T get_device
00e154a4 T get_device_and_partition
00e157f0 t test_block_type
00e1585c t print_partition_extended
00e15ab8 t get_partition_info_extended.constprop.2
00e15d6c T test_part_dos
00e15dcc T print_part_dos
00e15e00 T get_partition_info_dos
00e15e20 T gpio_set_value
00e15e94 T gpio_get_value
00e15ef4 T gpio_direction_input
00e15f2c T gpio_direction_output
00e15f6c T gpio_request
00e15fd8 T gpio_free
00e15fe0 T input_tstc
00e16028 T input_getc
00e16080 T input_send_keycodes
00e16430 T input_add_table
00e16468 T input_set_delays
00e16474 T input_init
00e16510 T input_stdio_register
00e16560 t mmc_set_ios
00e16570 t mmc_send_cmd
00e165ac t mmc_send_ext_csd
00e165f8 t mmc_go_idle
00e16644 t mmc_send_status.constprop.5
00e16710 t mmc_switch.isra.1
00e16760 W board_mmc_getwp
00e16768 T mmc_getwp
00e1679c T __board_mmc_getcd
00e167a4 T find_mmc_device
00e167f0 t mmc_berase
00e1697c t mmc_bwrite
00e16af8 t mmc_bread
00e16c58 T mmc_switch_part
00e16c90 T mmc_getcd
00e16cc4 T mmc_set_clock
00e16ce4 t mmc_startup
00e176a0 T mmc_register
00e17728 T mmc_init
00e17a70 T mmc_get_dev
00e17a9c W cpu_mmc_init
00e17a9c t __def_mmc_init
00e17aa4 T print_mmc_devices
00e17b0c T get_mmc_num
00e17b1c T mmc_initialize
00e17b68 t _nuc970_emmc_init
00e17bc4 T nuc970_sd_set_ios
00e17cb8 T nuc970_emmc_set_ios
00e17dac t _nuc970_sd_init
00e17e58 T nuc970_sd_check_ready_busy
00e17ea4 T nuc970_sd_send_cmd
00e18190 T nuc970_emmc_check_ready_busy
00e181dc T nuc970_emmc_send_cmd
00e184b0 T board_mmc_getcd
00e18534 T nuc970_mmc_init
00e18610 T add_mtd_device
00e1867c T del_mtd_device
00e186d0 T get_mtd_device
00e1874c T get_mtd_device_nm
00e187b8 T put_mtd_device
00e187e4 t part_read_user_prot_reg
00e18814 t part_get_user_prot_info
00e18828 t part_read_fact_prot_reg
00e18858 t part_get_fact_prot_info
00e1886c t part_write
00e188ec t part_panic_write
00e1896c t part_write_oob
00e189ec t part_write_user_prot_reg
00e18a1c t part_lock_user_prot_reg
00e18a3c t part_erase
00e18ad8 t part_lock
00e18b28 t part_unlock
00e18b78 t part_sync
00e18b8c t part_block_isbad
00e18bc8 t part_block_markbad
00e18c28 t part_read_oob
00e18cc0 t part_read
00e18d7c T mtd_erase_callback
00e18de4 T del_mtd_partitions
00e18e70 T add_mtd_partitions
00e194b8 T nand_register
00e1953c T nand_init
00e1959c t scan_read_raw_oob
00e19664 t scan_read_raw
00e196c0 t read_bbt
00e198ec t read_abs_bbt
00e199b8 t verify_bbt_descr
00e19b14 t check_pattern
00e19c50 t create_bbt
00e19f84 t write_bbt
00e1a61c t search_bbt
00e1a7e0 T nand_update_bbt
00e1a92c t mark_bbt_region
00e1aab4 T nand_scan_bbt
00e1af78 T nand_default_bbt
00e1b070 T nand_isbad_bbt
00e1b0c4 t check_skip_len
00e1b154 T nand_erase_opts
00e1b4c0 T nand_write_skip_bad
00e1b6a4 T nand_read_skip_bad
00e1b894 T nand_calculate_ecc
00e1b984 T nand_correct_data
00e1baa8 t nand_release_device
00e1bac0 T nand_read_byte
00e1bad4 t nand_read_byte16
00e1bae8 t nand_read_word
00e1baf8 T nand_write_buf
00e1bb24 T nand_read_buf
00e1bb50 t nand_verify_buf
00e1bb94 T nand_write_buf16
00e1bbc8 T nand_read_buf16
00e1bbfc t nand_verify_buf16
00e1bc44 t nand_check_wp
00e1bc94 t nand_read_page_raw
00e1bccc t nand_read_page_raw_syndrome
00e1bda0 t nand_read_page_swecc
00e1beb8 t nand_read_subpage
00e1c124 t nand_read_page_hwecc
00e1c268 t nand_read_page_hwecc_oob_first
00e1c3a0 t nand_read_page_syndrome
00e1c4c4 t nand_read_oob_std
00e1c50c t nand_read_oob_syndrome
00e1c614 t nand_write_oob_std
00e1c684 t nand_write_oob_syndrome
00e1c828 t nand_write_page_raw
00e1c85c t nand_write_page_raw_syndrome
00e1c92c t nand_write_page_swecc
00e1c9e0 t nand_write_page_hwecc
00e1caac t nand_write_page_syndrome
00e1cb9c t single_erase_cmd
00e1cbd8 t multi_erase_cmd
00e1cc60 t nand_sync
00e1cc70 t nand_wait
00e1cd40 t nand_block_checkbad
00e1cdc0 t nand_block_isbad
00e1cdf4 t nand_block_markbad
00e1ce34 t nand_block_bad
00e1cf84 t nand_write_page
00e1d030 t generic_ffs
00e1d07c t nand_fill_oob
00e1d188 t nand_do_write_oob
00e1d330 t nand_default_block_markbad
00e1d4a8 t nand_do_write_ops
00e1d7dc t nand_write_oob
00e1d874 t nand_write
00e1d8fc t nand_select_chip
00e1d950 t nand_transfer_oob
00e1da5c T nand_wait_ready
00e1daa8 t nand_command
00e1dc74 t nand_command_lp
00e1decc t nand_do_read_ops
00e1e284 t nand_read_oob
00e1e510 t nand_read
00e1e598 T nand_erase_nand
00e1e93c t nand_erase
00e1e944 T nand_scan_ident
00e1f0dc T nand_scan_tail
00e1f698 T nand_scan
00e1f6bc T nand_release
00e1f704 t nuc970_hwcontrol
00e1f754 t nuc970_nand_select_chip
00e1f770 t nuc970_dev_ready
00e1f788 t nuc970_nand_read_byte
00e1f79c t nuc970_nand_write_buf
00e1f7c4 t nuc970_nand_read_buf
00e1f7ec T nuc970_nand_enable_hwecc
00e1f7f0 t nuc970_nand_calculate_ecc
00e1f7f8 t nuc970_nand_correct_data
00e1f800 t nuc970_nand_write_page_hwecc
00e1f9b0 t nuc970_nand_command_lp
00e1fb6c t nuc970_nand_read_oob_hwecc
00e1fbc0 T fmiSM_CorrectData_BCH
00e1fe84 T fmiSMCorrectData
00e1ff5c t nuc970_nand_read_page_hwecc_oob_first
00e2015c T board_nand_init
00e20468 t spi_flash_read_write
00e204ec T spi_flash_cmd_read
00e2050c T spi_flash_cmd
00e20538 T spi_flash_cmd_write
00e20558 T spi_flash_read_common
00e205a8 T spi_flash_cmd_read_fast
00e20648 T spi_flash_cmd_read_quad
00e20734 T spi_flash_cmd_poll_bit
00e20800 T spi_flash_cmd_wait_ready
00e2080c T spi_flash_cmd_write_multi
00e20960 T spi_flash_cmd_write_quad
00e20aac T spi_flash_cmd_erase
00e20bd4 T spi_flash_cmd_write_status
00e20c3c T spi_flash_en_quad_mode
00e20d34 T spi_flash_probe
00e20eb0 T spi_flash_disable_quad_mode
00e20fec T spi_flash_reset
00e21098 T spi_flash_do_alloc
00e2113c T spi_flash_free
00e21158 t eon_set_4byte_mode
00e2116c T spi_flash_probe_eon
00e211f0 t macronix_set_4byte_mode
00e21204 T spi_flash_probe_macronix
00e212a0 t winbond_set_4byte_mode
00e212b4 T spi_flash_probe_winbond
00e21340 t kill_volumes
00e21380 T ubi_get_device
00e213a0 T ubi_put_device
00e213b0 T ubi_get_by_major
00e21400 T ubi_major2num
00e21444 T ubi_attach_mtd_dev
00e21b70 T ubi_detach_mtd_dev
00e21c3c T ubi_init
00e21d90 T ubi_exit
00e21dd4 T ubi_mtd_param_parse
00e21f88 t create_vtbl
00e22284 t vtbl_check
00e22618 T ubi_change_vtbl_record
00e226fc T ubi_read_volume_table
00e22f5c t vol_release
00e22f60 T ubi_create_volume
00e23484 T ubi_remove_volume
00e235c4 T ubi_resize_volume
00e23834 T ubi_add_volume
00e23890 T ubi_free_volume
00e238a4 t clear_update_marker
00e23990 t write_leb
00e23a54 T ubi_start_update
00e23bdc T ubi_start_leb_change
00e23cbc T ubi_more_update_data
00e23f20 T ubi_more_leb_change_data
00e24048 T ubi_get_device_info
00e240a8 T ubi_get_volume_info
00e24124 T ubi_close_volume
00e2418c T ubi_open_volume
00e2432c T ubi_open_volume_nm
00e24400 T ubi_leb_read
00e2451c T ubi_leb_write
00e24604 T ubi_leb_change
00e246d8 T ubi_leb_erase
00e24758 T ubi_leb_unmap
00e247c0 T ubi_leb_map
00e24864 T ubi_is_mapped
00e248ac t ltree_lookup.isra.7
00e248e8 t ltree_add_entry
00e249c4 t leb_write_unlock
00e24a00 t leb_read_unlock
00e24a3c T ubi_eba_unmap_leb
00e24ac0 T ubi_eba_read_leb
00e24d60 T ubi_eba_write_leb
00e254d4 T ubi_eba_write_leb_st
00e259d8 T ubi_eba_atomic_leb_change
00e25e54 T ubi_eba_copy_leb
00e26274 T ubi_eba_init_scan
00e264a0 T ubi_eba_close
00e264dc t erase_callback
00e264e0 t do_sync_erase
00e265b8 T ubi_io_read
00e266ac T ubi_io_write
00e2675c T ubi_io_sync_erase
00e26930 T ubi_io_is_bad
00e26994 T ubi_io_mark_bad
00e26a1c T ubi_io_read_ec_hdr
00e26d1c T ubi_io_write_ec_hdr
00e26e2c T ubi_io_read_vid_hdr
00e27228 T ubi_io_write_vid_hdr
00e272cc t in_wl_tree
00e27328 t cancel_pending
00e2737c t do_work
00e273f4 t tree_destroy
00e27448 t find_wl_entry
00e27488 t ensure_wear_leveling
00e27550 t prot_tree_del
00e275b8 t prot_tree_add
00e2767c t wl_tree_add
00e276dc t schedule_erase
00e27748 t erase_worker
00e27ad0 t wear_leveling_worker
00e27df4 T ubi_wl_get_peb
00e27f74 T ubi_wl_put_peb
00e28090 T ubi_wl_scrub_peb
00e28188 T ubi_wl_flush
00e281d0 T ubi_thread
00e2829c T ubi_wl_init_scan
00e28574 T ubi_wl_close
00e28604 t validate_vid_hdr
00e28714 t add_to_list
00e287b8 T ubi_scan_add_used
00e29034 T ubi_scan_find_sv
00e2906c T ubi_scan_find_seb
00e290a4 T ubi_scan_rm_volume
00e2910c T ubi_scan_erase_peb
00e29210 T ubi_scan_get_free_peb
00e29308 T ubi_scan_destroy_si
00e29508 T ubi_scan
00e29b5c T crc32_le
00e29c40 T ubi_calc_data_len
00e29c6c T ubi_check_volume
00e29d1c T ubi_calculate_reserved
00e29d44 T nuc970_eth_write_hwaddr
00e29d9c T nuc970_eth_halt
00e29db8 T nuc970_eth_send
00e29e0c T nuc970_eth_recv
00e29e78 T nuc970_eth_mii_write
00e29ea0 T nuc970_eth_mii_read
00e29ed0 T nuc970_reset_phy
00e29fe8 T init_tx_desc
00e2a054 T init_rx_desc
00e2a0cc T nuc970_eth_init
00e2a110 T nuc970_eth_register
00e2a194 t get_current
00e2a1d4 W altera_jtag_serial_initialize
00e2a1d4 W altera_serial_initialize
00e2a1d4 W amirix_serial_initialize
00e2a1d4 W asc_serial_initialize
00e2a1d4 W atmel_serial_initialize
00e2a1d4 W au1x00_serial_initialize
00e2a1d4 W bfin_jtag_initialize
00e2a1d4 W bfin_serial_initialize
00e2a1d4 W bmw_serial_initialize
00e2a1d4 W clps7111_serial_initialize
00e2a1d4 W cogent_serial_initialize
00e2a1d4 W cpci750_serial_initialize
00e2a1d4 W evb64260_serial_initialize
00e2a1d4 W imx_serial_initialize
00e2a1d4 W iop480_serial_initialize
00e2a1d4 W ixp_serial_initialize
00e2a1d4 W jz_serial_initialize
00e2a1d4 W ks8695_serial_initialize
00e2a1d4 W leon2_serial_initialize
00e2a1d4 W leon3_serial_initialize
00e2a1d4 W lh7a40x_serial_initialize
00e2a1d4 W lpc32xx_serial_initialize
00e2a1d4 W marvell_serial_initialize
00e2a1d4 W max3100_serial_initialize
00e2a1d4 W mcf_serial_initialize
00e2a1d4 W ml2_serial_initialize
00e2a1d4 W mpc512x_serial_initialize
00e2a1d4 W mpc5xx_serial_initialize
00e2a1d4 W mpc8220_serial_initialize
00e2a1d4 W mpc8260_scc_serial_initialize
00e2a1d4 W mpc8260_smc_serial_initialize
00e2a1d4 W mpc85xx_serial_initialize
00e2a1d4 W mpc8xx_serial_initialize
00e2a1d4 W mxc_serial_initialize
00e2a1d4 W ns16550_serial_initialize
00e2a1d4 W nuc900_serial_initialize
00e2a1d4 W oc_serial_initialize
00e2a1d4 W p3mx_serial_initialize
00e2a1d4 W pl01x_serial_initialize
00e2a1d4 W pxa_serial_initialize
00e2a1d4 W s3c24xx_serial_initialize
00e2a1d4 W s3c44b0_serial_initialize
00e2a1d4 W s3c64xx_serial_initialize
00e2a1d4 W s5p_serial_initialize
00e2a1d4 W sa1100_serial_initialize
00e2a1d4 W sandbox_serial_initialize
00e2a1d4 W sconsole_serial_initialize
00e2a1d4 W sh_serial_initialize
00e2a1d4 W uartlite_serial_initialize
00e2a1d4 W zynq_serial_initalize
00e2a1d4 t serial_null
00e2a1d8 T serial_register
00e2a1f0 T serial_stdio_init
00e2a27c T serial_assign
00e2a2c4 T serial_initialize
00e2a3a0 T serial_reinit_all
00e2a3cc T serial_init
00e2a3e0 T serial_setbrg
00e2a3f4 t on_baudrate
00e2a4d8 T serial_getc
00e2a4ec T serial_tstc
00e2a500 T serial_putc
00e2a51c T serial_puts
00e2a538 T default_serial_puts
00e2a568 T nuc970_serial_init
00e2a5a0 T nuc970_serial_getc
00e2a5bc T nuc970_serial_tstc
00e2a5d4 T nuc970_serial_setbrg
00e2a5d8 T nuc970_serial_putc
00e2a614 T nuc970_serial_puts
00e2a634 T nuc970_serial_initialize
00e2a640 W default_serial_console
00e2a64c T spi_do_alloc_slave
00e2a690 T spi_init
00e2a694 T spi_setup_slave
00e2a6cc T spi_free_slave
00e2a6d0 T spi_release_bus
00e2a72c T spi_cs_is_valid
00e2a734 T spi_cs_activate
00e2a74c T spi_cs_deactivate
00e2a764 T spi_xfer
00e2ab90 T spi_set_speed
00e2abec T spi_claim_bus
00e2acb0 t handshake
00e2ad04 t ehci_td_buffer
00e2ad8c t ehci_submit_async
00e2b338 t disable_periodic.isra.0
00e2b380 t enable_periodic.isra.1
00e2b3d0 T __ehci_powerup_fixup
00e2b3d0 W ehci_powerup_fixup
00e2b3d8 T ehci_submit_root
00e2b8b4 T usb_lowlevel_stop
00e2b8b8 T usb_lowlevel_init
00e2bb08 T submit_bulk_msg
00e2bb30 T submit_control_msg
00e2bb98 T create_int_queue
00e2be50 T poll_int_queue
00e2be88 T destroy_int_queue
00e2bf60 T submit_int_msg
00e2c03c T ehci_hcd_init
00e2c0e8 T ehci_hcd_stop
00e2c0f0 t Unlock_RegWriteProtect
00e2c11c T hw_watchdog_reset
00e2c148 T hw_watchdog_init
00e2c1ec t downcase
00e2c21c t disk_read
00e2c26c t dirdelim
00e2c29c t get_fatent
00e2c3f4 t mkcksum
00e2c448 t get_cluster
00e2c5c0 t get_name
00e2c66c t read_bootsectandvi
00e2c790 t slot2str
00e2c850 t get_vfatname
00e2ca08 T fat_set_blk_dev
00e2cad8 T fat_register_device
00e2cb60 T do_fat_read_at
00e2d68c T do_fat_read
00e2d6b4 T file_fat_detectfs
00e2d7fc T file_fat_ls
00e2d80c T file_fat_read_at
00e2d854 T file_fat_read
00e2d868 T fat_read_file
00e2d8a4 T fat_close
00e2d8a8 T file_getfsname
00e2d8c0 T file_cd
00e2dab4 T file_detectfs
00e2daf0 T file_ls
00e2db7c T file_read
00e2dc18 t fs_probe_unsupported
00e2dc30 t fs_ls_unsupported
00e2dc38 t fs_read_unsupported
00e2dc40 t fs_close_unsupported
00e2dc44 t fs_get_info
00e2dc64 t fs_close
00e2dc8c T fs_set_blk_dev
00e2dd2c T fs_ls
00e2dd68 T fs_read
00e2dde8 T do_load
00e2dfb4 T do_ls
00e2e01c t gzip_decompress
00e2e048 t ubifs_findfile
00e2e3c0 T ubifs_decompress
00e2e488 t read_block
00e2e5cc T ubifs_compressors_init
00e2e600 T ubifs_ls
00e2eacc T ubifs_load
00e2edd4 T ubifs_ro_mode
00e2ee10 T ubifs_check_node
00e2efe0 T ubifs_pad
00e2f0d4 T ubifs_prepare_node
00e2f250 T ubifs_read_node
00e2f3a0 t sb_set
00e2f3b0 t sb_test
00e2f3c8 t free_orphans
00e2f454 T sget
00e2f4e8 T iget_locked
00e2f534 T ubifs_iput
00e2f560 T iput
00e2f5cc T ubifs_iget
00e2f9ec T ubifs_umount
00e2fa78 t ubifs_get_sb
00e306c8 T ubifs_init
00e306cc T ubifs_mount
00e30778 t key_r5_hash
00e307b8 t key_test_hash
00e307f8 T ubifs_read_sb_node
00e30860 T ubifs_read_superblock
00e30fb4 T ubifs_read_master
00e31c44 t generic_fls
00e31c98 t calc_nnode_num_from_parent.isra.1
00e31cc8 t calc_pnode_num_from_parent.isra.2
00e31cfc T ubifs_calc_lpt_geom
00e32038 T ubifs_unpack_bits
00e32178 t check_lpt_crc
00e321f8 t check_lpt_type.constprop.5
00e32240 T ubifs_add_lpt_dirt
00e32270 T ubifs_add_nnode_dirt
00e322d0 t dirty_cow_nnode
00e323cc T ubifs_unpack_nnode
00e32488 T ubifs_read_nnode
00e326ac T ubifs_get_nnode
00e326e0 T ubifs_get_pnode
00e32a60 T ubifs_lpt_lookup
00e32afc T ubifs_lpt_lookup_dirty
00e32d04 T ubifs_lpt_init
00e32ec4 T ubifs_lpt_free
00e33084 T ubifs_scan_a_node
00e331f4 T ubifs_start_scan
00e332c4 T ubifs_end_scan
00e332e0 T ubifs_add_snod
00e333bc T ubifs_scanned_corruption
00e333e8 T ubifs_scan_destroy
00e3342c T ubifs_scan
00e335e8 t get_heap_comp_val
00e33614 t move_up_lpt_heap.isra.2
00e3369c t adjust_lpt_heap.isra.3
00e33838 t remove_from_lpt_heap.isra.4
00e33898 T ubifs_add_to_cat
00e33a3c T ubifs_replace_cat
00e33aa0 T ubifs_categorize_lprops
00e33b3c T ubifs_ensure_cat
00e33b88 T ubifs_change_lp
00e33ee4 T ubifs_get_lp_stats
00e33ef8 T ubifs_change_one_lp
00e33f5c T ubifs_update_one_lp
00e33fc4 T ubifs_read_one_lp
00e33ff4 T ubifs_fast_find_free
00e3400c T ubifs_fast_find_empty
00e34028 T ubifs_fast_find_freeable
00e3403c T ubifs_fast_find_frdi_idx
00e34058 t insert_zbranch
00e34138 t insert_old_idx
00e341f8 t get_znode
00e34228 t tnc_prev
00e342c0 t tnc_next
00e3435c t fallible_read_node
00e344dc t correct_parent_keys.isra.12
00e34548 t key_in_range.isra.13
00e345a4 t lnc_free.isra.14
00e345c8 t tnc_read_node_nm
00e34644 t matches_name
00e34714 t resolve_collision
00e348dc t tnc_insert.constprop.19
00e34cf0 t fallible_matches_name
00e34dcc t fallible_resolve_collision
00e35044 t dirty_cow_znode
00e351d8 t dirty_cow_bottom_up
00e352d4 t lookup_level0_dirty
00e35494 T insert_old_idx_znode
00e354e8 t tnc_delete
00e35704 T destroy_old_idx
00e35764 T ubifs_lookup_level0
00e358c8 T ubifs_tnc_locate
00e359c0 T ubifs_tnc_get_bu_keys
00e35c04 T ubifs_tnc_bulk_read
00e35e1c T ubifs_tnc_lookup_nm
00e35ef4 T ubifs_tnc_add
00e35fb4 T ubifs_tnc_replace
00e3624c T ubifs_tnc_remove
00e3628c T ubifs_tnc_remove_nm
00e36354 T ubifs_tnc_add_nm
00e364fc T ubifs_tnc_remove_range
00e366f8 T ubifs_tnc_next_ent
00e36808 T ubifs_tnc_remove_ino
00e3694c T ubifs_tnc_levelorder_next
00e36aa8 T ubifs_search_zbranch
00e36b28 T ubifs_tnc_postorder_first
00e36b74 T ubifs_tnc_postorder_next
00e36bc0 T ubifs_load_znode
00e36eb0 T ubifs_tnc_read_node
00e36f38 T crc16
00e36f6c T ubifs_calc_min_idx_lebs
00e37010 T ubifs_reported_space
00e37088 T ubifs_search_bud
00e370bc T ubifs_add_bud
00e37168 T ubifs_clear_orphans
00e371f0 T ubifs_mount_orphans
00e375ac t is_empty
00e375dc t get_master_node
00e377d8 t add_ino
00e37870 t is_last_write
00e37900 t find_ino.isra.4
00e37928 t recover_head
00e37a4c t clean_buf.isra.6
00e37ad8 T ubifs_recover_master_node
00e37cac T ubifs_write_rcvrd_mst_node
00e37e0c T ubifs_recover_leb
00e382a4 T ubifs_recover_log_leb
00e384f4 T ubifs_recover_inl_heads
00e38530 T ubifs_clean_lebs
00e3875c T ubifs_recover_size_accum
00e38874 T ubifs_recover_size
00e389f4 t insert_node
00e38b28 T ubifs_validate_entry
00e38c54 T ubifs_replay_journal
00e39b74 T cyg_crc16
00e39bbc T crc32_no_comp
00e39c94 T crc32
00e39ca8 T crc32_wd
00e39cf8 T crc32_wd_buf
00e39d34 T crc7
00e39d58 T display_options
00e39d78 T print_size
00e39eb8 T print_buffer
00e3a074 T __div64_32
00e3a148 T gzalloc
00e3a158 T gzfree
00e3a160 T zunzip
00e3a268 T gunzip
00e3a330 t cmpkey
00e3a344 t _hdelete.isra.1
00e3a394 t drop_var_from_set.part.2
00e3a3e4 T hcreate_r
00e3a490 T hdestroy_r
00e3a504 T hstrstr_r
00e3a5b0 T hmatch_r
00e3a650 T hsearch_r
00e3aad0 T hdelete_r
00e3aba4 T hexport_r
00e3ae70 T himport_r
00e3b1a4 T hwalk_r
00e3b1fc T initcall_run_list
00e3b228 T ldiv
00e3b278 T skip_spaces
00e3b2a0 T strim
00e3b300 t lmb_add_region
00e3b4c0 T lmb_dump_all
00e3b4c4 T lmb_init
00e3b4ec T lmb_add
00e3b4f0 T lmb_free
00e3b5fc T lmb_reserve
00e3b604 T lmb_overlaps_region
00e3b65c T __lmb_alloc_base
00e3b768 T lmb_alloc_base
00e3b79c T lmb_alloc
00e3b7a4 T lmb_is_reserved
00e3b7f4 T __board_lmb_reserve
00e3b7f4 W board_lmb_reserve
00e3b7f8 T __arch_lmb_reserve
00e3b7fc T string_to_ip
00e3b874 T qsort
00e3b958 T strcmp_compar
00e3b964 t __rb_rotate_left
00e3b9d0 t __rb_rotate_right
00e3ba40 T rb_insert_color
00e3bb74 T rb_erase
00e3bec8 T rb_first
00e3bee8 T rb_last
00e3bf08 T rb_next
00e3bf68 T rb_prev
00e3bfc8 T rb_replace_node
00e3c028 T strncasecmp
00e3c0a8 T strcasecmp
00e3c0b0 T strcpy
00e3c0cc T strncpy
00e3c0f0 T strcat
00e3c120 T strncat
00e3c174 T strcmp
00e3c1a4 T strncmp
00e3c1e8 T strchr
00e3c214 T strlen
00e3c234 T strrchr
00e3c270 T strnlen
00e3c2a0 T strdup
00e3c2dc T strspn
00e3c318 T strpbrk
00e3c354 T strtok
00e3c3dc T strsep
00e3c414 T strswab
00e3c45c T memset
00e3c4bc T bcopy
00e3c4dc T memcpy
00e3c53c T memmove
00e3c590 T memcmp
00e3c5c4 T memscan
00e3c5f0 T strstr
00e3c658 T memchr
00e3c688 T strmhz
00e3c6f4 T udelay
00e3c728 T mdelay
00e3c74c t put_dec_trunc
00e3c844 t put_dec
00e3c990 t string.isra.0
00e3ca20 t number.isra.4
00e3cc78 t vsnprintf_internal.isra.6
00e3d260 T simple_strtoul
00e3d318 T strict_strtoul
00e3d394 T simple_strtol
00e3d3bc T ustrtoul
00e3d42c T simple_strtoull
00e3d508 T ustrtoull
00e3d590 T vsprintf
00e3d594 T sprintf
00e3d5bc T panic
00e3d600 T __assert_fail
00e3d614 T simple_itoa
00e3d668 T lzo1x_decompress_safe
00e3dd04 T lzop_decompress
00e3de48 T zcalloc
00e3de50 T zcfree
00e3de58 T inflate_fast
00e3e400 T inflate_table
00e3e964 T inflateReset
00e3e9e8 T inflateInit2_
00e3eaf0 T inflateInit_
00e3eb04 T inflateEnd
00e3eb74 T adler32
00e3eec8 T inflate
00e403d8 T ArpInit
00e40404 T arp_raw_request
00e404cc T ArpRequest
00e40544 T ArpTimeoutCheck
00e405b8 T ArpReceive
00e407c4 t DhcpOptionsProcess
00e409d4 t DhcpHandler
00e40e20 T BootpRequest
00e41098 t BootpTimeout
00e410e0 T DhcpRequest
00e410e4 W cpu_eth_init
00e410e4 t __def_eth_init
00e410ec t eth_current_changed
00e4114c T eth_parse_enetaddr
00e411a4 T eth_getenv_enetaddr
00e41200 T eth_setenv_enetaddr
00e41234 T eth_getenv_enetaddr_by_index
00e41284 T eth_get_dev_by_name
00e41308 T eth_get_dev_by_index
00e41350 T eth_get_dev_index
00e4136c T eth_write_hwaddr
00e41544 T eth_register
00e415b0 T eth_unregister
00e41648 T eth_initialize
00e41804 T eth_halt
00e41834 T eth_send
00e4186c T eth_rx
00e41898 T eth_try_another
00e41914 T eth_init
00e419dc T eth_set_current
00e41a70 T eth_get_name
00e41a90 t startAgainTimeout
00e41aa4 t dummy_handler
00e41aa8 t net_clear_handlers
00e41acc T net_auto_load
00e41b30 T NetStartAgain
00e41c58 T net_get_udp_handler
00e41c68 T net_set_udp_handler
00e41c88 T net_get_arp_handler
00e41c98 T net_set_arp_handler
00e41cb8 T NetSetTimeout
00e41cf4 T NetCksum
00e41d28 T NetCksumOk
00e41d4c T NetReceive
00e42008 T NetEthHdrSize
00e42048 T NetSetEther
00e420f0 T net_update_ether
00e42174 T net_set_ip_header
00e42200 T net_set_udp_header
00e422a8 T NetSendUDPPacket
00e423b4 T copy_filename
00e423fc t on_bootfile
00e42428 T random_port
00e42444 T ip_to_string
00e42498 T VLAN_to_string
00e424e8 T string_to_VLAN
00e42540 T getenv_VLAN
00e42550 t NetInitLoop
00e42610 T net_init
00e42680 T NetLoop
00e4297c t rpc_lookup_reply
00e42a54 t nfs_mount_reply
00e42afc t nfs_umountall_reply
00e42b94 t nfs_lookup_reply
00e42c34 t nfs_readlink_reply
00e42d44 t basename
00e42d80 t rpc_add_credentials
00e42e5c t rpc_req
00e42f74 t nfs_mount_req
00e4301c t nfs_umountall_req
00e43074 t nfs_lookup_req
00e43130 t nfs_read_req
00e431d0 t nfs_readlink_req
00e43228 t nfs_read_reply.isra.0
00e43398 t NfsSend
00e43494 t NfsHandler
00e43668 t NfsTimeout
00e436c0 T NfsStart
00e438ec t ping_timeout
00e43908 T ping_start
00e43a2c T ping_receive
00e43b14 t TftpSend
00e43cb0 t TftpHandler
00e43fe0 t TftpTimeout
00e44058 T TftpStart
00e44344 T board_early_init_f
00e44374 T dram_init_banksize
00e44420 T dram_init
00e44474 T board_eth_init
00e444b0 T board_mmc_init
00e44540 T enable_caches
00e44544 T board_init
00e44558 T board_late_init
00e44568 T NUC970_cleanup
00e44578 T timer_init
00e445c0 T get_ticks
00e44644 T __udelay
00e446c4 T get_timer
00e44724 T get_tbclk
00e4472c t otp_init
00e44844 T do_decrypt
00e448ac t do_decrypt_program
00e44a84 t do_decrypt_aes
00e44c20 T raise
00e44c3c T __aeabi_unwind_cpp_pr0
00e44c40 T __aeabi_unwind_cpp_pr1
00e44c44 T __udivsi3
00e44c44 t .udivsi3_skip_div0_test
00e44c44 t __aeabi_uidiv
00e44cec t __aeabi_uidivmod
00e44d0c T __divsi3
00e44d0c t __aeabi_idiv
00e44d14 t .divsi3_skip_div0_test
00e44de8 t __aeabi_idivmod
00e44e08 T __lshrdi3
00e44e08 t __aeabi_llsr
00e44e24 T __ashrdi3
00e44e24 t __aeabi_lasr
00e44e40 T __ashldi3
00e44e40 t __aeabi_llsl
00e44e5c W __aeabi_ldiv0
00e44e5c t __aeabi_idiv0
00e44eec r boot_os
00e44f4c r op_table
00e44fb4 r __func__.6940
00e44fbf r __func__.6304
00e44fcd r __func__.6270
00e44fdb r __func__.7627
00e44fea r __func__.7636
00e44ffb V version_string
00e45030 r CSWTCH.62
00e45046 r delims.5969
00e45049 R default_environment
00e45081 r __func__.6095
00e45091 r __func__.6106
00e4509c r env_flags_vartype_rep
00e450a3 r env_flags_varaccess_rep
00e450a8 r env_flags_varaccess_mask
00e450bc r __func__.6767
00e450c4 r uimage_os
00e45124 r uimage_arch
00e45220 r uimage_type
00e452ec r uimage_comp
00e45334 r uimage_encrypt
00e45358 r uimage_checksum
00e4537c r erase_seq
00e45380 r tab_seq
00e45389 r us_direction
00e453ac r CSWTCH.28
00e453cc r block_drvr
00e453e4 r port_class
00e4545c r __FUNCTION__.6043
00e4546c r CSWTCH.28
00e4547c r kbd_to_ansi364
00e4549c r kbd_plain_xlate
00e45500 r multipliers
00e45540 r fbase
00e45550 r ext_csd_bits.6384
00e4555c r ext_to_hostcaps.6385
00e45568 r widths.6386
00e45574 r __FUNCTION__.6830
00e45585 r __FUNCTION__.6684
00e45590 R nand_manuf_ids
00e455e0 R nand_flash_ids
00e45ca0 r nand_ecc_precalc_table
00e45da0 r __FUNCTION__.7291
00e45dae r __FUNCTION__.6706
00e45dbf r __FUNCTION__.7051
00e45dd1 r __func__.7384
00e45de1 r __func__.7433
00e45df5 r __FUNCTION__.7476
00e45e04 r g_i32BCHAlgoIdx
00e45e18 r flashes
00e45e30 r eon_spi_flash_table
00e45e58 r macronix_spi_flash_table
00e45e98 r winbond_spi_flash_table
00e45f00 r __func__.7037
00e45f13 r __func__.7015
00e45f1b r __func__.7025
00e45f26 r __func__.6994
00e45f2f r __func__.7049
00e45f42 r __func__.7062
00e45f4b r __func__.6979
00e45f56 r __func__.7081
00e45f6c r __func__.7026
00e45f79 r __func__.7050
00e45f86 r __func__.7069
00e45f9a r __func__.7060
00e45fa3 r __func__.6986
00e45fb5 r __func__.7005
00e45fc7 r __func__.6978
00e45fd7 r __func__.7014
00e45fe4 r __func__.7045
00e45ff5 r __func__.6934
00e46001 r __func__.7082
00e46013 r __func__.7067
00e4601f r __func__.7102
00e46034 r __func__.7121
00e4604e r __func__.7138
00e4605f r __func__.7168
00e46071 r __func__.6987
00e4607f r __func__.6963
00e4608b r __func__.6974
00e46098 r __func__.7017
00e460aa r __func__.7006
00e460b6 r patterns
00e460b9 r __func__.7024
00e460c7 r __func__.7031
00e460d7 r __func__.7052
00e460ea r __func__.7039
00e460fa r __func__.7088
00e4610e r __func__.7075
00e4611f r __func__.6983
00e46127 r __func__.7083
00e46132 r __func__.7147
00e4613f r __func__.6934
00e4614b r __func__.7125
00e46160 r __func__.7047
00e4616f r __FUNCTION__.7061
00e4617e r __func__.7158
00e4618d r __func__.7166
00e4619e r __func__.7195
00e461a9 r __func__.7257
00e461ba r __func__.6972
00e461cb r __FUNCTION__.6960
00e461d7 r __func__.7031
00e461e9 r __func__.7007
00e461f6 r __func__.7075
00e46209 r __func__.7101
00e4621f r __func__.7112
00e4622c r crc32table_le
00e4662c r filesystems
00e46644 r __func__.8565
00e46652 r __func__.8513
00e46663 r __func__.8621
00e4666e r __func__.8604
00e46677 r __func__.8535
00e46680 r year_lengths.6533
00e46688 r mon_lengths.6532
00e466e8 r day_name.6526
00e466fd r mon_name.6527
00e46721 r __func__.8547
00e46730 r __func__.8659
00e4673b r __func__.8636
00e46748 r __func__.8359
00e46756 r __func__.8375
00e46767 r __func__.8391
00e46772 r __func__.8413
00e46782 r __func__.8398
00e46787 r __func__.8381
00e46796 r __func__.8410
00e467a1 r __func__.8512
00e467ae r __func__.8493
00e467bf r __func__.8420
00e467d4 r __func__.8462
00e467e0 r __func__.8530
00e467ec r __func__.8377
00e46802 r __func__.8363
00e4680e r __func__.8381
00e46820 r __func__.8374
00e46830 r __func__.8391
00e46844 r __func__.8474
00e46852 r __func__.8481
00e46861 r __func__.8571
00e46872 r __func__.8589
00e4687d r __func__.8379
00e4688f r __func__.8391
00e468a0 r __func__.8421
00e468b9 r __func__.8435
00e468c4 r __func__.8371
00e468d3 r __func__.8460
00e468e1 r __func__.8688
00e468f5 r __func__.8675
00e46908 r __func__.8411
00e46913 r __func__.8449
00e46928 R crc16_table
00e46b28 r __func__.8096
00e46b38 r __func__.8401
00e46b48 r __func__.8096
00e46b58 r __func__.8413
00e46b72 r __func__.8495
00e46b84 r __func__.8517
00e46b91 r __func__.8528
00e46ba7 r __func__.8565
00e46bbc r __func__.8449
00e46bc8 r __func__.8483
00e46bdd r __func__.8627
00e46bf2 r __func__.8594
00e46c01 r __func__.8583
00e46c0e r __func__.8497
00e46c19 r __func__.8471
00e46c25 r __FUNCTION__.8524
00e46c30 r __func__.8536
00e46c40 r crc16_tab
00e46e40 r crc_table
00e47240 R crc7_syndrome_table
00e47340 R _ctype
00e47440 r names.5974
00e47446 r digits.5973
00e47456 r hex_asc
00e47468 r lext.6261
00e474a6 r lbase.6260
00e474e4 r dext.6263
00e47524 r dbase.6262
00e47564 r lenfix
00e47d64 r distfix
00e47de4 r order.6356
00e47e0c R z_errmsg
00e47e34 r CSWTCH.9
00e47e50 r __FUNCTION__.6463
00e47ea1 r __func__.6871
00e47eb0 r lzop_magic
00e47eb9 r __FUNCTION__.6461
00e53738 D init_sequence
00e53768 d cmd_bootm_sub
00e5382c d bootm_help_text
00e53a74 d dp_last_length
00e53a78 d curr_device
00e53a7c d mtdparts_help_text
00e53f4f d nand_help_text
00e54334 d env_id
00e54338 d cmd_env_sub
00e54434 d env_help_text
00e5464c d usb_stor_curr_dev
00e54650 d imgextract_help_text
00e546a8 d av_
00e54ab0 d sbrk_base
00e54ab4 d trim_threshold
00e54ab8 d mmap_threshold
00e54abc D env_htab
00e54acc D env_name_spec
00e54ad0 d reserved_list
00e54b54 D load_addr
00e54b58 d hist_cur
00e54b5c D stdio_names
00e54b68 d kbd_shift_xlate
00e54bcb d kbd_ctrl_xlate
00e54c30 d cur_dev_num
00e54c34 D nand_curr_device
00e54c38 d bbt_main_descr
00e54c5c d bbt_mirror_descr
00e54c80 d agand_flashbased
00e54ca4 d bbt_main_no_bbt_descr
00e54cc8 d bbt_mirror_no_bbt_descr
00e54cec d scan_ff_pattern
00e54cee d mirror_pattern
00e54cf2 d bbt_pattern
00e54cf6 d scan_agand_pattern
00e54cfc d nand_oob_8
00e54f44 d nand_oob_16
00e5518c d nand_oob_64
00e553d4 d nand_oob_128
00e5561c d nuc970_serial_drv
00e5564c D ext_clk
00e55650 D baudrate
00e55654 d descriptor
00e5568c D file_cwd
00e5588c d current_filesystem
00e55890 d fstypes
00e558b8 d lzo_compr
00e558c8 d zlib_compr
00e558d8 d none_compr
00e558e8 d ubifs_fs_type
00e55908 D NetOurVLAN
00e5590a D NetOurNativeVLAN
00e5590c D NetBcastAddr
00e55914 d first_call.6158
00e55918 d nfs_offset
00e5591c d TftpTimeoutMSecs
00e55920 d TftpBlkSizeOption
00e55922 d TftpBlkSize
00e55924 d TftpTimeoutCountMax
00e55928 D TftpRRQTimeoutCountMax
00e5592c D TftpRRQTimeoutMSecs
00e55930 d cmd_decrypt_sub
00e55968 D otp_key
00e559e8 d decrypt_help_text
00e55c40 D _u_boot_list_2_cmd_2_0
00e55c40 d start.5862
00e55c40 d start.5866
00e55c40 d start.5911
00e55c40 d start.5915
00e55c40 d start.5942
00e55c40 d start.5946
00e55c5c D _u_boot_list_2_cmd_2_1
00e55c78 D _u_boot_list_2_cmd_2_base
00e55c94 D _u_boot_list_2_cmd_2_bdinfo
00e55cb0 D _u_boot_list_2_cmd_2_boot
00e55ccc D _u_boot_list_2_cmd_2_bootd
00e55ce8 D _u_boot_list_2_cmd_2_bootm
00e55d04 D _u_boot_list_2_cmd_2_bootp
00e55d20 D _u_boot_list_2_cmd_2_chpart
00e55d3c D _u_boot_list_2_cmd_2_cmp
00e55d58 D _u_boot_list_2_cmd_2_coninfo
00e55d74 D _u_boot_list_2_cmd_2_cp
00e55d90 D _u_boot_list_2_cmd_2_crc32
00e55dac D _u_boot_list_2_cmd_2_decrypt
00e55dc8 D _u_boot_list_2_cmd_2_dhcp
00e55de4 D _u_boot_list_2_cmd_2_echo
00e55e00 D _u_boot_list_2_cmd_2_editenv
00e55e1c D _u_boot_list_2_cmd_2_env
00e55e38 D _u_boot_list_2_cmd_2_exit
00e55e54 D _u_boot_list_2_cmd_2_fatinfo
00e55e70 D _u_boot_list_2_cmd_2_fatload
00e55e8c D _u_boot_list_2_cmd_2_fatls
00e55ea8 D _u_boot_list_2_cmd_2_go
00e55ec4 D _u_boot_list_2_cmd_2_help
00e55ee0 D _u_boot_list_2_cmd_2_iminfo
00e55efc D _u_boot_list_2_cmd_2_imxtract
00e55f18 D _u_boot_list_2_cmd_2_itest
00e55f34 D _u_boot_list_2_cmd_2_loadb
00e55f50 D _u_boot_list_2_cmd_2_loady
00e55f6c D _u_boot_list_2_cmd_2_loop
00e55f88 D _u_boot_list_2_cmd_2_md
00e55fa4 D _u_boot_list_2_cmd_2_mm
00e55fc0 D _u_boot_list_2_cmd_2_mmc
00e55fdc D _u_boot_list_2_cmd_2_mmcinfo
00e55ff8 D _u_boot_list_2_cmd_2_mtdparts
00e56014 D _u_boot_list_2_cmd_2_mtest
00e56030 D _u_boot_list_2_cmd_2_mw
00e5604c D _u_boot_list_2_cmd_2_nand
00e56068 D _u_boot_list_2_cmd_2_nboot
00e56084 D _u_boot_list_2_cmd_2_nfs
00e560a0 D _u_boot_list_2_cmd_2_nm
00e560bc D _u_boot_list_2_cmd_2_ping
00e560d8 D _u_boot_list_2_cmd_2_printenv
00e560f4 D _u_boot_list_2_cmd_2_question_mark
00e56110 D _u_boot_list_2_cmd_2_reset
00e5612c D _u_boot_list_2_cmd_2_run
00e56148 D _u_boot_list_2_cmd_2_saveenv
00e56164 D _u_boot_list_2_cmd_2_setenv
00e56180 D _u_boot_list_2_cmd_2_sf
00e5619c D _u_boot_list_2_cmd_2_showvar
00e561b8 D _u_boot_list_2_cmd_2_sleep
00e561d4 D _u_boot_list_2_cmd_2_sspi
00e561f0 D _u_boot_list_2_cmd_2_test
00e5620c D _u_boot_list_2_cmd_2_tftpboot
00e56228 D _u_boot_list_2_cmd_2_timer
00e56244 D _u_boot_list_2_cmd_2_ubi
00e56260 D _u_boot_list_2_cmd_2_ubifsload
00e5627c D _u_boot_list_2_cmd_2_ubifsls
00e56298 D _u_boot_list_2_cmd_2_ubifsmount
00e562b4 D _u_boot_list_2_cmd_2_ubifsumount
00e562d0 D _u_boot_list_2_cmd_2_usb
00e562ec D _u_boot_list_2_cmd_2_usbboot
00e56308 D _u_boot_list_2_cmd_2_version
00e56324 D _u_boot_list_2_env_clbk_2_baudrate
00e56324 d end.5869
00e56324 d end.5918
00e56324 d end.5949
00e56324 d start.6010
00e56324 d start.6017
00e5632c D _u_boot_list_2_env_clbk_2_bootfile
00e56334 D _u_boot_list_2_env_clbk_2_callbacks
00e5633c D _u_boot_list_2_env_clbk_2_console
00e56344 D _u_boot_list_2_env_clbk_2_flags
00e5634c D _u_boot_list_2_env_clbk_2_loadaddr
00e56354 B __bss_start
00e56354 B monitor_flash_len
00e56354 R __image_copy_end
00e56354 R __rel_dyn_start
00e56354 d end.6013
00e56358 b params
00e56380 B images
00e564ac b os_data_state
00e564b0 b os_data_addr
00e564b4 b bin_start_address
00e564b8 b k_data_escape_saved
00e564bc b k_data_escape
00e564c0 b os_data_state_saved
00e564c4 b os_data_addr_saved
00e564c8 b a_b
00e564e0 b his_pad_count
00e564e4 b his_pad_char
00e564e8 b os_data_init
00e564ec b os_data_char
00e564f0 b his_eol
00e564f1 b his_quote
00e564f4 b send_ptr
00e564f8 b send_parms
00e5650c b base_address
00e56510 b dp_last_addr
00e56514 b dp_last_size
00e56518 b mm_last_addr
00e5651c b mm_last_size
00e56520 b start.5873
00e56524 B current_mtd_dev
00e56528 b devices
00e56530 B current_mtd_partnum
00e56531 b last_partition
00e56541 b last_parts
00e56744 b mtdids
00e5674c b initialized.7126
00e56750 b last_ids
00e567d0 b last.6878
00e567d8 b flash
00e567dc b mode
00e567e0 b bus
00e567e4 b cs
00e567e8 b bitlen
00e567ec b dout
00e5680c b din
00e5682c b ubi
00e56830 b ubi_dev
00e5688c b ubi_initialized
00e56890 b buffer
00e568e0 b ubifs_initialized
00e568e4 b ubifs_mounted
00e568e8 b tmp_buf.5932
00e56ae8 b tmp_buf
00e56be8 b ctrlc_disabled
00e56bec b ctrlc_was_pressed
00e56bf0 B mem_malloc_brk
00e56bf4 B mem_malloc_start
00e56bf8 B mem_malloc_end
00e56bfc b current_mallinfo
00e56c24 b top_pad
00e56c28 b max_sbrked_mem
00e56c2c b max_total_mem
00e56c30 b n_mmaps_max
00e56c40 b __env_buf
00e5d694 R __dynsym_start
00e5d694 R __rel_dyn_end
00e5d734 R _end
00e66c40 B env_ptr
00e66c80 b map
00e66d80 b top_vars
00e66d84 b flag_repeat
00e66d88 b do_repeat
00e66d8c b the_command.6122
00e66e8c b buf.6322
00e66eb4 b last_return_code
00e66eb8 b ifs
00e66ebc B save_size
00e66ec0 B save_addr
00e66ec4 b initted.6768
00e66ec8 b hist_max
00e66ecc b hist_add_idx
00e66ed0 b hist_num
00e66ed4 b hist_list
00e66f24 b hist_lines
00e68338 B console_buffer
00e6843c b devs
00e68478 B stdio_devices
00e684c0 B usb_started
00e684c4 b asynch_allowed
00e68500 b usb_dev
00e75500 b dev_index
00e75540 b usb_hub_index
00e75544 b hub_dev
00e75680 b CBWTag
00e756c0 b usb_ccb
00e75780 b usb_dev_desc
00e759b0 b usb_max_devs
00e759b4 b usb_stor
00e75ac0 b xyz
00e75ef4 b mmc_devices
00e75efc B mtd_table
00e75f7c B mtd_partitions
00e75f88 B nand_info
00e76030 b dev_name
00e76038 b total_nand_size
00e76040 b nand_chip
00e76168 B nuc970_nand
00e7616c b nuc970_nand_oob
00e763b4 B ubi_devices
00e76434 b mtd_devs
00e76438 B ubi_class
00e7643c b mtd_dev_param
00e76cbc b vid_hdr.7001
00e76cc0 b empty_vtbl_record
00e76d6c b ech
00e76d70 b vidh
00e76d80 B tx_desc_ptr
00e76d84 B rx_desc_ptr
00e76da0 B tx_desc
00e76de0 B rx_desc
00e76ee0 b serial_current
00e76ee4 b serial_devices
00e76f00 b ehcic
00e77040 b periodic_schedules
00e77080 b cur_dev
00e77084 b cur_part_info
00e77100 B get_contents_vfatname_block
00e87100 B do_fat_read_at_block
00e97100 B get_dentfromdir_block
00ea7100 b fs_type
00ea7104 b fs_dev_desc
00ea7108 b fs_partition
00ea7158 B ubifs_compressors
00ea7164 b inodes_locked_down
00ea7264 B ubifs_sb
00ea7268 B ubifs_infos
00ea7270 B errno
00ea7274 B ___strtok
00ea7278 b local.6152
00ea7290 B NetArpWaitPacketMAC
00ea7294 B NetArpWaitPacketIP
00ea7298 b NetArpWaitReplyIP
00ea729c B NetArpWaitTxPacketSize
00ea72a0 b NetArpTxPacket
00ea72a4 b NetArpPacketBuf
00ea78e4 B NetArpWaitTimerStart
00ea78e8 B NetArpWaitTry
00ea78ec b dhcp_leasetime
00ea78f0 b NetDHCPServerIP
00ea78f4 B BootpID
00ea78f8 b dhcp_state
00ea78fc B BootpTry
00ea7900 B eth_current
00ea7904 b eth_devices
00ea7908 b index.6489
00ea790c b first_failed.6536
00ea7910 b act.6541
00ea7914 b env_changed_id.6542
00ea7918 B net_state
00ea791c b udp_packet_handler
00ea7920 b arp_packet_handler
00ea7924 b timeHandler
00ea7928 b NetTryCount
00ea792c b NetRestarted
00ea7930 B NetRestartWrap
00ea7934 b NetDevExists
00ea7938 b timeStart
00ea793c b timeDelta
00ea7940 B NetRxPacket
00ea7944 B NetRxPacketLen
00ea7948 B NetOurIP
00ea794c B NetOurEther
00ea7954 B NetIPID
00ea7958 B NetTxPacket
00ea795c B NetEtherNullAddr
00ea7962 B BootFile
00ea79e4 b env_changed_id.6147
00ea79e8 B NetOurGatewayIP
00ea79ec B NetOurSubnetMask
00ea79f0 B NetServerIP
00ea79f4 b PktBuf
00eae034 B NetRxPackets
00eae074 B NetBootFileXferSize
00eae078 B NetServerEther
00eae07e B NetBootFileSize
00eae080 B NetOurRootPath
00eae0c0 B NetOurHostName
00eae0e0 B NetOurNISDomain
00eae100 B NetOurDNSIP
00eae104 b rpc_id
00eae108 b NfsSrvMountPort
00eae10c b NfsSrvNfsPort
00eae110 b fs_mounted
00eae114 b dirfh
00eae134 b filefh
00eae154 b nfs_path
00eae158 b NfsServerIP
00eae15c b NfsOurPort
00eae160 b NfsState
00eae164 b nfs_filename
00eae168 b nfs_len
00eae16c b nfs_download_state
00eae170 b NfsTimeoutCount
00eae174 b nfs_path_buff
00eae974 b default_filename
00eae9b4 B NetPingIP
00eae9b8 b PingSeqNo
00eae9bc b TftpState
00eae9c0 b tftp_filename
00eaea40 b TftpBlock
00eaea44 b TftpRemoteIP
00eaea48 b TftpRemotePort
00eaea4c b TftpOurPort
00eaea50 b TftpBlockWrap
00eaea54 b TftpBlockWrapOffset
00eaea58 b TftpTimeoutCount
00eaea5c b TftpLastBlock
00eaea60 b time_start
00eaea64 b default_filename
00eaea74 B __bss_end
