00e00000 T __image_copy_start
00e00000 T _start
00e00020 t _undefined_instruction
00e00024 t _software_interrupt
00e00028 t _prefetch_abort
00e0002c t _data_abort
00e00030 t _not_used
00e00034 t _irq
00e00038 t _fiq
00e00040 T _TEXT_BASE
00e00044 T _bss_start_ofs
00e00048 T _bss_end_ofs
00e0004c T _end_ofs
00e00050 T IRQ_STACK_START_IN
00e00054 t reset
00e0006c T relocate_code
00e00098 t copy_loop
00e000c8 t fixloop
00e000ec t fixabs
00e00100 t fixrel
00e00108 t fixnext
00e00118 t relocate_done
00e0011c t _rel_dyn_start_ofs
00e00120 t _rel_dyn_end_ofs
00e00124 t _dynsym_start_ofs
00e00128 T c_runtime_cpu_setup
00e0012c t cpu_init_crit
00e00130 t flush_dcache
00e00180 t undefined_instruction
00e001e0 t software_interrupt
00e00240 t prefetch_abort
00e002a0 t data_abort
00e00300 t not_used
00e00360 t irq
00e003c0 t fiq
00e00420 T cleanup_before_linux
00e00444 T invalidate_dcache_all
00e00448 T flush_dcache_all
00e0044c T invalidate_dcache_range
00e00450 T flush_dcache_range
00e00454 T flush_cache
00e00458 T __l2_cache_disable
00e00458 W l2_cache_disable
00e0045c T lowlevel_init
00e00488 T print_cpuinfo
00e00550 T arch_cpu_init
00e00558 T reset_cpu
00e00590 T _main
00e005d8 t here
00e005e8 t clbss_l
00e0061c T __arch_cpu_init
00e00624 t mark_bootstage
00e0062c t display_banner
00e0064c t init_baudrate
00e00678 T __coloured_LED_init
00e00678 W coloured_LED_init
00e0067c T __red_led_on
00e0067c W red_led_on
00e00680 T __red_led_off
00e00680 W red_led_off
00e00684 T __green_led_on
00e00684 W green_led_on
00e00688 T __green_led_off
00e00688 W green_led_off
00e0068c T __yellow_led_on
00e0068c W yellow_led_on
00e00690 T __yellow_led_off
00e00690 W yellow_led_off
00e00694 T __blue_led_on
00e00694 W blue_led_on
00e00698 T __blue_led_off
00e00698 W blue_led_off
00e0069c T __dram_init_banksize
00e006b8 T __power_init_board
00e006b8 W power_init_board
00e006c0 T board_init_r
00e00770 T hang
00e00784 T board_init_f
00e008a4 t boot_jump_linux.isra.5
00e0091c T arch_lmb_reserve
00e00940 W setup_board_tags
00e00944 t boot_prep_linux
00e00ab0 T do_bootm_linux
00e00b0c T interrupt_init
00e00b28 T enable_interrupts
00e00b2c T disable_interrupts
00e00b34 T bad_mode
00e00b44 T show_regs
00e00c80 T do_undefined_instruction
00e00ca0 T do_software_interrupt
00e00cc0 T do_prefetch_abort
00e00ce0 T do_data_abort
00e00d00 T do_not_used
00e00d20 T do_fiq
00e00d40 T do_irq
00e00d60 T do_reset
00e00d90 T __flush_cache
00e00d94 T __flush_dcache_all
00e00da0 T __enable_caches
00e00dac t cp_delay
00e00ddc T __arm_init_before_mmu
00e00ddc W arm_init_before_mmu
00e00de0 W arm_init_domains
00e00de4 T set_section_dcache
00e00df8 T __mmu_page_table_flush
00e00df8 W mmu_page_table_flush
00e00dfc T mmu_set_region_dcache_behaviour
00e00e4c W dram_bank_mmu_setup
00e00e8c T icache_enable
00e00ea4 T icache_disable
00e00ec0 T icache_status
00e00ed0 T dcache_enable
00e00ed4 T dcache_disable
00e00ed8 T dcache_status
00e00ee0 t print_num
00e00ef8 T do_bdinfo
00e01090 W do_go_exec
00e010a8 t do_go
00e0111c t image_info
00e01200 T do_bootd
00e01224 t do_bootm_plan9
00e01258 t do_bootm_rtems
00e01290 t do_bootm_netbsd
00e013bc t do_iminfo
00e0141c t bootm_load_os.isra.15
00e015e8 t bootm_start.isra.13
00e019f8 W arch_preboot_os
00e019f8 t __arch_preboot_os
00e019fc T do_bootm
00e01e80 T bootm_maybe_autostart
00e01ef8 t do_coninfo
00e01fb4 T common_diskboot
00e02200 t do_echo
00e022b0 t do_exit
00e022e0 T do_fat_fsload
00e022fc t do_fat_ls
00e02314 t do_fat_fsinfo
00e023a4 t do_help
00e023ec t evalexp
00e02460 t binary_test
00e02644 t do_itest
00e026dc t jffs2_part_info
00e02774 T do_jffs2_fsload
00e02898 T do_jffs2_ls
00e028f8 T do_jffs2_fsinfo
00e0295c t bin_data_init
00e02978 t k_data_save
00e0299c t k_data_restore
00e029c0 t load_serial_ymodem
00e02a90 t getcxmodem
00e02ab0 t bin_data_char
00e02ad4 t chk1.constprop.1
00e02b00 t s1_sendpacket.constprop.2
00e02b4c t do_load_serial_bin
00e03208 t do_mem_mw
00e032c8 t do_mem_loop
00e033cc t do_mem_md
00e034a0 t do_mem_base
00e034e0 t do_mem_cp
00e035c0 t do_mem_cmp
00e03724 t do_mem_crc
00e03770 t do_mem_mtest
00e03964 t mod_mem.isra.2
00e03abc t do_mem_mm
00e03ac4 t do_mem_nm
00e03acc t do_sleep
00e03b3c t do_timer
00e03be8 t memsize_parse
00e03c50 t part_delall
00e03c94 t mtd_part_info
00e03d2c t memsize_format
00e03d80 t index_partitions
00e03e2c t current_save
00e03ee0 t part_sort_add
00e03fec t device_del
00e0405c t generate_mtdparts_save.constprop.8
00e04344 t device_delall.constprop.10
00e043a8 t mtd_devices_init
00e043cc t get_mtd_info.constprop.11
00e04448 t part_validate
00e04698 T device_find
00e046e4 t device_parse
00e04bb0 T mtd_id_parse
00e04cc0 T find_dev_and_part
00e04e7c T mtdparts_init
00e05480 t do_chpart
00e0554c t do_mtdparts
00e05ad4 t set_dev
00e05b44 t nand_print_and_set_info
00e05c00 t arg_off
00e05d0c t arg_off_size
00e05e58 t do_nand
00e069f8 t nand_load_image
00e06bb0 t do_nandboot
00e06e04 t netboot_common
00e07078 t do_bootp
00e07084 T do_tftpb
00e07090 t do_dhcp
00e0709c t do_nfs
00e070a8 t do_ping
00e0711c t do_env_delete
00e071c0 t do_env_save
00e071ec t do_env
00e07248 t env_print
00e072fc t do_env_print
00e073c4 t do_env_import
00e0760c t do_env_default
00e076c4 t _do_env_set.isra.0
00e07888 t do_env_set
00e078a4 T get_env_id
00e078b4 T setenv
00e078fc T setenv_ulong
00e0791c T setenv_hex
00e07950 t do_env_export
00e07bc8 T envmatch
00e07c38 T getenv_f
00e07d00 T getenv
00e07d80 T getenv_ulong
00e07db0 t do_env_edit
00e07e24 t do_false
00e07e2c t do_true
00e07e34 t do_test
00e08298 t ubi_find_volume
00e08308 t do_ubi
00e0909c T do_ubifs_mount
00e090f0 T do_ubifs_ls
00e09154 T do_ubifs_load
00e0921c T ubifs_is_mounted
00e0922c T cmd_ubifs_umount
00e09280 T do_ubifs_umount
00e092c4 t usb_get_class_desc
00e09380 t usb_display_class_sub
00e09500 t usb_show_tree_graph
00e09728 t usb_display_string
00e0976c t usb_display_config
00e09980 t do_usbboot
00e0998c t usb_display_desc.part.1
00e09abc t do_usb
00e0a04c t do_version
00e0a084 t do_imgextract
00e0a348 T do_ydevls
00e0a358 T do_ydevconfig
00e0a3d4 T do_ymount
00e0a418 T do_yumount
00e0a45c T do_yls
00e0a4c8 T do_yrd
00e0a518 T do_ywr
00e0a5a4 T do_yrdm
00e0a5ec T do_ywrm
00e0a650 T do_ymkdir
00e0a680 T do_yrmdir
00e0a6b0 T do_yrm
00e0a6e0 T do_ymv
00e0a714 T do_ytrace
00e0a750 T find_cmd_tbl
00e0a7f4 T find_cmd
00e0a81c T cmd_usage
00e0a878 T _do_help
00e0a9fc T var_complete
00e0aa7c T cmd_auto_complete
00e0aef8 T cmd_get_data_size
00e0af54 T cmd_process
00e0b03c t console_setfile
00e0b0dc T serial_printf
00e0b11c T fgetc
00e0b148 T ftstc
00e0b174 T fputc
00e0b19c T fputs
00e0b1c4 T fprintf
00e0b20c T getc
00e0b230 T tstc
00e0b254 T putc
00e0b27c T puts
00e0b2b8 T printf
00e0b304 T vprintf
00e0b344 T ctrlc
00e0b394 T disable_ctrlc
00e0b3ac T had_ctrlc
00e0b3bc T clear_ctrlc
00e0b3d0 T dbg
00e0b3dc T search_device
00e0b404 T console_assign
00e0b448 t on_console
00e0b500 T console_init_f
00e0b510 T stdio_print_current_devices
00e0b5c0 T console_init_r
00e0b694 T sbrk
00e0b6f8 T mem_malloc_init
00e0b71c T malloc_trim
00e0b7e0 T free
00e0ba0c T malloc
00e0bfcc T calloc
00e0c0a8 T realloc
00e0c568 T memalign
00e0c674 T valloc
00e0c680 T pvalloc
00e0c698 T cfree
00e0c69c T malloc_usable_size
00e0c6d8 T mallopt
00e0c744 T env_attr_walk
00e0c854 T env_attr_lookup
00e0c9d8 t clear_callback
00e0c9e8 t find_env_callback
00e0ca4c t on_callbacks
00e0ca94 t set_callback
00e0cb28 T env_callback_init
00e0cbc8 W env_get_char_spec
00e0cbc8 t __env_get_char_spec
00e0cbd4 T env_get_addr
00e0cbf4 T env_get_char_memory
00e0cc04 T env_get_char
00e0cc34 T getenv_yesno
00e0cc7c T getenv_default
00e0ccac T set_default_env
00e0cd68 T set_default_vars
00e0cd9c T env_import
00e0ce7c T env_relocate
00e0ceac T env_complete
00e0cf88 t skip_num
00e0cffc t clear_flags
00e0d00c t on_flags
00e0d054 T env_flags_parse_vartype
00e0d0a4 T env_flags_parse_varaccess
00e0d0fc t set_flags
00e0d1ac T env_flags_parse_varaccess_from_binflags
00e0d1d4 T env_flags_init
00e0d284 T env_flags_validate
00e0d58c T env_init
00e0d5a8 T writeenv
00e0d66c T saveenv
00e0d798 T readenv
00e0d858 T env_relocate_spec
00e0d894 t dummy
00e0d898 T get_version
00e0d8a0 T jumptable_init
00e0da30 T hash_command
00e0dad0 t b_reset
00e0daec t static_get
00e0db08 t static_peek
00e0db14 t file_peek
00e0db20 t mapset
00e0db40 t syntax_err
00e0db4c t free_pipe_list
00e0dc34 t xmalloc
00e0dc54 t new_pipe
00e0dc7c t xrealloc
00e0dc9c t done_command
00e0dd24 t done_pipe
00e0dd6c t done_word
00e0e014 t do_showvar
00e0e104 t is_assignment
00e0e158 t file_get
00e0e318 t b_addchr
00e0e390 t b_addqchr
00e0e3e0 T get_local_var
00e0e464 T set_local_var
00e0e60c t insert_var_value_sub
00e0e8b4 T unset_local_var
00e0e950 T parse_string_outer
00e0ea34 t run_list_real
00e0f1cc t parse_stream_outer
00e0f860 T parse_file_outer
00e0f8a4 T u_boot_hush_start
00e0f8f8 t on_loadaddr
00e0f930 T image_check_hcrc
00e0f990 T image_check_dcrc
00e0f9f0 T image_multi_count
00e0fa0c T image_multi_getimg
00e0fab8 T getenv_bootm_low
00e0fae0 T getenv_bootm_size
00e0fb3c T getenv_bootm_mapsize
00e0fb6c T memmove_wd
00e0fbc4 T genimg_print_size
00e0fbf4 T get_table_entry_name
00e0fc20 T genimg_get_os_name
00e0fc38 T genimg_get_arch_name
00e0fc50 T genimg_get_type_name
00e0fc68 T genimg_get_comp_name
00e0fc80 T image_print_contents
00e0fe28 T get_table_entry_id
00e0fe78 T genimg_get_os_id
00e0fe90 T genimg_get_arch_id
00e0fea8 T genimg_get_type_id
00e0fec0 T genimg_get_comp_id
00e0fed8 T genimg_get_encrypt_id
00e0fef0 T genimg_get_checksum_id
00e0ff08 T genimg_get_format
00e0ff3c T genimg_get_image
00e0ff40 T genimg_has_config
00e0ff48 T boot_get_ramdisk
00e101a0 T boot_ramdisk_high
00e102c8 t delete_char.part.1
00e10398 t cread_add_char
00e10480 T __show_boot_progress
00e10480 W show_boot_progress
00e10484 T readline_into_buffer
00e10e1c T readline
00e10e38 T parse_line
00e10ec0 T run_command
00e10ec8 T run_command_list
00e10f24 T main_loop
00e11030 T do_run
00e110a4 T get_ram_size
00e111a0 t hex1_bin
00e111e0 t hex2_bin
00e11218 T srec_decode
00e11470 T stdio_get_list
00e1147c T stdio_get_by_name
00e114c8 T stdio_clone
00e11508 T stdio_register
00e11544 T stdio_init
00e115d0 t usb_set_maxpacket_ep
00e11640 T usb_stop
00e11694 T usb_disable_asynch
00e116b4 T usb_submit_int_msg
00e116b8 T usb_control_msg
00e11778 t usb_get_descriptor
00e117d4 t usb_get_string
00e11840 t usb_string_sub
00e11950 T usb_bulk_msg
00e119bc T usb_maxpacket
00e119d8 T usb_clear_halt
00e11a6c T usb_get_configuration_no
00e11b10 T usb_set_interface
00e11bc8 T usb_set_protocol
00e11c1c T usb_set_idle
00e11c74 T usb_get_report
00e11cdc T usb_get_class_descriptor
00e11d44 T usb_string
00e11e48 T usb_get_dev_index
00e11e74 T usb_alloc_new_device
00e11f04 T usb_free_device
00e11f50 T usb_new_device
00e12400 T usb_init
00e12508 t usb_set_port_feature
00e1255c t usb_hub_power_on
00e125a8 t usb_get_port_status
00e125f8 t usb_clear_port_feature
00e1264c t usb_get_hub_descriptor
00e126a0 T usb_hub_reset
00e126b4 T hub_port_reset
00e12760 T usb_hub_port_connect_change
00e12870 t usb_hub_configure
00e12b20 T usb_hub_probe
00e12b78 t usb_stor_irq
00e12b94 t usb_stor_BBB_reset
00e12c68 t usb_stor_CB_reset
00e12d38 t usb_stor_BBB_clear_endpt_stall.isra.2
00e12d78 t usb_stor_BBB_transport
00e12fd4 t usb_stor_CB_comdat
00e131c8 t usb_stor_CBI_get_status.isra.4
00e13290 t usb_stor_CB_transport
00e134b0 t usb_request_sense.constprop.9
00e13524 T usb_stor_write
00e136e4 T usb_stor_read
00e138a4 T usb_stor_get_dev
00e138c8 T usb_stor_info
00e13934 T usb_storage_probe
00e13b38 T usb_stor_get_info
00e13e04 T usb_stor_scan
00e13fec t CYGACC_COMM_IF_GETC_TIMEOUT.isra.0
00e14038 t xyzModem_flush
00e14054 t xyzModem_get_hdr
00e14288 T xyzModem_stream_open
00e144d0 T xyzModem_stream_read
00e1471c T xyzModem_stream_close
00e14770 T xyzModem_stream_terminate
00e14804 T xyzModem_error
00e14824 T get_dev
00e14884 T dev_print
00e14aa4 T init_part
00e14ac4 T print_part
00e14bac T get_partition_info
00e14bd4 T get_device
00e14c58 T get_device_and_partition
00e14fa4 t test_block_type
00e15010 t print_partition_extended
00e1526c t get_partition_info_extended.constprop.2
00e15520 T test_part_dos
00e15580 T print_part_dos
00e155b4 T get_partition_info_dos
00e155d4 T gpio_set_value
00e15648 T gpio_get_value
00e156a8 T gpio_direction_input
00e156e0 T gpio_direction_output
00e15720 T gpio_request
00e1578c T gpio_free
00e15794 T input_tstc
00e157dc T input_getc
00e15834 T input_send_keycodes
00e15be4 T input_add_table
00e15c1c T input_set_delays
00e15c28 T input_init
00e15cc4 T input_stdio_register
00e15d14 T add_mtd_device
00e15d80 T del_mtd_device
00e15dd4 T get_mtd_device
00e15e50 T get_mtd_device_nm
00e15ebc T put_mtd_device
00e15ee8 t part_read_user_prot_reg
00e15f18 t part_get_user_prot_info
00e15f2c t part_read_fact_prot_reg
00e15f5c t part_get_fact_prot_info
00e15f70 t part_write
00e15ff0 t part_panic_write
00e16070 t part_write_oob
00e160f0 t part_write_user_prot_reg
00e16120 t part_lock_user_prot_reg
00e16140 t part_erase
00e161dc t part_lock
00e1622c t part_unlock
00e1627c t part_sync
00e16290 t part_block_isbad
00e162cc t part_block_markbad
00e1632c t part_read_oob
00e163c4 t part_read
00e16480 T mtd_erase_callback
00e164e8 T del_mtd_partitions
00e16574 T add_mtd_partitions
00e16bbc T nand_register
00e16c40 T nand_init
00e16ca0 t scan_read_raw_oob
00e16d68 t scan_read_raw
00e16dc4 t read_bbt
00e16ff0 t read_abs_bbt
00e170bc t verify_bbt_descr
00e17218 t check_pattern
00e17354 t create_bbt
00e17688 t write_bbt
00e17d20 t search_bbt
00e17ee4 T nand_update_bbt
00e18030 t mark_bbt_region
00e181b8 T nand_scan_bbt
00e1867c T nand_default_bbt
00e18774 T nand_isbad_bbt
00e187c8 t check_skip_len
00e18858 T nand_erase_opts
00e18bc4 T nand_write_skip_bad
00e18df8 T nand_read_skip_bad
00e18fe8 T nand_calculate_ecc
00e190d8 T nand_correct_data
00e191fc t nand_release_device
00e19214 T nand_read_byte
00e19228 t nand_read_byte16
00e1923c t nand_read_word
00e1924c T nand_write_buf
00e19278 T nand_read_buf
00e192a4 t nand_verify_buf
00e192e8 T nand_write_buf16
00e1931c T nand_read_buf16
00e19350 t nand_verify_buf16
00e19398 t nand_check_wp
00e193e8 t nand_read_page_raw
00e19420 t nand_read_page_raw_syndrome
00e194f4 t nand_read_page_swecc
00e1960c t nand_read_subpage
00e19878 t nand_read_page_hwecc
00e199bc t nand_read_page_hwecc_oob_first
00e19af4 t nand_read_page_syndrome
00e19c18 t nand_read_oob_std
00e19c60 t nand_read_oob_syndrome
00e19d68 t nand_write_oob_std
00e19dd8 t nand_write_oob_syndrome
00e19f7c t nand_write_page_raw
00e19fb0 t nand_write_page_raw_syndrome
00e1a080 t nand_write_page_swecc
00e1a134 t nand_write_page_hwecc
00e1a200 t nand_write_page_syndrome
00e1a2f0 t single_erase_cmd
00e1a32c t multi_erase_cmd
00e1a3b4 t nand_sync
00e1a3c4 t nand_wait
00e1a494 t nand_block_checkbad
00e1a514 t nand_block_isbad
00e1a548 t nand_block_markbad
00e1a588 t nand_block_bad
00e1a6d8 t nand_write_page
00e1a784 t generic_ffs
00e1a7d0 t nand_fill_oob
00e1a8dc t nand_do_write_oob
00e1aa84 t nand_default_block_markbad
00e1abfc t nand_do_write_ops
00e1af30 t nand_write_oob
00e1afc8 t nand_write
00e1b138 t nand_select_chip
00e1b18c t nand_transfer_oob
00e1b298 T nand_wait_ready
00e1b2e4 t nand_command
00e1b4b0 t nand_command_lp
00e1b708 t nand_do_read_ops
00e1bac0 t nand_read_oob
00e1bd4c t nand_read
00e1bdd4 T nand_erase_nand
00e1c178 t nand_erase
00e1c180 T nand_scan_ident
00e1c918 T nand_scan_tail
00e1ced4 T nand_scan
00e1cef8 T nand_release
00e1cf40 t nuc970_hwcontrol
00e1cf90 t nuc970_nand_select_chip
00e1cfac t nuc970_dev_ready
00e1cfc4 t nuc970_nand_read_byte
00e1cfd8 t nuc970_nand_write_buf
00e1d000 t nuc970_nand_read_buf
00e1d028 T nuc970_nand_enable_hwecc
00e1d02c t nuc970_nand_calculate_ecc
00e1d034 t nuc970_nand_correct_data
00e1d03c t nuc970_nand_write_page_hwecc
00e1d1ec t nuc970_nand_command_lp
00e1d3a8 t nuc970_nand_read_oob_hwecc
00e1d3fc T fmiSM_CorrectData_BCH
00e1d6c0 T fmiSMCorrectData
00e1d798 t nuc970_nand_read_page_hwecc_oob_first
00e1d998 T board_nand_init
00e1dca4 t kill_volumes
00e1dce4 T ubi_get_device
00e1dd04 T ubi_put_device
00e1dd14 T ubi_get_by_major
00e1dd64 T ubi_major2num
00e1dda8 T ubi_attach_mtd_dev
00e1e4d4 T ubi_detach_mtd_dev
00e1e5a0 T ubi_init
00e1e6f4 T ubi_exit
00e1e738 T ubi_mtd_param_parse
00e1e8ec t create_vtbl
00e1ebe8 t vtbl_check
00e1ef7c T ubi_change_vtbl_record
00e1f060 T ubi_read_volume_table
00e1f8c0 t vol_release
00e1f8c4 T ubi_create_volume
00e1fde8 T ubi_remove_volume
00e1ff28 T ubi_resize_volume
00e20198 T ubi_add_volume
00e201f4 T ubi_free_volume
00e20208 t clear_update_marker
00e202f4 t write_leb
00e203b8 T ubi_start_update
00e20540 T ubi_start_leb_change
00e20620 T ubi_more_update_data
00e20884 T ubi_more_leb_change_data
00e209ac T ubi_get_device_info
00e20a0c T ubi_get_volume_info
00e20a88 T ubi_close_volume
00e20af0 T ubi_open_volume
00e20c90 T ubi_open_volume_nm
00e20d64 T ubi_leb_read
00e20e80 T ubi_leb_write
00e20f68 T ubi_leb_change
00e2103c T ubi_leb_erase
00e210bc T ubi_leb_unmap
00e21124 T ubi_leb_map
00e211c8 T ubi_is_mapped
00e21210 t ltree_lookup.isra.7
00e2124c t ltree_add_entry
00e21328 t leb_write_unlock
00e21364 t leb_read_unlock
00e213a0 T ubi_eba_unmap_leb
00e21424 T ubi_eba_read_leb
00e216c4 T ubi_eba_write_leb
00e21e38 T ubi_eba_write_leb_st
00e2233c T ubi_eba_atomic_leb_change
00e227b8 T ubi_eba_copy_leb
00e22bd8 T ubi_eba_init_scan
00e22e04 T ubi_eba_close
00e22e40 t erase_callback
00e22e44 t do_sync_erase
00e22f1c T ubi_io_read
00e23010 T ubi_io_write
00e230c0 T ubi_io_sync_erase
00e23294 T ubi_io_is_bad
00e232f8 T ubi_io_mark_bad
00e23380 T ubi_io_read_ec_hdr
00e23680 T ubi_io_write_ec_hdr
00e23790 T ubi_io_read_vid_hdr
00e23b8c T ubi_io_write_vid_hdr
00e23c30 t in_wl_tree
00e23c8c t cancel_pending
00e23ce0 t do_work
00e23d58 t tree_destroy
00e23dac t find_wl_entry
00e23dec t ensure_wear_leveling
00e23eb4 t prot_tree_del
00e23f1c t prot_tree_add
00e23fe0 t wl_tree_add
00e24040 t schedule_erase
00e240ac t erase_worker
00e24434 t wear_leveling_worker
00e24758 T ubi_wl_get_peb
00e248d8 T ubi_wl_put_peb
00e249f4 T ubi_wl_scrub_peb
00e24aec T ubi_wl_flush
00e24b34 T ubi_thread
00e24c00 T ubi_wl_init_scan
00e24ed8 T ubi_wl_close
00e24f68 t validate_vid_hdr
00e25078 t add_to_list
00e2511c T ubi_scan_add_used
00e25998 T ubi_scan_find_sv
00e259d0 T ubi_scan_find_seb
00e25a08 T ubi_scan_rm_volume
00e25a70 T ubi_scan_erase_peb
00e25b74 T ubi_scan_get_free_peb
00e25c6c T ubi_scan_destroy_si
00e25e6c T ubi_scan
00e264c0 T crc32_le
00e265a4 T ubi_calc_data_len
00e265d0 T ubi_check_volume
00e26680 T ubi_calculate_reserved
00e266a8 T nuc970_eth_write_hwaddr
00e26700 T nuc970_eth_halt
00e2671c T nuc970_eth_send
00e26770 T nuc970_eth_recv
00e267dc T nuc970_eth_mii_write
00e26804 T nuc970_eth_mii_read
00e26834 T nuc970_reset_phy
00e2694c T init_tx_desc
00e269b8 T init_rx_desc
00e26a30 T nuc970_eth_init
00e26a74 T nuc970_eth_register
00e26af8 t get_current
00e26b38 W altera_jtag_serial_initialize
00e26b38 W altera_serial_initialize
00e26b38 W amirix_serial_initialize
00e26b38 W asc_serial_initialize
00e26b38 W atmel_serial_initialize
00e26b38 W au1x00_serial_initialize
00e26b38 W bfin_jtag_initialize
00e26b38 W bfin_serial_initialize
00e26b38 W bmw_serial_initialize
00e26b38 W clps7111_serial_initialize
00e26b38 W cogent_serial_initialize
00e26b38 W cpci750_serial_initialize
00e26b38 W evb64260_serial_initialize
00e26b38 W imx_serial_initialize
00e26b38 W iop480_serial_initialize
00e26b38 W ixp_serial_initialize
00e26b38 W jz_serial_initialize
00e26b38 W ks8695_serial_initialize
00e26b38 W leon2_serial_initialize
00e26b38 W leon3_serial_initialize
00e26b38 W lh7a40x_serial_initialize
00e26b38 W lpc32xx_serial_initialize
00e26b38 W marvell_serial_initialize
00e26b38 W max3100_serial_initialize
00e26b38 W mcf_serial_initialize
00e26b38 W ml2_serial_initialize
00e26b38 W mpc512x_serial_initialize
00e26b38 W mpc5xx_serial_initialize
00e26b38 W mpc8220_serial_initialize
00e26b38 W mpc8260_scc_serial_initialize
00e26b38 W mpc8260_smc_serial_initialize
00e26b38 W mpc85xx_serial_initialize
00e26b38 W mpc8xx_serial_initialize
00e26b38 W mxc_serial_initialize
00e26b38 W ns16550_serial_initialize
00e26b38 W nuc900_serial_initialize
00e26b38 W oc_serial_initialize
00e26b38 W p3mx_serial_initialize
00e26b38 W pl01x_serial_initialize
00e26b38 W pxa_serial_initialize
00e26b38 W s3c24xx_serial_initialize
00e26b38 W s3c44b0_serial_initialize
00e26b38 W s3c64xx_serial_initialize
00e26b38 W s5p_serial_initialize
00e26b38 W sa1100_serial_initialize
00e26b38 W sandbox_serial_initialize
00e26b38 W sconsole_serial_initialize
00e26b38 W sh_serial_initialize
00e26b38 W uartlite_serial_initialize
00e26b38 W zynq_serial_initalize
00e26b38 t serial_null
00e26b3c T serial_register
00e26b54 T serial_stdio_init
00e26be0 T serial_assign
00e26c28 T serial_initialize
00e26d04 T serial_reinit_all
00e26d30 T serial_init
00e26d44 T serial_setbrg
00e26d58 t on_baudrate
00e26e3c T serial_getc
00e26e50 T serial_tstc
00e26e64 T serial_putc
00e26e80 T serial_puts
00e26e9c T default_serial_puts
00e26ecc T nuc970_serial_init
00e26f04 T nuc970_serial_getc
00e26f20 T nuc970_serial_tstc
00e26f38 T nuc970_serial_setbrg
00e26f3c T nuc970_serial_putc
00e26f78 T nuc970_serial_puts
00e26f98 T nuc970_serial_initialize
00e26fa4 W default_serial_console
00e26fb0 T spi_do_alloc_slave
00e26ff4 t handshake
00e27048 t ehci_td_buffer
00e270d0 t ehci_submit_async
00e2767c t disable_periodic.isra.0
00e276c4 t enable_periodic.isra.1
00e27714 T __ehci_powerup_fixup
00e27714 W ehci_powerup_fixup
00e2771c T ehci_submit_root
00e27bf8 T usb_lowlevel_stop
00e27bfc T usb_lowlevel_init
00e27e4c T submit_bulk_msg
00e27e74 T submit_control_msg
00e27edc T create_int_queue
00e28194 T poll_int_queue
00e281cc T destroy_int_queue
00e282a4 T submit_int_msg
00e28380 T ehci_hcd_init
00e2842c T ehci_hcd_stop
00e28434 t Unlock_RegWriteProtect
00e28460 T hw_watchdog_reset
00e2848c T hw_watchdog_init
00e28530 t downcase
00e28560 t disk_read
00e285b0 t dirdelim
00e285e0 t get_fatent
00e28738 t mkcksum
00e2878c t get_cluster
00e28904 t get_name
00e289b0 t read_bootsectandvi
00e28ad4 t slot2str
00e28b94 t get_vfatname
00e28d4c T fat_set_blk_dev
00e28e1c T fat_register_device
00e28ea4 T do_fat_read_at
00e299d0 T do_fat_read
00e299f8 T file_fat_detectfs
00e29b40 T file_fat_ls
00e29b50 T file_fat_read_at
00e29b98 T file_fat_read
00e29bac T fat_read_file
00e29be8 T fat_close
00e29bec T file_getfsname
00e29c04 T file_cd
00e29df8 T file_detectfs
00e29e34 T file_ls
00e29ec0 T file_read
00e29f5c T rtime_decompress
00e2a01c T rubin_do_decompress
00e2a0f0 T dynrubin_decompress
00e2a12c T zlib_decompress
00e2a144 t insert_node
00e2a204 t jffs2_1pass_find_inode.isra.9
00e2a374 t jffs2_1pass_search_inode
00e2a498 T jffs2_free_cache
00e2a4f4 T mkmodestr
00e2a604 t jffs2_1pass_search_list_inodes.constprop.11
00e2abc0 T jffs2_1pass_rescan_needed
00e2ac2c t jffs2_get_list
00e2b1cc T jffs2_1pass_ls
00e2b224 T jffs2_1pass_load
00e2b778 T jffs2_1pass_info
00e2b890 t fill_code_tables
00e2b950 T cramfs_memset
00e2b970 t init_code_tables
00e2b9ac T pull_bits
00e2ba04 T pull_bit
00e2ba3c t read_symbol
00e2bac4 t decompress_huffman
00e2bc00 T decompress_block
00e2c1b4 t fs_probe_unsupported
00e2c1cc t fs_ls_unsupported
00e2c1d4 t fs_read_unsupported
00e2c1dc t fs_close_unsupported
00e2c1e0 t fs_get_info
00e2c200 t fs_close
00e2c228 T fs_set_blk_dev
00e2c2c8 T fs_ls
00e2c304 T fs_read
00e2c384 T do_load
00e2c550 T do_ls
00e2c5b8 t gzip_decompress
00e2c5e4 t ubifs_findfile
00e2c95c T ubifs_decompress
00e2ca24 t read_block
00e2cb68 T ubifs_compressors_init
00e2cb9c T ubifs_ls
00e2d068 T ubifs_load
00e2d370 T ubifs_ro_mode
00e2d3ac T ubifs_check_node
00e2d57c T ubifs_pad
00e2d670 T ubifs_prepare_node
00e2d7ec T ubifs_read_node
00e2d93c t sb_set
00e2d94c t sb_test
00e2d964 t free_orphans
00e2d9f0 T sget
00e2da84 T iget_locked
00e2dad0 T ubifs_iput
00e2dafc T iput
00e2db68 T ubifs_iget
00e2df88 T ubifs_umount
00e2e014 t ubifs_get_sb
00e2ec64 T ubifs_init
00e2ec68 T ubifs_mount
00e2ed14 t key_r5_hash
00e2ed54 t key_test_hash
00e2ed94 T ubifs_read_sb_node
00e2edfc T ubifs_read_superblock
00e2f550 T ubifs_read_master
00e301e0 t generic_fls
00e30234 t calc_nnode_num_from_parent.isra.1
00e30264 t calc_pnode_num_from_parent.isra.2
00e30298 T ubifs_calc_lpt_geom
00e305d4 T ubifs_unpack_bits
00e30714 t check_lpt_crc
00e30794 t check_lpt_type.constprop.5
00e307dc T ubifs_add_lpt_dirt
00e3080c T ubifs_add_nnode_dirt
00e3086c t dirty_cow_nnode
00e30968 T ubifs_unpack_nnode
00e30a24 T ubifs_read_nnode
00e30c48 T ubifs_get_nnode
00e30c7c T ubifs_get_pnode
00e30ffc T ubifs_lpt_lookup
00e31098 T ubifs_lpt_lookup_dirty
00e312a0 T ubifs_lpt_init
00e31460 T ubifs_lpt_free
00e31620 T ubifs_scan_a_node
00e31790 T ubifs_start_scan
00e31860 T ubifs_end_scan
00e3187c T ubifs_add_snod
00e31958 T ubifs_scanned_corruption
00e31984 T ubifs_scan_destroy
00e319c8 T ubifs_scan
00e31b84 t get_heap_comp_val
00e31bb0 t move_up_lpt_heap.isra.2
00e31c38 t adjust_lpt_heap.isra.3
00e31dd4 t remove_from_lpt_heap.isra.4
00e31e34 T ubifs_add_to_cat
00e31fd8 T ubifs_replace_cat
00e3203c T ubifs_categorize_lprops
00e320d8 T ubifs_ensure_cat
00e32124 T ubifs_change_lp
00e32480 T ubifs_get_lp_stats
00e32494 T ubifs_change_one_lp
00e324f8 T ubifs_update_one_lp
00e32560 T ubifs_read_one_lp
00e32590 T ubifs_fast_find_free
00e325a8 T ubifs_fast_find_empty
00e325c4 T ubifs_fast_find_freeable
00e325d8 T ubifs_fast_find_frdi_idx
00e325f4 t insert_zbranch
00e326d4 t insert_old_idx
00e32794 t get_znode
00e327c4 t tnc_prev
00e3285c t tnc_next
00e328f8 t fallible_read_node
00e32a78 t correct_parent_keys.isra.12
00e32ae4 t key_in_range.isra.13
00e32b40 t lnc_free.isra.14
00e32b64 t tnc_read_node_nm
00e32be0 t matches_name
00e32cb0 t resolve_collision
00e32e78 t tnc_insert.constprop.19
00e3328c t fallible_matches_name
00e33368 t fallible_resolve_collision
00e335e0 t dirty_cow_znode
00e33774 t dirty_cow_bottom_up
00e33870 t lookup_level0_dirty
00e33a30 T insert_old_idx_znode
00e33a84 t tnc_delete
00e33ca0 T destroy_old_idx
00e33d00 T ubifs_lookup_level0
00e33e64 T ubifs_tnc_locate
00e33f5c T ubifs_tnc_get_bu_keys
00e341a0 T ubifs_tnc_bulk_read
00e343b8 T ubifs_tnc_lookup_nm
00e34490 T ubifs_tnc_add
00e34550 T ubifs_tnc_replace
00e347e8 T ubifs_tnc_remove
00e34828 T ubifs_tnc_remove_nm
00e348f0 T ubifs_tnc_add_nm
00e34a98 T ubifs_tnc_remove_range
00e34c94 T ubifs_tnc_next_ent
00e34da4 T ubifs_tnc_remove_ino
00e34ee8 T ubifs_tnc_levelorder_next
00e35044 T ubifs_search_zbranch
00e350c4 T ubifs_tnc_postorder_first
00e35110 T ubifs_tnc_postorder_next
00e3515c T ubifs_load_znode
00e3544c T ubifs_tnc_read_node
00e354d4 T crc16
00e35508 T ubifs_calc_min_idx_lebs
00e355ac T ubifs_reported_space
00e35624 T ubifs_search_bud
00e35658 T ubifs_add_bud
00e35704 T ubifs_clear_orphans
00e3578c T ubifs_mount_orphans
00e35b48 t is_empty
00e35b78 t get_master_node
00e35d74 t add_ino
00e35e0c t is_last_write
00e35e9c t find_ino.isra.4
00e35ec4 t recover_head
00e35fe8 t clean_buf.isra.6
00e36074 T ubifs_recover_master_node
00e36248 T ubifs_write_rcvrd_mst_node
00e363a8 T ubifs_recover_leb
00e36840 T ubifs_recover_log_leb
00e36a90 T ubifs_recover_inl_heads
00e36acc T ubifs_clean_lebs
00e36cf8 T ubifs_recover_size_accum
00e36e10 T ubifs_recover_size
00e36f90 t insert_node
00e370c4 T ubifs_validate_entry
00e371f0 T ubifs_replay_journal
00e38110 T yaffs_alloc_raw_tnode
00e38258 T yaffs_free_raw_tnode
00e382c0 T yaffs_alloc_raw_obj
00e383fc T yaffs_free_raw_obj
00e38468 T yaffs_deinit_raw_tnodes_and_objs
00e3854c T yaffs_init_raw_tnodes_and_objs
00e385e8 T yaffs_load_attribs
00e3861c T yaffs_load_attribs_oh
00e38650 T yaffs_attribs_init
00e38684 T yaffs_load_current_time
00e386a8 T yaffs_get_file_size
00e386f4 T yaffs_set_attribs
00e38784 T yaffs_get_attribs
00e387d4 T yaffs_verify_chunk_bit_id
00e38850 T yaffs_clear_chunk_bits
00e388d4 T yaffs_clear_chunk_bit
00e38980 T yaffs_set_chunk_bit
00e38a2c T yaffs_check_chunk_bit
00e38ad4 T yaffs_still_some_chunks
00e38b7c T yaffs_count_chunk_bits
00e38c40 t yaffs_error_str
00e38c70 T yaffs_bug_fn
00e38c88 T yaffsfs_malloc
00e38c8c T yaffsfs_free
00e38c90 T yaffsfs_SetError
00e38ca0 T yaffsfs_GetLastError
00e38cb0 T yaffsfs_GetError
00e38cc0 T yaffsfs_Lock
00e38cc4 T yaffsfs_Unlock
00e38cc8 T yaffsfs_CurrentTime
00e38cd0 T yaffs_malloc
00e38cd4 T yaffs_free
00e38cd8 T yaffsfs_LocalInitialisation
00e38cdc T cmd_yaffs_tracemask
00e38cfc T cmd_yaffs_devconfig
00e38f60 T cmd_yaffs_dev_ls
00e39004 T make_a_file
00e3908c T read_a_file
00e39110 T cmd_yaffs_mount
00e39150 T cmd_yaffs_umount
00e39190 T cmd_yaffs_write_file
00e39194 T cmd_yaffs_read_file
00e39198 T cmd_yaffs_mread_file
00e39214 T cmd_yaffs_mwrite_file
00e3926c T cmd_yaffs_ls
00e39370 T cmd_yaffs_mkdir
00e393a0 T cmd_yaffs_rmdir
00e393cc T cmd_yaffs_rm
00e393f8 T cmd_yaffs_mv
00e39430 t yaffs_checkpt_erase
00e39598 t yaffs2_checkpt_flush_buffer
00e3981c T yaffs2_checkpt_open
00e39978 T yaffs2_get_checkpt_sum
00e39990 T yaffs2_checkpt_wr
00e39a48 T yaffs2_checkpt_rd
00e39cb8 T yaffs_checkpt_close
00e39dc0 T yaffs2_checkpt_invalidate_stream
00e39df8 t generic_hweight32
00e39e58 t generic_hweight8
00e39e84 T yaffs_ecc_calc
00e39f88 T yaffs_ecc_correct
00e3a0ac T yaffs_ecc_calc_other
00e3a108 T yaffs_ecc_correct_other
00e3a1e4 T yaffs_error_to_str
00e3a228 t yaffsfs_HandleToFileDes
00e3a270 t yaffsfs_HandleToObject
00e3a2d0 t yaffsfs_GetHandle
00e3a30c t yaffsfs_TooManyObjects
00e3a334 t yaffsfs_IsDevBusy
00e3a378 t yaffsfs_SetDirRewound
00e3a3c4 t yaffsfs_DirAdvance
00e3a420 t yaffsfs_RemoveObjectCallback
00e3a470 t yaffsfs_NewHandle
00e3a4dc t yaffsfs_FindInodeIdForObject
00e3a538 t yaffsfs_DoChMod
00e3a588 t yaffsfs_DoStat
00e3a66c t yaffsfs_DoUtime
00e3a700 t yaffsfs_PutInode.part.1
00e3a754 t yaffsfs_PutHandle
00e3a828 T yaffs_set_trace
00e3a838 T yaffs_get_trace
00e3a848 T yaffsfs_Match
00e3a858 T yaffsfs_IsPathDivider
00e3a884 t yaffsfs_CheckPath
00e3a8cc t yaffsfs_FindDevice
00e3aa68 t yaffsfs_FindMountPoint
00e3aaa4 t yaffsfs_FollowLink
00e3ab38 t yaffsfs_DoFindDirectory
00e3aca0 t yaffsfs_FindObject
00e3ad08 t yaffsfs_DoStatOrLStat
00e3ae2c t yaffs_do_setxattr
00e3af60 t yaffs_do_getxattr
00e3b08c t yaffs_do_listxattr
00e3b1a8 t yaffs_do_removexattr
00e3b2bc t yaffsfs_alt_dir_path
00e3b350 T yaffsfs_CheckNameLength
00e3b388 T yaffs_dup
00e3b438 T yaffs_open_sharing
00e3ba10 T yaffs_open
00e3ba18 T yaffs_Dofsync
00e3ba74 T yaffs_fsync
00e3ba7c T yaffs_flush
00e3ba80 T yaffs_fdatasync
00e3ba88 T yaffs_close
00e3baf4 T yaffsfs_do_read
00e3bcb8 T yaffs_read
00e3bcd8 T yaffs_pread
00e3bce0 T yaffsfs_do_write
00e3bedc T yaffs_write
00e3befc T yaffs_pwrite
00e3bf04 T yaffs_truncate
00e3c03c T yaffs_ftruncate
00e3c0e8 T yaffs_lseek
00e3c1dc T yaffsfs_DoUnlink
00e3c37c T yaffs_unlink
00e3c384 T yaffs_rename
00e3c61c T yaffs_stat
00e3c624 T yaffs_lstat
00e3c62c T yaffs_fstat
00e3c688 T yaffs_utime
00e3c768 T yaffs_futime
00e3c7b0 T yaffs_setxattr
00e3c7d0 T yaffs_lsetxattr
00e3c7f0 T yaffs_fsetxattr
00e3c870 T yaffs_getxattr
00e3c888 T yaffs_lgetxattr
00e3c8a0 T yaffs_fgetxattr
00e3c918 T yaffs_listxattr
00e3c920 T yaffs_llistxattr
00e3c928 T yaffs_flistxattr
00e3c990 T yaffs_removexattr
00e3c998 T yaffs_lremovexattr
00e3c9a0 T yaffs_fremovexattr
00e3ca00 T yaffs_access
00e3cb50 T yaffs_chmod
00e3cc5c T yaffs_fchmod
00e3ccd0 T yaffs_mkdir
00e3ce30 T yaffs_rmdir
00e3cea0 T yaffs_getdev
00e3ceb4 T yaffs_mount_common
00e3d030 T yaffs_mount2
00e3d038 T yaffs_mount
00e3d044 T yaffs_sync
00e3d0d4 T yaffs_remount
00e3d190 T yaffs_unmount2
00e3d2f8 T yaffs_unmount
00e3d300 T yaffs_freespace
00e3d388 T yaffs_totalspace
00e3d43c T yaffs_inodecount
00e3d4d0 T yaffs_add_device
00e3d538 T yaffs_remove_device
00e3d558 T yaffs_dev_rewind
00e3d574 T yaffs_next_dev
00e3d5a4 T yaffs_opendir
00e3d73c T yaffs_readdir
00e3d814 T yaffs_rewinddir
00e3d830 T yaffs_closedir
00e3d878 T yaffs_symlink
00e3d9d4 T yaffs_readlink
00e3dae0 T yaffs_link
00e3dcc8 T yaffs_mknod
00e3dcdc T yaffs_n_handles
00e3dd60 T yaffs_get_error
00e3dd64 T yaffs_set_error
00e3dd74 T yaffs_dump_dev
00e3dd7c t yaffs_calc_name_sum
00e3ddcc t yaffs_grab_chunk_worker
00e3de04 t yaffs_find_chunk_cache
00e3de68 t yaffs_invalidate_whole_cache
00e3deac t yaffs_deinit_blocks
00e3df1c t yaffs_free_tnode
00e3df40 t yaffs_prune_worker
00e3e018 t yaffs_find_chunk_in_group
00e3e0e0 t yaffs_remove_obj_from_dir
00e3e148 t yaffs_free_obj
00e3e278 T yaffs_addr_to_chunk
00e3e2cc T yaffs_get_temp_buffer
00e3e35c T yaffs_release_temp_buffer
00e3e3e8 t yaffs_do_xattrib_fetch
00e3e508 T yaffs_is_managed_tmp_buffer
00e3e594 T yaffs_handle_chunk_error
00e3e5f8 T yaffs_root
00e3e600 T yaffs_lost_n_found
00e3e608 T yaffs_check_ff
00e3e638 t yaffs_check_chunk_erased
00e3e6d8 T yaffs_check_alloc_available
00e3e70c T yaffs_skip_rest_of_block
00e3e7b0 T yaffs_set_obj_name
00e3e814 T yaffs_set_obj_name_from_oh
00e3e81c T yaffs_max_file_size
00e3e844 T yaffs_get_tnode
00e3e880 T yaffs_load_tnode_0
00e3e8f4 T yaffs_get_group_base
00e3e940 t yaffs_soft_del_worker
00e3eb00 T yaffs_find_tnode_0
00e3eb78 t yaffs_find_chunk_in_file
00e3ebe0 t yaffs_rd_data_obj
00e3ec4c T yaffs_add_find_tnode_0
00e3edcc T yaffs_add_obj_to_dir
00e3ef04 T yaffs_handle_defered_free
00e3ef14 T yaffs_find_by_number
00e3ef70 T yaffs_new_obj
00e3f204 T yaffs_find_or_create_by_number
00e3f238 T yaffs_clone_str
00e3f288 t yaffs_check_obj_details_loaded
00e3f328 T yaffs_block_became_dirty
00e3f6d4 T yaffs_chunk_del
00e3f900 T yaffs_put_chunk_in_file
00e3fabc t yaffs_write_new_chunk
00e40004 T yaffs_get_xattrib
00e40008 T yaffs_list_xattrib
00e4001c T yaffs_is_non_empty_dir
00e4004c T yaffs_handle_shadowed_obj
00e400b8 T yaffs_link_fixup
00e40114 T yaffs_get_equivalent_obj
00e40140 T yaffs_get_obj_name
00e40298 T yaffs_find_by_name
00e40400 t yaffs_change_obj_name
00e40544 t yaffs_generic_obj_del
00e405c4 t yaffs_check_gc
00e41184 T yaffs_update_oh
00e41600 T yaffs_update_dirty_dirs
00e416a0 t yaffs_update_parent
00e41744 T yaffs_set_xattrib
00e417a0 T yaffs_remove_xattrib
00e417f4 t yaffs_wr_data_obj
00e41954 t yaffs_flush_file_cache
00e41a40 T yaffs_flush_whole_cache
00e41ab0 t yaffs_grab_chunk_cache
00e41b5c T yaffs_file_rd
00e41d40 T yaffs_flush_file
00e41db4 T yaffs_do_file_wr
00e42184 T yaffs_wr_file
00e421c4 T yaffs_resize_file_down
00e42460 T yaffs_bg_gc
00e424b8 T yaffs_resize_file
00e4257c t yaffs_soft_del_file
00e42614 T yaffs_del_file
00e42798 T yaffs_del_obj
00e4287c t yaffs_create_obj
00e429d8 T yaffs_create_file
00e42a24 T yaffs_create_dir
00e42a70 T yaffs_create_special
00e42ac0 T yaffs_create_symlink
00e42b10 T yaffs_link_obj
00e42b64 t yaffs_unlink_obj
00e42cec T yaffs_unlinker
00e42cfc T yaffs_rename_obj
00e42e74 t yaffs_del_dir_contents
00e42f1c T yaffs_get_obj_length
00e42f74 T yaffs_get_obj_link_count
00e42fa8 T yaffs_get_obj_inode
00e42fb8 T yaffs_get_obj_type
00e43034 T yaffs_get_symlink_alias
00e43058 T yaffs_deinitialise
00e43130 T yaffs_guts_initialise
00e43a58 T yaffs_count_free_chunks
00e43acc T yaffs_get_n_free_chunks
00e43b44 T yaffs_oh_size_load
00e43b50 T yaffs_oh_to_size
00e43b7c t nval_used
00e43bf0 t nval_find
00e43cb4 T nval_del
00e43d34 T nval_set
00e43e54 T nval_get
00e43f34 T nval_list
00e44030 T nval_hasvalues
00e44048 T yaffs_rd_chunk_tags_nand
00e44138 T yaffs_wr_chunk_tags_nand
00e44224 T yaffs_mark_bad
00e4424c T yaffs_query_init_block_state
00e44274 T yaffs_erase_block
00e44298 T yaffs_init_nand
00e442b8 T yaffs_pack_tags1
00e44350 T yaffs_unpack_tags1
00e443f8 t yaffs_dump_packed_tags2_tags_only
00e44434 t yaffs_dump_tags2
00e444a0 T yaffs_pack_tags2_tags_only
00e4456c T yaffs_pack_tags2
00e44598 T yaffs_unpack_tags2_tags_only
00e44658 T yaffs_unpack_tags2
00e446e4 T yaffs_qsort
00e44ec0 T yaffs_summary_deinit
00e44eec T yaffs_summary_init
00e44f74 T yaffs_summary_read
00e4520c T yaffs_summary_add
00e454d8 T yaffs_summary_fetch
00e4553c T yaffs_summary_gc
00e4563c t generic_hweight8
00e45668 t yaffs_wr_nand
00e456b4 t yaffs_handle_rd_data_error
00e45770 t yaffs_rd_chunk_nand.constprop.2
00e45a44 T yaffs_calc_ecc
00e45a68 T yaffs_calc_tags_ecc
00e45ae0 T yaffs_check_tags_ecc
00e45b40 T yaffs_tags_compat_wr
00e45c90 T yaffs_tags_compat_rd
00e45e20 T yaffs_tags_compat_mark_bad
00e45e88 T yaffs_tags_compat_query_block
00e45f60 T yaffs_skip_verification
00e45f7c T yaffs_verify_blk
00e460a8 T yaffs_verify_collected_blk
00e460f4 T yaffs_verify_blocks
00e462e0 T yaffs_verify_oh
00e464ac T yaffs_verify_file
00e465b8 T yaffs_verify_link
00e465bc T yaffs_verify_symlink
00e465c0 T yaffs_verify_special
00e465c4 T yaffs_verify_dir
00e466a0 T yaffs_verify_obj
00e468fc T yaffs_verify_objects
00e46948 T yaffs_verify_obj_in_dir
00e46a80 T yaffs_verify_free_chunks
00e46ae0 T yaffs_verify_file_sane
00e46ae8 T yaffs1_scan
00e472b8 t yaffs2_ybicmp
00e472d8 t yaffs2_checkpt_tnode_worker
00e47398 t yaffs2_wr_checkpt_validity_marker
00e473fc t yaffs2_rd_checkpt_validity_marker
00e4746c T yaffs_calc_oldest_dirty_seq
00e474fc T yaffs2_find_oldest_dirty_seq
00e47518 T yaffs2_clear_oldest_dirty_seq
00e4754c T yaffs2_update_oldest_dirty_seq
00e47578 T yaffs_block_ok_for_gc
00e475c0 T yaffs2_find_refresh_block
00e47698 T yaffs2_checkpt_required
00e476e4 T yaffs_calc_checkpt_blocks_required
00e47784 T yaffs2_checkpt_invalidate
00e477cc T yaffs_checkpoint_save
00e47c5c T yaffs2_checkpt_restore
00e48298 T yaffs2_handle_hole
00e48410 T yaffs2_scan_backwards
00e490cc T nandmtd_WriteChunkToNAND
00e49210 T nandmtd_ReadChunkFromNAND
00e49380 T nandmtd_EraseBlockInNAND
00e493f0 T nandmtd_InitialiseNAND
00e493f8 T nandmtd2_write_chunk_tags
00e49538 T nandmtd2_read_chunk_tags
00e49770 T nandmtd2_MarkNANDBlockBad
00e497cc T nandmtd2_QueryNANDBlock
00e498c4 t yaffs_init_blocks
00e499cc t yaffs_create_fake_dir
00e49a0c t yaffs_create_initial_dir
00e49ac0 T cyg_crc16
00e49b08 T crc32_no_comp
00e49be0 T crc32
00e49bf4 T crc32_wd
00e49c44 T crc32_wd_buf
00e49c80 T crc7
00e49ca4 T display_options
00e49cc4 T print_size
00e49e04 T print_buffer
00e49fc0 T __div64_32
00e4a094 T gzalloc
00e4a0a4 T gzfree
00e4a0ac T zunzip
00e4a1b4 T gunzip
00e4a27c t cmpkey
00e4a290 t _hdelete.isra.1
00e4a2e0 t drop_var_from_set.part.2
00e4a330 T hcreate_r
00e4a3dc T hdestroy_r
00e4a450 T hstrstr_r
00e4a4fc T hmatch_r
00e4a59c T hsearch_r
00e4aa1c T hdelete_r
00e4aaf0 T hexport_r
00e4adbc T himport_r
00e4b0f0 T hwalk_r
00e4b148 T initcall_run_list
00e4b174 T ldiv
00e4b1c4 T skip_spaces
00e4b1ec T strim
00e4b24c t lmb_add_region
00e4b40c T lmb_dump_all
00e4b410 T lmb_init
00e4b438 T lmb_add
00e4b43c T lmb_free
00e4b548 T lmb_reserve
00e4b550 T lmb_overlaps_region
00e4b5a8 T __lmb_alloc_base
00e4b6b4 T lmb_alloc_base
00e4b6e8 T lmb_alloc
00e4b6f0 T lmb_is_reserved
00e4b740 T __board_lmb_reserve
00e4b740 W board_lmb_reserve
00e4b744 T __arch_lmb_reserve
00e4b748 T string_to_ip
00e4b7c0 T qsort
00e4b8a4 T strcmp_compar
00e4b8b0 t __rb_rotate_left
00e4b91c t __rb_rotate_right
00e4b98c T rb_insert_color
00e4bac0 T rb_erase
00e4be14 T rb_first
00e4be34 T rb_last
00e4be54 T rb_next
00e4beb4 T rb_prev
00e4bf14 T rb_replace_node
00e4bf74 T strncasecmp
00e4bff4 T strcasecmp
00e4bffc T strcpy
00e4c018 T strncpy
00e4c03c T strcat
00e4c06c T strncat
00e4c0c0 T strcmp
00e4c0f0 T strncmp
00e4c134 T strchr
00e4c160 T strlen
00e4c180 T strrchr
00e4c1bc T strnlen
00e4c1ec T strdup
00e4c228 T strspn
00e4c264 T strpbrk
00e4c2a0 T strtok
00e4c328 T strsep
00e4c360 T strswab
00e4c3a8 T memset
00e4c408 T bcopy
00e4c428 T memcpy
00e4c488 T memmove
00e4c4dc T memcmp
00e4c510 T memscan
00e4c53c T strstr
00e4c5a4 T memchr
00e4c5d4 T strmhz
00e4c640 T udelay
00e4c674 T mdelay
00e4c698 t put_dec_trunc
00e4c790 t put_dec
00e4c8dc t string.isra.0
00e4c96c t number.isra.4
00e4cbc4 t vsnprintf_internal.isra.6
00e4d1ac T simple_strtoul
00e4d264 T strict_strtoul
00e4d2e0 T simple_strtol
00e4d308 T ustrtoul
00e4d378 T simple_strtoull
00e4d454 T ustrtoull
00e4d4dc T vsprintf
00e4d4e0 T sprintf
00e4d508 T panic
00e4d54c T __assert_fail
00e4d560 T simple_itoa
00e4d5b4 T lzo1x_decompress_safe
00e4dc50 T lzop_decompress
00e4dd94 T zcalloc
00e4dd9c T zcfree
00e4dda4 T inflate_fast
00e4e34c T inflate_table
00e4e8b0 T inflateReset
00e4e934 T inflateInit2_
00e4ea3c T inflateInit_
00e4ea50 T inflateEnd
00e4eac0 T adler32
00e4ee14 T inflate
00e50324 T ArpInit
00e50350 T arp_raw_request
00e50418 T ArpRequest
00e50490 T ArpTimeoutCheck
00e50504 T ArpReceive
00e50710 t DhcpOptionsProcess
00e50920 t DhcpHandler
00e50d6c T BootpRequest
00e50fe4 t BootpTimeout
00e5102c T DhcpRequest
00e51030 W cpu_eth_init
00e51030 t __def_eth_init
00e51038 t eth_current_changed
00e51098 T eth_parse_enetaddr
00e510f0 T eth_getenv_enetaddr
00e5114c T eth_setenv_enetaddr
00e51180 T eth_getenv_enetaddr_by_index
00e511d0 T eth_get_dev_by_name
00e51254 T eth_get_dev_by_index
00e5129c T eth_get_dev_index
00e512b8 T eth_write_hwaddr
00e51490 T eth_register
00e514fc T eth_unregister
00e51594 T eth_initialize
00e51750 T eth_halt
00e51780 T eth_send
00e517b8 T eth_rx
00e517e4 T eth_try_another
00e51860 T eth_init
00e51928 T eth_set_current
00e519bc T eth_get_name
00e519dc t startAgainTimeout
00e519f0 t dummy_handler
00e519f4 t net_clear_handlers
00e51a18 T net_auto_load
00e51a7c T NetStartAgain
00e51ba4 T net_get_udp_handler
00e51bb4 T net_set_udp_handler
00e51bd4 T net_get_arp_handler
00e51be4 T net_set_arp_handler
00e51c04 T NetSetTimeout
00e51c40 T NetCksum
00e51c74 T NetCksumOk
00e51c98 T NetReceive
00e51f54 T NetEthHdrSize
00e51f94 T NetSetEther
00e5203c T net_update_ether
00e520c0 T net_set_ip_header
00e5214c T net_set_udp_header
00e521f4 T NetSendUDPPacket
00e52300 T copy_filename
00e52348 t on_bootfile
00e52374 T random_port
00e52390 T ip_to_string
00e523e4 T VLAN_to_string
00e52434 T string_to_VLAN
00e5248c T getenv_VLAN
00e5249c t NetInitLoop
00e5255c T net_init
00e525cc T NetLoop
00e528c8 t rpc_lookup_reply
00e529a0 t nfs_mount_reply
00e52a48 t nfs_umountall_reply
00e52ae0 t nfs_lookup_reply
00e52b80 t nfs_readlink_reply
00e52c90 t basename
00e52ccc t rpc_add_credentials
00e52da8 t rpc_req
00e52ec0 t nfs_mount_req
00e52f68 t nfs_umountall_req
00e52fc0 t nfs_lookup_req
00e5307c t nfs_read_req
00e5311c t nfs_readlink_req
00e53174 t nfs_read_reply.isra.0
00e532e4 t NfsSend
00e533e0 t NfsHandler
00e535b4 t NfsTimeout
00e5360c T NfsStart
00e53838 t ping_timeout
00e53854 T ping_start
00e53978 T ping_receive
00e53a60 t TftpSend
00e53bfc t TftpHandler
00e53f2c t TftpTimeout
00e53fa4 T TftpStart
00e54290 T board_early_init_f
00e542c0 T dram_init_banksize
00e5436c T dram_init
00e543c0 T board_eth_init
00e543fc T enable_caches
00e54400 T board_init
00e54414 T board_late_init
00e54424 T NUC970_cleanup
00e5442c T timer_init
00e54474 T get_ticks
00e544f8 T __udelay
00e54578 T get_timer
00e545d8 T get_tbclk
00e545e0 t otp_init
00e546f8 T do_decrypt
00e54760 t do_decrypt_program
00e54938 t do_decrypt_aes
00e54ad4 T raise
00e54af0 T __aeabi_unwind_cpp_pr0
00e54af4 T __aeabi_unwind_cpp_pr1
00e54af8 T __udivsi3
00e54af8 t .udivsi3_skip_div0_test
00e54af8 t __aeabi_uidiv
00e54ba0 t __aeabi_uidivmod
00e54bc0 T __divsi3
00e54bc0 t __aeabi_idiv
00e54bc8 t .divsi3_skip_div0_test
00e54c9c t __aeabi_idivmod
00e54cbc T __lshrdi3
00e54cbc t __aeabi_llsr
00e54cd8 T __ashrdi3
00e54cd8 t __aeabi_lasr
00e54cf4 T __ashldi3
00e54cf4 t __aeabi_llsl
00e54d10 t __aeabi_ldivmod
00e54d54 t __aeabi_uldivmod
00e54d90 t __aeabi_idiv0
00e54d90 t __aeabi_ldiv0
00e54da0 t __gnu_ldivmod_helper
00e54ddc t __gnu_uldivmod_helper
00e54e18 t __divdi3
00e552b0 t __udivdi3
00e55734 r boot_os
00e55794 r op_table
00e557fc r __func__.6931
00e55807 r __func__.6293
00e55815 r __func__.6259
00e55823 r __func__.7618
00e55832 r __func__.7627
00e55843 V version_string
00e5587e r CSWTCH.62
00e55894 r delims.5958
00e55897 R default_environment
00e558cf r __func__.6084
00e558df r __func__.6095
00e558ec r env_flags_vartype_rep
00e558f3 r env_flags_varaccess_rep
00e558f8 r env_flags_varaccess_mask
00e5590c r __func__.6758
00e55914 r uimage_os
00e55974 r uimage_arch
00e55a70 r uimage_type
00e55b3c r uimage_comp
00e55b84 r uimage_encrypt
00e55ba8 r uimage_checksum
00e55bcc r erase_seq
00e55bd0 r tab_seq
00e55bd9 r us_direction
00e55bfc r CSWTCH.28
00e55c1c r block_drvr
00e55c2c r port_class
00e55ca4 r __FUNCTION__.6032
00e55cb4 r CSWTCH.28
00e55cc4 r kbd_to_ansi364
00e55ce4 r kbd_plain_xlate
00e55d48 r __FUNCTION__.6821
00e55d59 r __FUNCTION__.6675
00e55d64 R nand_manuf_ids
00e55db4 R nand_flash_ids
00e56474 r nand_ecc_precalc_table
00e56574 r __FUNCTION__.7282
00e56582 r __FUNCTION__.6697
00e56593 r __FUNCTION__.7042
00e565a5 r __func__.7384
00e565b5 r __func__.7433
00e565c9 r __FUNCTION__.7476
00e565d8 r g_i32BCHAlgoIdx
00e565ec r __func__.7028
00e565ff r __func__.7006
00e56607 r __func__.7016
00e56612 r __func__.6985
00e5661b r __func__.7040
00e5662e r __func__.7053
00e56637 r __func__.6970
00e56642 r __func__.7072
00e56658 r __func__.7017
00e56665 r __func__.7041
00e56672 r __func__.7060
00e56686 r __func__.7051
00e5668f r __func__.6977
00e566a1 r __func__.6996
00e566b3 r __func__.6969
00e566c3 r __func__.7005
00e566d0 r __func__.7036
00e566e1 r __func__.6925
00e566ed r __func__.7073
00e566ff r __func__.7058
00e5670b r __func__.7093
00e56720 r __func__.7112
00e5673a r __func__.7129
00e5674b r __func__.7159
00e5675d r __func__.6978
00e5676b r __func__.6954
00e56777 r __func__.6965
00e56784 r __func__.7008
00e56796 r __func__.6997
00e567a2 r patterns
00e567a5 r __func__.7015
00e567b3 r __func__.7022
00e567c3 r __func__.7043
00e567d6 r __func__.7030
00e567e6 r __func__.7079
00e567fa r __func__.7066
00e5680b r __func__.6974
00e56813 r __func__.7074
00e5681e r __func__.7138
00e5682b r __func__.6925
00e56837 r __func__.7116
00e5684c r __func__.7038
00e5685b r __FUNCTION__.7052
00e5686a r __func__.7149
00e56879 r __func__.7157
00e5688a r __func__.7186
00e56895 r __func__.7248
00e568a6 r __func__.6963
00e568b7 r __FUNCTION__.6951
00e568c3 r __func__.7022
00e568d5 r __func__.6998
00e568e2 r __func__.7066
00e568f5 r __func__.7092
00e5690b r __func__.7103
00e56918 r crc32table_le
00e56d18 r filesystems
00e56d30 r year_lengths.5945
00e56d38 r mon_lengths.5944
00e56d98 r day_name.5938
00e56dad r mon_name.5939
00e56dd4 r compr_names
00e56df0 r huffman_order
00e56e04 r __func__.8556
00e56e12 r __func__.8504
00e56e23 r __func__.8612
00e56e2e r __func__.8595
00e56e37 r __func__.8526
00e56e40 r year_lengths.6524
00e56e48 r mon_lengths.6523
00e56ea8 r day_name.6517
00e56ebd r mon_name.6518
00e56ee1 r __func__.8538
00e56ef0 r __func__.8650
00e56efb r __func__.8627
00e56f08 r __func__.8350
00e56f16 r __func__.8366
00e56f27 r __func__.8382
00e56f32 r __func__.8404
00e56f42 r __func__.8389
00e56f47 r __func__.8372
00e56f56 r __func__.8401
00e56f61 r __func__.8503
00e56f6e r __func__.8484
00e56f7f r __func__.8411
00e56f94 r __func__.8453
00e56fa0 r __func__.8521
00e56fac r __func__.8368
00e56fc2 r __func__.8354
00e56fce r __func__.8372
00e56fe0 r __func__.8365
00e56ff0 r __func__.8382
00e57004 r __func__.8465
00e57012 r __func__.8472
00e57021 r __func__.8562
00e57032 r __func__.8580
00e5703d r __func__.8370
00e5704f r __func__.8382
00e57060 r __func__.8412
00e57079 r __func__.8426
00e57084 r __func__.8362
00e57093 r __func__.8451
00e570a1 r __func__.8679
00e570b5 r __func__.8666
00e570c8 r __func__.8402
00e570d3 r __func__.8440
00e570e8 R crc16_table
00e572e8 r __func__.8087
00e572f8 r __func__.8392
00e57308 r __func__.8087
00e57318 r __func__.8404
00e57332 r __func__.8486
00e57344 r __func__.8508
00e57351 r __func__.8519
00e57367 r __func__.8556
00e5737c r __func__.8440
00e57388 r __func__.8474
00e5739d r __func__.8618
00e573b2 r __func__.8585
00e573c1 r __func__.8574
00e573ce r __func__.8488
00e573d9 r __func__.8462
00e573e5 r __FUNCTION__.8515
00e573f0 r __func__.8527
00e57400 r __FUNCTION__.6882
00e57416 r __FUNCTION__.6888
00e5742b r __FUNCTION__.6921
00e5743f r __FUNCTION__.6927
00e57452 r __FUNCTION__.6931
00e57473 r __FUNCTION__.6899
00e57489 r __FUNCTION__.6936
00e574a8 r __FUNCTION__.6893
00e574bc r __FUNCTION__.6854
00e574d6 r __FUNCTION__.6848
00e574e8 r CSWTCH.17
00e5758c r __FUNCTION__.6841
00e575a1 r column_parity_table
00e576a4 r error_list
00e5774c r __FUNCTION__.7528
00e5775b r __FUNCTION__.6823
00e57770 r __FUNCTION__.7424
00e57785 r __FUNCTION__.7392
00e5779d r __FUNCTION__.8164
00e577b0 r __FUNCTION__.7435
00e577c6 r __FUNCTION__.7836
00e577d8 r __FUNCTION__.7973
00e577e9 r __FUNCTION__.8090
00e577fa r __FUNCTION__.8149
00e57811 r __FUNCTION__.6870
00e57826 r __FUNCTION__.6950
00e5783f r all_ff
00e57853 r CSWTCH.10
00e57856 r __FUNCTION__.6907
00e5786b r __FUNCTION__.6867
00e57880 r block_state_name
00e578a8 r __FUNCTION__.6885
00e578bd r __FUNCTION__.7030
00e578ce r __FUNCTION__.7021
00e578e8 r __FUNCTION__.6850
00e578fd r __FUNCTION__.6920
00e57912 r __FUNCTION__.7187
00e5792c r crc16_tab
00e57b2c r crc_table
00e57f2c R crc7_syndrome_table
00e5802c R _ctype
00e5812c r names.5963
00e58132 r digits.5962
00e58142 r hex_asc
00e58154 r lext.6250
00e58192 r lbase.6249
00e581d0 r dext.6252
00e58210 r dbase.6251
00e58250 r lenfix
00e58a50 r distfix
00e58ad0 r order.6345
00e58af8 R z_errmsg
00e58b20 r CSWTCH.6
00e58b3c r __FUNCTION__.6454
00e58b8d r __func__.6860
00e58b9c r lzop_magic
00e58ba5 r __FUNCTION__.6450
00e66868 D init_sequence
00e66898 d cmd_bootm_sub
00e6695c d bootm_help_text
00e66ba4 d dp_last_length
00e66ba8 d mtdparts_help_text
00e6707b d nand_help_text
00e67504 d env_id
00e67508 d cmd_env_sub
00e67604 d env_help_text
00e6781c d usb_stor_curr_dev
00e67820 d imgextract_help_text
00e67878 d av_
00e67c80 d sbrk_base
00e67c84 d trim_threshold
00e67c88 d mmap_threshold
00e67c8c D env_htab
00e67c9c D env_name_spec
00e67ca0 d reserved_list
00e67d24 D load_addr
00e67d28 d hist_cur
00e67d2c D stdio_names
00e67d38 d kbd_shift_xlate
00e67d9b d kbd_ctrl_xlate
00e67e00 D nand_curr_device
00e67e04 d bbt_main_descr
00e67e28 d bbt_mirror_descr
00e67e4c d agand_flashbased
00e67e70 d bbt_main_no_bbt_descr
00e67e94 d bbt_mirror_no_bbt_descr
00e67eb8 d scan_ff_pattern
00e67eba d mirror_pattern
00e67ebe d bbt_pattern
00e67ec2 d scan_agand_pattern
00e67ec8 d nand_oob_8
00e68110 d nand_oob_16
00e68358 d nand_oob_64
00e685a0 d nand_oob_128
00e687e8 d nuc970_serial_drv
00e68818 D ext_clk
00e6881c D baudrate
00e68820 d descriptor
00e68858 D file_cwd
00e68a58 d current_filesystem
00e68a5c d fstypes
00e68a84 d lzo_compr
00e68a94 d zlib_compr
00e68aa4 d none_compr
00e68ab4 d ubifs_fs_type
00e68ad4 D yaffsfs_deviceList
00e68adc D NetOurVLAN
00e68ade D NetOurNativeVLAN
00e68ae0 D NetBcastAddr
00e68ae8 d first_call.6147
00e68aec d nfs_offset
00e68af0 d TftpTimeoutMSecs
00e68af4 d TftpBlkSizeOption
00e68af6 d TftpBlkSize
00e68af8 d TftpTimeoutCountMax
00e68afc D TftpRRQTimeoutCountMax
00e68b00 D TftpRRQTimeoutMSecs
00e68b04 d cmd_decrypt_sub
00e68b3c D otp_key
00e68bbc d decrypt_help_text
00e68e14 D _u_boot_list_2_cmd_2_0
00e68e14 d start.5851
00e68e14 d start.5855
00e68e14 d start.5900
00e68e14 d start.5904
00e68e14 d start.5931
00e68e14 d start.5935
00e68e30 D _u_boot_list_2_cmd_2_1
00e68e4c D _u_boot_list_2_cmd_2_base
00e68e68 D _u_boot_list_2_cmd_2_bdinfo
00e68e84 D _u_boot_list_2_cmd_2_boot
00e68ea0 D _u_boot_list_2_cmd_2_bootd
00e68ebc D _u_boot_list_2_cmd_2_bootm
00e68ed8 D _u_boot_list_2_cmd_2_bootp
00e68ef4 D _u_boot_list_2_cmd_2_chpart
00e68f10 D _u_boot_list_2_cmd_2_cmp
00e68f2c D _u_boot_list_2_cmd_2_coninfo
00e68f48 D _u_boot_list_2_cmd_2_cp
00e68f64 D _u_boot_list_2_cmd_2_crc32
00e68f80 D _u_boot_list_2_cmd_2_decrypt
00e68f9c D _u_boot_list_2_cmd_2_dhcp
00e68fb8 D _u_boot_list_2_cmd_2_echo
00e68fd4 D _u_boot_list_2_cmd_2_editenv
00e68ff0 D _u_boot_list_2_cmd_2_env
00e6900c D _u_boot_list_2_cmd_2_exit
00e69028 D _u_boot_list_2_cmd_2_fatinfo
00e69044 D _u_boot_list_2_cmd_2_fatload
00e69060 D _u_boot_list_2_cmd_2_fatls
00e6907c D _u_boot_list_2_cmd_2_fsinfo
00e69098 D _u_boot_list_2_cmd_2_fsload
00e690b4 D _u_boot_list_2_cmd_2_go
00e690d0 D _u_boot_list_2_cmd_2_help
00e690ec D _u_boot_list_2_cmd_2_iminfo
00e69108 D _u_boot_list_2_cmd_2_imxtract
00e69124 D _u_boot_list_2_cmd_2_itest
00e69140 D _u_boot_list_2_cmd_2_loadb
00e6915c D _u_boot_list_2_cmd_2_loady
00e69178 D _u_boot_list_2_cmd_2_loop
00e69194 D _u_boot_list_2_cmd_2_ls
00e691b0 D _u_boot_list_2_cmd_2_md
00e691cc D _u_boot_list_2_cmd_2_mm
00e691e8 D _u_boot_list_2_cmd_2_mtdparts
00e69204 D _u_boot_list_2_cmd_2_mtest
00e69220 D _u_boot_list_2_cmd_2_mw
00e6923c D _u_boot_list_2_cmd_2_nand
00e69258 D _u_boot_list_2_cmd_2_nboot
00e69274 D _u_boot_list_2_cmd_2_nfs
00e69290 D _u_boot_list_2_cmd_2_nm
00e692ac D _u_boot_list_2_cmd_2_ping
00e692c8 D _u_boot_list_2_cmd_2_printenv
00e692e4 D _u_boot_list_2_cmd_2_question_mark
00e69300 D _u_boot_list_2_cmd_2_reset
00e6931c D _u_boot_list_2_cmd_2_run
00e69338 D _u_boot_list_2_cmd_2_saveenv
00e69354 D _u_boot_list_2_cmd_2_setenv
00e69370 D _u_boot_list_2_cmd_2_showvar
00e6938c D _u_boot_list_2_cmd_2_sleep
00e693a8 D _u_boot_list_2_cmd_2_test
00e693c4 D _u_boot_list_2_cmd_2_tftpboot
00e693e0 D _u_boot_list_2_cmd_2_timer
00e693fc D _u_boot_list_2_cmd_2_ubi
00e69418 D _u_boot_list_2_cmd_2_ubifsload
00e69434 D _u_boot_list_2_cmd_2_ubifsls
00e69450 D _u_boot_list_2_cmd_2_ubifsmount
00e6946c D _u_boot_list_2_cmd_2_ubifsumount
00e69488 D _u_boot_list_2_cmd_2_usb
00e694a4 D _u_boot_list_2_cmd_2_usbboot
00e694c0 D _u_boot_list_2_cmd_2_version
00e694dc D _u_boot_list_2_cmd_2_ydevconfig
00e694f8 D _u_boot_list_2_cmd_2_ydevls
00e69514 D _u_boot_list_2_cmd_2_yls
00e69530 D _u_boot_list_2_cmd_2_ymkdir
00e6954c D _u_boot_list_2_cmd_2_ymount
00e69568 D _u_boot_list_2_cmd_2_ymv
00e69584 D _u_boot_list_2_cmd_2_yrd
00e695a0 D _u_boot_list_2_cmd_2_yrdm
00e695bc D _u_boot_list_2_cmd_2_yrm
00e695d8 D _u_boot_list_2_cmd_2_yrmdir
00e695f4 D _u_boot_list_2_cmd_2_ytrace
00e69610 D _u_boot_list_2_cmd_2_yumount
00e6962c D _u_boot_list_2_cmd_2_ywr
00e69648 D _u_boot_list_2_cmd_2_ywrm
00e69664 D _u_boot_list_2_env_clbk_2_baudrate
00e69664 d end.5858
00e69664 d end.5907
00e69664 d end.5938
00e69664 d start.5999
00e69664 d start.6006
00e6966c D _u_boot_list_2_env_clbk_2_bootfile
00e69674 D _u_boot_list_2_env_clbk_2_callbacks
00e6967c D _u_boot_list_2_env_clbk_2_console
00e69684 D _u_boot_list_2_env_clbk_2_flags
00e6968c D _u_boot_list_2_env_clbk_2_loadaddr
00e69694 B __bss_start
00e69694 B monitor_flash_len
00e69694 R __image_copy_end
00e69694 R __rel_dyn_start
00e69694 d end.6002
00e69698 b params
00e696c0 B images
00e697ec b os_data_state
00e697f0 b os_data_addr
00e697f4 b bin_start_address
00e697f8 b k_data_escape_saved
00e697fc b k_data_escape
00e69800 b os_data_state_saved
00e69804 b os_data_addr_saved
00e69808 b a_b
00e69820 b his_pad_count
00e69824 b his_pad_char
00e69828 b os_data_init
00e6982c b os_data_char
00e69830 b his_eol
00e69831 b his_quote
00e69834 b send_ptr
00e69838 b send_parms
00e6984c b base_address
00e69850 b dp_last_addr
00e69854 b dp_last_size
00e69858 b mm_last_addr
00e6985c b mm_last_size
00e69860 b start.5862
00e69864 B current_mtd_dev
00e69868 b devices
00e69870 B current_mtd_partnum
00e69871 b last_partition
00e69881 b last_parts
00e69a84 b mtdids
00e69a8c b initialized.7117
00e69a90 b last_ids
00e69b10 b last.6869
00e69b18 b ubi
00e69b1c b ubi_dev
00e69b78 b ubi_initialized
00e69b7c b buffer
00e69bcc b ubifs_initialized
00e69bd0 b ubifs_mounted
00e69bd4 b tmp_buf.5921
00e69dd4 b tmp_buf
00e69ed4 b ctrlc_disabled
00e69ed8 b ctrlc_was_pressed
00e69edc B mem_malloc_brk
00e69ee0 B mem_malloc_start
00e69ee4 B mem_malloc_end
00e69ee8 b current_mallinfo
00e69f10 b top_pad
00e69f14 b max_sbrked_mem
00e69f18 b max_total_mem
00e69f1c b n_mmaps_max
00e69f40 b __env_buf
00e71e84 R __dynsym_start
00e71e84 R __rel_dyn_end
00e71f24 R _end
00e79f40 B env_ptr
00e79f80 b map
00e7a080 b top_vars
00e7a084 b flag_repeat
00e7a088 b do_repeat
00e7a08c b the_command.6111
00e7a18c b buf.6311
00e7a1b4 b last_return_code
00e7a1b8 b ifs
00e7a1bc B save_size
00e7a1c0 B save_addr
00e7a1c4 b initted.6757
00e7a1c8 b hist_max
00e7a1cc b hist_add_idx
00e7a1d0 b hist_num
00e7a1d4 b hist_list
00e7a224 b hist_lines
00e7b638 B console_buffer
00e7b73c b devs
00e7b778 B stdio_devices
00e7b7c0 B usb_started
00e7b7c4 b asynch_allowed
00e7b800 b usb_dev
00e88800 b dev_index
00e88840 b usb_hub_index
00e88844 b hub_dev
00e88980 b CBWTag
00e889c0 b usb_ccb
00e88a80 b usb_dev_desc
00e88cb0 b usb_max_devs
00e88cb4 b usb_stor
00e88dc0 b xyz
00e891f4 B mtd_table
00e89274 B mtd_partitions
00e89280 B nand_info
00e89330 b dev_name
00e89338 b total_nand_size
00e89340 b nand_chip
00e89468 B nuc970_nand
00e8946c b nuc970_nand_oob
00e896b4 B ubi_devices
00e89734 b mtd_devs
00e89738 B ubi_class
00e8973c b mtd_dev_param
00e89fbc b vid_hdr.6992
00e89fc0 b empty_vtbl_record
00e8a06c b ech
00e8a070 b vidh
00e8a080 B tx_desc_ptr
00e8a084 B rx_desc_ptr
00e8a0a0 B tx_desc
00e8a0e0 B rx_desc
00e8a1e0 b serial_current
00e8a1e4 b serial_devices
00e8a200 b ehcic
00e8a340 b periodic_schedules
00e8a380 b cur_dev
00e8a384 b cur_part_info
00e8a400 B get_contents_vfatname_block
00e9a400 B do_fat_read_at_block
00eaa400 B get_dentfromdir_block
00eba400 b current_part
00eba404 b fs_type
00eba408 b fs_dev_desc
00eba40c b fs_partition
00eba45c B ubifs_compressors
00eba468 b inodes_locked_down
00eba568 B ubifs_sb
00eba56c B ubifs_infos
00eba578 b yaffs_errno
00eba57c B yaffs_trace_mask
00eba580 b yaffsfs_handle
00eba710 b yaffsfs_fd
00ebad50 b yaffsfs_inode
00ebb070 b search_contexts
00ebb078 b yaffsfs_dsc
00ebdb98 b dev_iterator
00ebdb9c B yaffs_wr_attempts
00ebdba0 b init.6952
00ebdba4 b spare_ff.6951
00ebdbb4 b init.6968
00ebdbb8 b spare_ff.6967
00ebdbc8 b yaffs_free_verification_failures
00ebdbcc B errno
00ebdbd0 B ___strtok
00ebdbd4 b local.6141
00ebdbec B NetArpWaitPacketMAC
00ebdbf0 B NetArpWaitPacketIP
00ebdbf4 b NetArpWaitReplyIP
00ebdbf8 B NetArpWaitTxPacketSize
00ebdbfc b NetArpTxPacket
00ebdc00 b NetArpPacketBuf
00ebe240 B NetArpWaitTimerStart
00ebe244 B NetArpWaitTry
00ebe248 b dhcp_leasetime
00ebe24c b NetDHCPServerIP
00ebe250 B BootpID
00ebe254 b dhcp_state
00ebe258 B BootpTry
00ebe25c B eth_current
00ebe260 b eth_devices
00ebe264 b index.6478
00ebe268 b first_failed.6525
00ebe26c b act.6530
00ebe270 b env_changed_id.6531
00ebe274 B net_state
00ebe278 b udp_packet_handler
00ebe27c b arp_packet_handler
00ebe280 b timeHandler
00ebe284 b NetTryCount
00ebe288 b NetRestarted
00ebe28c B NetRestartWrap
00ebe290 b NetDevExists
00ebe294 b timeStart
00ebe298 b timeDelta
00ebe29c B NetRxPacket
00ebe2a0 B NetRxPacketLen
00ebe2a4 B NetOurIP
00ebe2a8 B NetOurEther
00ebe2b0 B NetIPID
00ebe2b4 B NetTxPacket
00ebe2b8 B NetEtherNullAddr
00ebe2be B BootFile
00ebe340 b env_changed_id.6136
00ebe344 B NetOurGatewayIP
00ebe348 B NetOurSubnetMask
00ebe34c B NetServerIP
00ebe350 b PktBuf
00ec4990 B NetRxPackets
00ec49d0 B NetBootFileXferSize
00ec49d4 B NetServerEther
00ec49da B NetBootFileSize
00ec49dc B NetOurRootPath
00ec4a1c B NetOurHostName
00ec4a3c B NetOurNISDomain
00ec4a5c B NetOurDNSIP
00ec4a60 b rpc_id
00ec4a64 b NfsSrvMountPort
00ec4a68 b NfsSrvNfsPort
00ec4a6c b fs_mounted
00ec4a70 b dirfh
00ec4a90 b filefh
00ec4ab0 b nfs_path
00ec4ab4 b NfsServerIP
00ec4ab8 b NfsOurPort
00ec4abc b NfsState
00ec4ac0 b nfs_filename
00ec4ac4 b nfs_len
00ec4ac8 b nfs_download_state
00ec4acc b NfsTimeoutCount
00ec4ad0 b nfs_path_buff
00ec52d0 b default_filename
00ec5310 B NetPingIP
00ec5314 b PingSeqNo
00ec5318 b TftpState
00ec531c b tftp_filename
00ec539c b TftpBlock
00ec53a0 b TftpRemoteIP
00ec53a4 b TftpRemotePort
00ec53a8 b TftpOurPort
00ec53ac b TftpBlockWrap
00ec53b0 b TftpBlockWrapOffset
00ec53b4 b TftpTimeoutCount
00ec53b8 b TftpLastBlock
00ec53bc b time_start
00ec53c0 b default_filename
00ec53d0 B __bss_end
