Archive member included because of file (symbol)

/usr/local/arm_linux_4.8/lib/gcc/arm-nuvoton-linux-uclibceabi/4.8.4/libgcc.a(_udivsi3.o)
                              common/libcommon.o (__aeabi_uidiv)
/usr/local/arm_linux_4.8/lib/gcc/arm-nuvoton-linux-uclibceabi/4.8.4/libgcc.a(_divsi3.o)
                              common/libcommon.o (__aeabi_idiv)
/usr/local/arm_linux_4.8/lib/gcc/arm-nuvoton-linux-uclibceabi/4.8.4/libgcc.a(_lshrdi3.o)
                              drivers/mtd/nand/libnand.o (__aeabi_llsr)
/usr/local/arm_linux_4.8/lib/gcc/arm-nuvoton-linux-uclibceabi/4.8.4/libgcc.a(_ashrdi3.o)
                              drivers/mtd/nand/libnand.o (__aeabi_lasr)
/usr/local/arm_linux_4.8/lib/gcc/arm-nuvoton-linux-uclibceabi/4.8.4/libgcc.a(_ashldi3.o)
                              drivers/mtd/nand/libnand.o (__aeabi_llsl)
/usr/local/arm_linux_4.8/lib/gcc/arm-nuvoton-linux-uclibceabi/4.8.4/libgcc.a(_aeabi_ldivmod.o)
                              fs/yaffs2/libyaffs2.o (__aeabi_ldivmod)
/usr/local/arm_linux_4.8/lib/gcc/arm-nuvoton-linux-uclibceabi/4.8.4/libgcc.a(_aeabi_uldivmod.o)
                              fs/yaffs2/libyaffs2.o (__aeabi_uldivmod)
/usr/local/arm_linux_4.8/lib/gcc/arm-nuvoton-linux-uclibceabi/4.8.4/libgcc.a(_dvmd_lnx.o)
                              /usr/local/arm_linux_4.8/lib/gcc/arm-nuvoton-linux-uclibceabi/4.8.4/libgcc.a(_udivsi3.o) (__aeabi_idiv0)
/usr/local/arm_linux_4.8/lib/gcc/arm-nuvoton-linux-uclibceabi/4.8.4/libgcc.a(bpabi.o)
                              /usr/local/arm_linux_4.8/lib/gcc/arm-nuvoton-linux-uclibceabi/4.8.4/libgcc.a(_aeabi_ldivmod.o) (__gnu_ldivmod_helper)
/usr/local/arm_linux_4.8/lib/gcc/arm-nuvoton-linux-uclibceabi/4.8.4/libgcc.a(_divdi3.o)
                              /usr/local/arm_linux_4.8/lib/gcc/arm-nuvoton-linux-uclibceabi/4.8.4/libgcc.a(bpabi.o) (__divdi3)
/usr/local/arm_linux_4.8/lib/gcc/arm-nuvoton-linux-uclibceabi/4.8.4/libgcc.a(_udivdi3.o)
                              /usr/local/arm_linux_4.8/lib/gcc/arm-nuvoton-linux-uclibceabi/4.8.4/libgcc.a(bpabi.o) (__udivdi3)

Memory Configuration

Name             Origin             Length             Attributes
*default*        0x00000000         0xffffffff

Linker script and memory map

                0x00000000                . = 0x0
                0x00000000                . = ALIGN (0x4)

.text           0x00e00000    0x556b4
                0x00e00000                __image_copy_start = .
 arch/arm/cpu/arm926ejs/start.o(.text*)
 .text          0x00e00000      0x420 arch/arm/cpu/arm926ejs/start.o
                0x00e00000                _start
                0x00e00040                _TEXT_BASE
                0x00e00044                _bss_start_ofs
                0x00e00048                _bss_end_ofs
                0x00e0004c                _end_ofs
                0x00e00050                IRQ_STACK_START_IN
                0x00e0006c                relocate_code
                0x00e00128                c_runtime_cpu_setup
 *(.text*)
 .text          0x00e00420       0x3c arch/arm/cpu/arm926ejs/libarm926ejs.o
                0x00e00420                cleanup_before_linux
                0x00e00444                invalidate_dcache_all
                0x00e00448                flush_dcache_all
                0x00e0044c                invalidate_dcache_range
                0x00e00450                flush_dcache_range
                0x00e00454                flush_cache
                0x00e00458                l2_cache_disable
                0x00e00458                __l2_cache_disable
 .text          0x00e0045c      0x134 arch/arm/cpu/arm926ejs/nuc970/libnuc970.o
                0x00e0045c                lowlevel_init
                0x00e00488                print_cpuinfo
                0x00e00550                arch_cpu_init
                0x00e00558                reset_cpu
 .text          0x00e00590      0x950 arch/arm/lib/libarm.o
                0x00e00590                _main
                0x00e0061c                __arch_cpu_init
                0x00e00678                coloured_LED_init
                0x00e00678                __coloured_LED_init
                0x00e0067c                __red_led_on
                0x00e0067c                red_led_on
                0x00e00680                __red_led_off
                0x00e00680                red_led_off
                0x00e00684                green_led_on
                0x00e00684                __green_led_on
                0x00e00688                green_led_off
                0x00e00688                __green_led_off
                0x00e0068c                yellow_led_on
                0x00e0068c                __yellow_led_on
                0x00e00690                __yellow_led_off
                0x00e00690                yellow_led_off
                0x00e00694                blue_led_on
                0x00e00694                __blue_led_on
                0x00e00698                __blue_led_off
                0x00e00698                blue_led_off
                0x00e0069c                __dram_init_banksize
                0x00e006b8                __power_init_board
                0x00e006b8                power_init_board
                0x00e006c0                board_init_r
                0x00e00770                hang
                0x00e00784                board_init_f
                0x00e0091c                arch_lmb_reserve
                0x00e00940                setup_board_tags
                0x00e00ab0                do_bootm_linux
                0x00e00b0c                interrupt_init
                0x00e00b28                enable_interrupts
                0x00e00b2c                disable_interrupts
                0x00e00b34                bad_mode
                0x00e00b44                show_regs
                0x00e00c80                do_undefined_instruction
                0x00e00ca0                do_software_interrupt
                0x00e00cc0                do_prefetch_abort
                0x00e00ce0                do_data_abort
                0x00e00d00                do_not_used
                0x00e00d20                do_fiq
                0x00e00d40                do_irq
                0x00e00d60                do_reset
                0x00e00d90                __flush_cache
                0x00e00d94                __flush_dcache_all
                0x00e00da0                __enable_caches
                0x00e00ddc                arm_init_before_mmu
                0x00e00ddc                __arm_init_before_mmu
                0x00e00de0                arm_init_domains
                0x00e00de4                set_section_dcache
                0x00e00df8                mmu_page_table_flush
                0x00e00df8                __mmu_page_table_flush
                0x00e00dfc                mmu_set_region_dcache_behaviour
                0x00e00e4c                dram_bank_mmu_setup
                0x00e00e8c                icache_enable
                0x00e00ea4                icache_disable
                0x00e00ec0                icache_status
                0x00e00ed0                dcache_enable
                0x00e00ed4                dcache_disable
                0x00e00ed8                dcache_status
 .text          0x00e00ee0    0x13944 common/libcommon.o
                0x00e00ef8                do_bdinfo
                0x00e01090                do_go_exec
                0x00e01200                do_bootd
                0x00e019f8                arch_preboot_os
                0x00e019fc                do_bootm
                0x00e01e80                bootm_maybe_autostart
                0x00e01fb4                common_diskboot
                0x00e022e0                do_fat_fsload
                0x00e02774                do_jffs2_fsload
                0x00e02898                do_jffs2_ls
                0x00e028f8                do_jffs2_fsinfo
                0x00e04698                device_find
                0x00e04bb0                mtd_id_parse
                0x00e04cc0                find_dev_and_part
                0x00e04e7c                mtdparts_init
                0x00e07084                do_tftpb
                0x00e078a4                get_env_id
                0x00e078b4                setenv
                0x00e078fc                setenv_ulong
                0x00e0791c                setenv_hex
                0x00e07bc8                envmatch
                0x00e07c38                getenv_f
                0x00e07d00                getenv
                0x00e07d80                getenv_ulong
                0x00e0909c                do_ubifs_mount
                0x00e090f0                do_ubifs_ls
                0x00e09154                do_ubifs_load
                0x00e0921c                ubifs_is_mounted
                0x00e0922c                cmd_ubifs_umount
                0x00e09280                do_ubifs_umount
                0x00e0a348                do_ydevls
                0x00e0a358                do_ydevconfig
                0x00e0a3d4                do_ymount
                0x00e0a418                do_yumount
                0x00e0a45c                do_yls
                0x00e0a4c8                do_yrd
                0x00e0a518                do_ywr
                0x00e0a5a4                do_yrdm
                0x00e0a5ec                do_ywrm
                0x00e0a650                do_ymkdir
                0x00e0a680                do_yrmdir
                0x00e0a6b0                do_yrm
                0x00e0a6e0                do_ymv
                0x00e0a714                do_ytrace
                0x00e0a750                find_cmd_tbl
                0x00e0a7f4                find_cmd
                0x00e0a81c                cmd_usage
                0x00e0a878                _do_help
                0x00e0a9fc                var_complete
                0x00e0aa7c                cmd_auto_complete
                0x00e0aef8                cmd_get_data_size
                0x00e0af54                cmd_process
                0x00e0b0dc                serial_printf
                0x00e0b11c                fgetc
                0x00e0b148                ftstc
                0x00e0b174                fputc
                0x00e0b19c                fputs
                0x00e0b1c4                fprintf
                0x00e0b20c                getc
                0x00e0b230                tstc
                0x00e0b254                putc
                0x00e0b27c                puts
                0x00e0b2b8                printf
                0x00e0b304                vprintf
                0x00e0b344                ctrlc
                0x00e0b394                disable_ctrlc
                0x00e0b3ac                had_ctrlc
                0x00e0b3bc                clear_ctrlc
                0x00e0b3d0                dbg
                0x00e0b3dc                search_device
                0x00e0b404                console_assign
                0x00e0b500                console_init_f
                0x00e0b510                stdio_print_current_devices
                0x00e0b5c0                console_init_r
                0x00e0b694                sbrk
                0x00e0b6f8                mem_malloc_init
                0x00e0b71c                malloc_trim
                0x00e0b7e0                free
                0x00e0ba0c                malloc
                0x00e0bfcc                calloc
                0x00e0c0a8                realloc
                0x00e0c568                memalign
                0x00e0c674                valloc
                0x00e0c680                pvalloc
                0x00e0c698                cfree
                0x00e0c69c                malloc_usable_size
                0x00e0c6d8                mallopt
                0x00e0c744                env_attr_walk
                0x00e0c854                env_attr_lookup
                0x00e0cb28                env_callback_init
                0x00e0cbc8                env_get_char_spec
                0x00e0cbd4                env_get_addr
                0x00e0cbf4                env_get_char_memory
                0x00e0cc04                env_get_char
                0x00e0cc34                getenv_yesno
                0x00e0cc7c                getenv_default
                0x00e0ccac                set_default_env
                0x00e0cd68                set_default_vars
                0x00e0cd9c                env_import
                0x00e0ce7c                env_relocate
                0x00e0ceac                env_complete
                0x00e0d054                env_flags_parse_vartype
                0x00e0d0a4                env_flags_parse_varaccess
                0x00e0d1ac                env_flags_parse_varaccess_from_binflags
                0x00e0d1d4                env_flags_init
                0x00e0d284                env_flags_validate
                0x00e0d58c                env_init
                0x00e0d5a8                writeenv
                0x00e0d66c                saveenv
                0x00e0d798                readenv
                0x00e0d858                env_relocate_spec
                0x00e0d898                get_version
                0x00e0d8a0                jumptable_init
                0x00e0da30                hash_command
                0x00e0e3e0                get_local_var
                0x00e0e464                set_local_var
                0x00e0e8b4                unset_local_var
                0x00e0e950                parse_string_outer
                0x00e0f860                parse_file_outer
                0x00e0f8a4                u_boot_hush_start
                0x00e0f930                image_check_hcrc
                0x00e0f990                image_check_dcrc
                0x00e0f9f0                image_multi_count
                0x00e0fa0c                image_multi_getimg
                0x00e0fab8                getenv_bootm_low
                0x00e0fae0                getenv_bootm_size
                0x00e0fb3c                getenv_bootm_mapsize
                0x00e0fb6c                memmove_wd
                0x00e0fbc4                genimg_print_size
                0x00e0fbf4                get_table_entry_name
                0x00e0fc20                genimg_get_os_name
                0x00e0fc38                genimg_get_arch_name
                0x00e0fc50                genimg_get_type_name
                0x00e0fc68                genimg_get_comp_name
                0x00e0fc80                image_print_contents
                0x00e0fe28                get_table_entry_id
                0x00e0fe78                genimg_get_os_id
                0x00e0fe90                genimg_get_arch_id
                0x00e0fea8                genimg_get_type_id
                0x00e0fec0                genimg_get_comp_id
                0x00e0fed8                genimg_get_encrypt_id
                0x00e0fef0                genimg_get_checksum_id
                0x00e0ff08                genimg_get_format
                0x00e0ff3c                genimg_get_image
                0x00e0ff40                genimg_has_config
                0x00e0ff48                boot_get_ramdisk
                0x00e101a0                boot_ramdisk_high
                0x00e10480                __show_boot_progress
                0x00e10480                show_boot_progress
                0x00e10484                readline_into_buffer
                0x00e10e1c                readline
                0x00e10e38                parse_line
                0x00e10ec0                run_command
                0x00e10ec8                run_command_list
                0x00e10f24                main_loop
                0x00e11030                do_run
                0x00e110a4                get_ram_size
                0x00e11218                srec_decode
                0x00e11470                stdio_get_list
                0x00e1147c                stdio_get_by_name
                0x00e114c8                stdio_clone
                0x00e11508                stdio_register
                0x00e11544                stdio_init
                0x00e11640                usb_stop
                0x00e11694                usb_disable_asynch
                0x00e116b4                usb_submit_int_msg
                0x00e116b8                usb_control_msg
                0x00e11950                usb_bulk_msg
                0x00e119bc                usb_maxpacket
                0x00e119d8                usb_clear_halt
                0x00e11a6c                usb_get_configuration_no
                0x00e11b10                usb_set_interface
                0x00e11bc8                usb_set_protocol
                0x00e11c1c                usb_set_idle
                0x00e11c74                usb_get_report
                0x00e11cdc                usb_get_class_descriptor
                0x00e11d44                usb_string
                0x00e11e48                usb_get_dev_index
                0x00e11e74                usb_alloc_new_device
                0x00e11f04                usb_free_device
                0x00e11f50                usb_new_device
                0x00e12400                usb_init
                0x00e126a0                usb_hub_reset
                0x00e126b4                hub_port_reset
                0x00e12760                usb_hub_port_connect_change
                0x00e12b20                usb_hub_probe
                0x00e13524                usb_stor_write
                0x00e136e4                usb_stor_read
                0x00e138a4                usb_stor_get_dev
                0x00e138c8                usb_stor_info
                0x00e13934                usb_storage_probe
                0x00e13b38                usb_stor_get_info
                0x00e13e04                usb_stor_scan
                0x00e14288                xyzModem_stream_open
                0x00e144d0                xyzModem_stream_read
                0x00e1471c                xyzModem_stream_close
                0x00e14770                xyzModem_stream_terminate
                0x00e14804                xyzModem_error
 .text          0x00e14824      0xdb0 disk/libdisk.o
                0x00e14824                get_dev
                0x00e14884                dev_print
                0x00e14aa4                init_part
                0x00e14ac4                print_part
                0x00e14bac                get_partition_info
                0x00e14bd4                get_device
                0x00e14c58                get_device_and_partition
                0x00e15520                test_part_dos
                0x00e15580                print_part_dos
                0x00e155b4                get_partition_info_dos
 .text          0x00e155d4      0x1c0 drivers/gpio/libgpio.o
                0x00e155d4                gpio_set_value
                0x00e15648                gpio_get_value
                0x00e156a8                gpio_direction_input
                0x00e156e0                gpio_direction_output
                0x00e15720                gpio_request
                0x00e1578c                gpio_free
 .text          0x00e15794      0x580 drivers/input/libinput.o
                0x00e15794                input_tstc
                0x00e157dc                input_getc
                0x00e15834                input_send_keycodes
                0x00e15be4                input_add_table
                0x00e15c1c                input_set_delays
                0x00e15c28                input_init
                0x00e15cc4                input_stdio_register
 .text          0x00e15d14      0xea8 drivers/mtd/libmtd.o
                0x00e15d14                add_mtd_device
                0x00e15d80                del_mtd_device
                0x00e15dd4                get_mtd_device
                0x00e15e50                get_mtd_device_nm
                0x00e15ebc                put_mtd_device
                0x00e16480                mtd_erase_callback
                0x00e164e8                del_mtd_partitions
                0x00e16574                add_mtd_partitions
 .text          0x00e16bbc     0x70e8 drivers/mtd/nand/libnand.o
                0x00e16bbc                nand_register
                0x00e16c40                nand_init
                0x00e17ee4                nand_update_bbt
                0x00e181b8                nand_scan_bbt
                0x00e1867c                nand_default_bbt
                0x00e18774                nand_isbad_bbt
                0x00e18858                nand_erase_opts
                0x00e18bc4                nand_write_skip_bad
                0x00e18df8                nand_read_skip_bad
                0x00e18fe8                nand_calculate_ecc
                0x00e190d8                nand_correct_data
                0x00e19214                nand_read_byte
                0x00e1924c                nand_write_buf
                0x00e19278                nand_read_buf
                0x00e192e8                nand_write_buf16
                0x00e1931c                nand_read_buf16
                0x00e1b298                nand_wait_ready
                0x00e1bdd4                nand_erase_nand
                0x00e1c180                nand_scan_ident
                0x00e1c918                nand_scan_tail
                0x00e1ced4                nand_scan
                0x00e1cef8                nand_release
                0x00e1d028                nuc970_nand_enable_hwecc
                0x00e1d3fc                fmiSM_CorrectData_BCH
                0x00e1d6c0                fmiSMCorrectData
                0x00e1d998                board_nand_init
 .text          0x00e1dca4     0x8a04 drivers/mtd/ubi/libubi.o
                0x00e1dce4                ubi_get_device
                0x00e1dd04                ubi_put_device
                0x00e1dd14                ubi_get_by_major
                0x00e1dd64                ubi_major2num
                0x00e1dda8                ubi_attach_mtd_dev
                0x00e1e4d4                ubi_detach_mtd_dev
                0x00e1e5a0                ubi_init
                0x00e1e6f4                ubi_exit
                0x00e1e738                ubi_mtd_param_parse
                0x00e1ef7c                ubi_change_vtbl_record
                0x00e1f060                ubi_read_volume_table
                0x00e1f8c4                ubi_create_volume
                0x00e1fde8                ubi_remove_volume
                0x00e1ff28                ubi_resize_volume
                0x00e20198                ubi_add_volume
                0x00e201f4                ubi_free_volume
                0x00e203b8                ubi_start_update
                0x00e20540                ubi_start_leb_change
                0x00e20620                ubi_more_update_data
                0x00e20884                ubi_more_leb_change_data
                0x00e209ac                ubi_get_device_info
                0x00e20a0c                ubi_get_volume_info
                0x00e20a88                ubi_close_volume
                0x00e20af0                ubi_open_volume
                0x00e20c90                ubi_open_volume_nm
                0x00e20d64                ubi_leb_read
                0x00e20e80                ubi_leb_write
                0x00e20f68                ubi_leb_change
                0x00e2103c                ubi_leb_erase
                0x00e210bc                ubi_leb_unmap
                0x00e21124                ubi_leb_map
                0x00e211c8                ubi_is_mapped
                0x00e213a0                ubi_eba_unmap_leb
                0x00e21424                ubi_eba_read_leb
                0x00e216c4                ubi_eba_write_leb
                0x00e21e38                ubi_eba_write_leb_st
                0x00e2233c                ubi_eba_atomic_leb_change
                0x00e227b8                ubi_eba_copy_leb
                0x00e22bd8                ubi_eba_init_scan
                0x00e22e04                ubi_eba_close
                0x00e22f1c                ubi_io_read
                0x00e23010                ubi_io_write
                0x00e230c0                ubi_io_sync_erase
                0x00e23294                ubi_io_is_bad
                0x00e232f8                ubi_io_mark_bad
                0x00e23380                ubi_io_read_ec_hdr
                0x00e23680                ubi_io_write_ec_hdr
                0x00e23790                ubi_io_read_vid_hdr
                0x00e23b8c                ubi_io_write_vid_hdr
                0x00e24758                ubi_wl_get_peb
                0x00e248d8                ubi_wl_put_peb
                0x00e249f4                ubi_wl_scrub_peb
                0x00e24aec                ubi_wl_flush
                0x00e24b34                ubi_thread
                0x00e24c00                ubi_wl_init_scan
                0x00e24ed8                ubi_wl_close
                0x00e2511c                ubi_scan_add_used
                0x00e25998                ubi_scan_find_sv
                0x00e259d0                ubi_scan_find_seb
                0x00e25a08                ubi_scan_rm_volume
                0x00e25a70                ubi_scan_erase_peb
                0x00e25b74                ubi_scan_get_free_peb
                0x00e25c6c                ubi_scan_destroy_si
                0x00e25e6c                ubi_scan
                0x00e264c0                crc32_le
                0x00e265a4                ubi_calc_data_len
                0x00e265d0                ubi_check_volume
                0x00e26680                ubi_calculate_reserved
 .text          0x00e266a8      0x450 drivers/net/libnet.o
                0x00e266a8                nuc970_eth_write_hwaddr
                0x00e26700                nuc970_eth_halt
                0x00e2671c                nuc970_eth_send
                0x00e26770                nuc970_eth_recv
                0x00e267dc                nuc970_eth_mii_write
                0x00e26804                nuc970_eth_mii_read
                0x00e26834                nuc970_reset_phy
                0x00e2694c                init_tx_desc
                0x00e269b8                init_rx_desc
                0x00e26a30                nuc970_eth_init
                0x00e26a74                nuc970_eth_register
 .text          0x00e26af8        0x0 drivers/pcmcia/libpcmcia.o
 .text          0x00e26af8        0x0 drivers/rtc/librtc.o
 .text          0x00e26af8      0x4b8 drivers/serial/libserial.o
                0x00e26b38                jz_serial_initialize
                0x00e26b38                bfin_serial_initialize
                0x00e26b38                p3mx_serial_initialize
                0x00e26b38                leon2_serial_initialize
                0x00e26b38                leon3_serial_initialize
                0x00e26b38                amirix_serial_initialize
                0x00e26b38                marvell_serial_initialize
                0x00e26b38                cpci750_serial_initialize
                0x00e26b38                ns16550_serial_initialize
                0x00e26b38                asc_serial_initialize
                0x00e26b38                altera_serial_initialize
                0x00e26b38                oc_serial_initialize
                0x00e26b38                sh_serial_initialize
                0x00e26b38                bmw_serial_initialize
                0x00e26b38                mcf_serial_initialize
                0x00e26b38                lh7a40x_serial_initialize
                0x00e26b38                evb64260_serial_initialize
                0x00e26b38                lpc32xx_serial_initialize
                0x00e26b38                max3100_serial_initialize
                0x00e26b38                mpc85xx_serial_initialize
                0x00e26b38                imx_serial_initialize
                0x00e26b38                ixp_serial_initialize
                0x00e26b38                bfin_jtag_initialize
                0x00e26b38                cogent_serial_initialize
                0x00e26b38                clps7111_serial_initialize
                0x00e26b38                mpc8220_serial_initialize
                0x00e26b38                s3c64xx_serial_initialize
                0x00e26b38                ml2_serial_initialize
                0x00e26b38                sandbox_serial_initialize
                0x00e26b38                s3c24xx_serial_initialize
                0x00e26b38                sconsole_serial_initialize
                0x00e26b38                nuc900_serial_initialize
                0x00e26b38                uartlite_serial_initialize
                0x00e26b38                au1x00_serial_initialize
                0x00e26b38                pxa_serial_initialize
                0x00e26b38                atmel_serial_initialize
                0x00e26b38                pl01x_serial_initialize
                0x00e26b38                altera_jtag_serial_initialize
                0x00e26b38                zynq_serial_initalize
                0x00e26b38                mpc512x_serial_initialize
                0x00e26b38                s5p_serial_initialize
                0x00e26b38                ks8695_serial_initialize
                0x00e26b38                sa1100_serial_initialize
                0x00e26b38                mpc8260_scc_serial_initialize
                0x00e26b38                mxc_serial_initialize
                0x00e26b38                iop480_serial_initialize
                0x00e26b38                s3c44b0_serial_initialize
                0x00e26b38                mpc8xx_serial_initialize
                0x00e26b38                mpc8260_smc_serial_initialize
                0x00e26b38                mpc5xx_serial_initialize
                0x00e26b3c                serial_register
                0x00e26b54                serial_stdio_init
                0x00e26be0                serial_assign
                0x00e26c28                serial_initialize
                0x00e26d04                serial_reinit_all
                0x00e26d30                serial_init
                0x00e26d44                serial_setbrg
                0x00e26e3c                serial_getc
                0x00e26e50                serial_tstc
                0x00e26e64                serial_putc
                0x00e26e80                serial_puts
                0x00e26e9c                default_serial_puts
                0x00e26ecc                nuc970_serial_init
                0x00e26f04                nuc970_serial_getc
                0x00e26f20                nuc970_serial_tstc
                0x00e26f38                nuc970_serial_setbrg
                0x00e26f3c                nuc970_serial_putc
                0x00e26f78                nuc970_serial_puts
                0x00e26f98                nuc970_serial_initialize
                0x00e26fa4                default_serial_console
 .text          0x00e26fb0       0x44 drivers/spi/libspi.o
                0x00e26fb0                spi_do_alloc_slave
 .text          0x00e26ff4     0x1440 drivers/usb/host/libusb_host.o
                0x00e27714                ehci_powerup_fixup
                0x00e27714                __ehci_powerup_fixup
                0x00e2771c                ehci_submit_root
                0x00e27bf8                usb_lowlevel_stop
                0x00e27bfc                usb_lowlevel_init
                0x00e27e4c                submit_bulk_msg
                0x00e27e74                submit_control_msg
                0x00e27edc                create_int_queue
                0x00e28194                poll_int_queue
                0x00e281cc                destroy_int_queue
                0x00e282a4                submit_int_msg
                0x00e28380                ehci_hcd_init
                0x00e2842c                ehci_hcd_stop
 .text          0x00e28434       0xfc drivers/watchdog/libwatchdog.o
                0x00e28460                hw_watchdog_reset
                0x00e2848c                hw_watchdog_init
 .text          0x00e28530     0x1a2c fs/fat/libfat.o
                0x00e28d4c                fat_set_blk_dev
                0x00e28e1c                fat_register_device
                0x00e28ea4                do_fat_read_at
                0x00e299d0                do_fat_read
                0x00e299f8                file_fat_detectfs
                0x00e29b40                file_fat_ls
                0x00e29b50                file_fat_read_at
                0x00e29b98                file_fat_read
                0x00e29bac                fat_read_file
                0x00e29be8                fat_close
                0x00e29bec                file_getfsname
                0x00e29c04                file_cd
                0x00e29df8                file_detectfs
                0x00e29e34                file_ls
                0x00e29ec0                file_read
 .text          0x00e29f5c     0x2258 fs/jffs2/libjffs2.o
                0x00e29f5c                rtime_decompress
                0x00e2a01c                rubin_do_decompress
                0x00e2a0f0                dynrubin_decompress
                0x00e2a12c                zlib_decompress
                0x00e2a498                jffs2_free_cache
                0x00e2a4f4                mkmodestr
                0x00e2abc0                jffs2_1pass_rescan_needed
                0x00e2b1cc                jffs2_1pass_ls
                0x00e2b224                jffs2_1pass_load
                0x00e2b778                jffs2_1pass_info
                0x00e2b950                cramfs_memset
                0x00e2b9ac                pull_bits
                0x00e2ba04                pull_bit
                0x00e2bc00                decompress_block
 .text          0x00e2c1b4      0x404 fs/libfs.o
                0x00e2c228                fs_set_blk_dev
                0x00e2c2c8                fs_ls
                0x00e2c304                fs_read
                0x00e2c384                do_load
                0x00e2c550                do_ls
 .text          0x00e2c5b8     0xbb58 fs/ubifs/libubifs.o
                0x00e2c95c                ubifs_decompress
                0x00e2cb68                ubifs_compressors_init
                0x00e2cb9c                ubifs_ls
                0x00e2d068                ubifs_load
                0x00e2d370                ubifs_ro_mode
                0x00e2d3ac                ubifs_check_node
                0x00e2d57c                ubifs_pad
                0x00e2d670                ubifs_prepare_node
                0x00e2d7ec                ubifs_read_node
                0x00e2d9f0                sget
                0x00e2da84                iget_locked
                0x00e2dad0                ubifs_iput
                0x00e2dafc                iput
                0x00e2db68                ubifs_iget
                0x00e2df88                ubifs_umount
                0x00e2ec64                ubifs_init
                0x00e2ec68                ubifs_mount
                0x00e2ed94                ubifs_read_sb_node
                0x00e2edfc                ubifs_read_superblock
                0x00e2f550                ubifs_read_master
                0x00e30298                ubifs_calc_lpt_geom
                0x00e305d4                ubifs_unpack_bits
                0x00e307dc                ubifs_add_lpt_dirt
                0x00e3080c                ubifs_add_nnode_dirt
                0x00e30968                ubifs_unpack_nnode
                0x00e30a24                ubifs_read_nnode
                0x00e30c48                ubifs_get_nnode
                0x00e30c7c                ubifs_get_pnode
                0x00e30ffc                ubifs_lpt_lookup
                0x00e31098                ubifs_lpt_lookup_dirty
                0x00e312a0                ubifs_lpt_init
                0x00e31460                ubifs_lpt_free
                0x00e31620                ubifs_scan_a_node
                0x00e31790                ubifs_start_scan
                0x00e31860                ubifs_end_scan
                0x00e3187c                ubifs_add_snod
                0x00e31958                ubifs_scanned_corruption
                0x00e31984                ubifs_scan_destroy
                0x00e319c8                ubifs_scan
                0x00e31e34                ubifs_add_to_cat
                0x00e31fd8                ubifs_replace_cat
                0x00e3203c                ubifs_categorize_lprops
                0x00e320d8                ubifs_ensure_cat
                0x00e32124                ubifs_change_lp
                0x00e32480                ubifs_get_lp_stats
                0x00e32494                ubifs_change_one_lp
                0x00e324f8                ubifs_update_one_lp
                0x00e32560                ubifs_read_one_lp
                0x00e32590                ubifs_fast_find_free
                0x00e325a8                ubifs_fast_find_empty
                0x00e325c4                ubifs_fast_find_freeable
                0x00e325d8                ubifs_fast_find_frdi_idx
                0x00e33a30                insert_old_idx_znode
                0x00e33ca0                destroy_old_idx
                0x00e33d00                ubifs_lookup_level0
                0x00e33e64                ubifs_tnc_locate
                0x00e33f5c                ubifs_tnc_get_bu_keys
                0x00e341a0                ubifs_tnc_bulk_read
                0x00e343b8                ubifs_tnc_lookup_nm
                0x00e34490                ubifs_tnc_add
                0x00e34550                ubifs_tnc_replace
                0x00e347e8                ubifs_tnc_remove
                0x00e34828                ubifs_tnc_remove_nm
                0x00e348f0                ubifs_tnc_add_nm
                0x00e34a98                ubifs_tnc_remove_range
                0x00e34c94                ubifs_tnc_next_ent
                0x00e34da4                ubifs_tnc_remove_ino
                0x00e34ee8                ubifs_tnc_levelorder_next
                0x00e35044                ubifs_search_zbranch
                0x00e350c4                ubifs_tnc_postorder_first
                0x00e35110                ubifs_tnc_postorder_next
                0x00e3515c                ubifs_load_znode
                0x00e3544c                ubifs_tnc_read_node
                0x00e354d4                crc16
                0x00e35508                ubifs_calc_min_idx_lebs
                0x00e355ac                ubifs_reported_space
                0x00e35624                ubifs_search_bud
                0x00e35658                ubifs_add_bud
                0x00e35704                ubifs_clear_orphans
                0x00e3578c                ubifs_mount_orphans
                0x00e36074                ubifs_recover_master_node
                0x00e36248                ubifs_write_rcvrd_mst_node
                0x00e363a8                ubifs_recover_leb
                0x00e36840                ubifs_recover_log_leb
                0x00e36a90                ubifs_recover_inl_heads
                0x00e36acc                ubifs_clean_lebs
                0x00e36cf8                ubifs_recover_size_accum
                0x00e36e10                ubifs_recover_size
                0x00e370c4                ubifs_validate_entry
                0x00e371f0                ubifs_replay_journal
 .text          0x00e38110    0x117b4 fs/yaffs2/libyaffs2.o
                0x00e38110                yaffs_alloc_raw_tnode
                0x00e38258                yaffs_free_raw_tnode
                0x00e382c0                yaffs_alloc_raw_obj
                0x00e383fc                yaffs_free_raw_obj
                0x00e38468                yaffs_deinit_raw_tnodes_and_objs
                0x00e3854c                yaffs_init_raw_tnodes_and_objs
                0x00e385e8                yaffs_load_attribs
                0x00e3861c                yaffs_load_attribs_oh
                0x00e38650                yaffs_attribs_init
                0x00e38684                yaffs_load_current_time
                0x00e386a8                yaffs_get_file_size
                0x00e386f4                yaffs_set_attribs
                0x00e38784                yaffs_get_attribs
                0x00e387d4                yaffs_verify_chunk_bit_id
                0x00e38850                yaffs_clear_chunk_bits
                0x00e388d4                yaffs_clear_chunk_bit
                0x00e38980                yaffs_set_chunk_bit
                0x00e38a2c                yaffs_check_chunk_bit
                0x00e38ad4                yaffs_still_some_chunks
                0x00e38b7c                yaffs_count_chunk_bits
                0x00e38c70                yaffs_bug_fn
                0x00e38c88                yaffsfs_malloc
                0x00e38c8c                yaffsfs_free
                0x00e38c90                yaffsfs_SetError
                0x00e38ca0                yaffsfs_GetLastError
                0x00e38cb0                yaffsfs_GetError
                0x00e38cc0                yaffsfs_Lock
                0x00e38cc4                yaffsfs_Unlock
                0x00e38cc8                yaffsfs_CurrentTime
                0x00e38cd0                yaffs_malloc
                0x00e38cd4                yaffs_free
                0x00e38cd8                yaffsfs_LocalInitialisation
                0x00e38cdc                cmd_yaffs_tracemask
                0x00e38cfc                cmd_yaffs_devconfig
                0x00e38f60                cmd_yaffs_dev_ls
                0x00e39004                make_a_file
                0x00e3908c                read_a_file
                0x00e39110                cmd_yaffs_mount
                0x00e39150                cmd_yaffs_umount
                0x00e39190                cmd_yaffs_write_file
                0x00e39194                cmd_yaffs_read_file
                0x00e39198                cmd_yaffs_mread_file
                0x00e39214                cmd_yaffs_mwrite_file
                0x00e3926c                cmd_yaffs_ls
                0x00e39370                cmd_yaffs_mkdir
                0x00e393a0                cmd_yaffs_rmdir
                0x00e393cc                cmd_yaffs_rm
                0x00e393f8                cmd_yaffs_mv
                0x00e3981c                yaffs2_checkpt_open
                0x00e39978                yaffs2_get_checkpt_sum
                0x00e39990                yaffs2_checkpt_wr
                0x00e39a48                yaffs2_checkpt_rd
                0x00e39cb8                yaffs_checkpt_close
                0x00e39dc0                yaffs2_checkpt_invalidate_stream
                0x00e39e84                yaffs_ecc_calc
                0x00e39f88                yaffs_ecc_correct
                0x00e3a0ac                yaffs_ecc_calc_other
                0x00e3a108                yaffs_ecc_correct_other
                0x00e3a1e4                yaffs_error_to_str
                0x00e3a828                yaffs_set_trace
                0x00e3a838                yaffs_get_trace
                0x00e3a848                yaffsfs_Match
                0x00e3a858                yaffsfs_IsPathDivider
                0x00e3b350                yaffsfs_CheckNameLength
                0x00e3b388                yaffs_dup
                0x00e3b438                yaffs_open_sharing
                0x00e3ba10                yaffs_open
                0x00e3ba18                yaffs_Dofsync
                0x00e3ba74                yaffs_fsync
                0x00e3ba7c                yaffs_flush
                0x00e3ba80                yaffs_fdatasync
                0x00e3ba88                yaffs_close
                0x00e3baf4                yaffsfs_do_read
                0x00e3bcb8                yaffs_read
                0x00e3bcd8                yaffs_pread
                0x00e3bce0                yaffsfs_do_write
                0x00e3bedc                yaffs_write
                0x00e3befc                yaffs_pwrite
                0x00e3bf04                yaffs_truncate
                0x00e3c03c                yaffs_ftruncate
                0x00e3c0e8                yaffs_lseek
                0x00e3c1dc                yaffsfs_DoUnlink
                0x00e3c37c                yaffs_unlink
                0x00e3c384                yaffs_rename
                0x00e3c61c                yaffs_stat
                0x00e3c624                yaffs_lstat
                0x00e3c62c                yaffs_fstat
                0x00e3c688                yaffs_utime
                0x00e3c768                yaffs_futime
                0x00e3c7b0                yaffs_setxattr
                0x00e3c7d0                yaffs_lsetxattr
                0x00e3c7f0                yaffs_fsetxattr
                0x00e3c870                yaffs_getxattr
                0x00e3c888                yaffs_lgetxattr
                0x00e3c8a0                yaffs_fgetxattr
                0x00e3c918                yaffs_listxattr
                0x00e3c920                yaffs_llistxattr
                0x00e3c928                yaffs_flistxattr
                0x00e3c990                yaffs_removexattr
                0x00e3c998                yaffs_lremovexattr
                0x00e3c9a0                yaffs_fremovexattr
                0x00e3ca00                yaffs_access
                0x00e3cb50                yaffs_chmod
                0x00e3cc5c                yaffs_fchmod
                0x00e3ccd0                yaffs_mkdir
                0x00e3ce30                yaffs_rmdir
                0x00e3cea0                yaffs_getdev
                0x00e3ceb4                yaffs_mount_common
                0x00e3d030                yaffs_mount2
                0x00e3d038                yaffs_mount
                0x00e3d044                yaffs_sync
                0x00e3d0d4                yaffs_remount
                0x00e3d190                yaffs_unmount2
                0x00e3d2f8                yaffs_unmount
                0x00e3d300                yaffs_freespace
                0x00e3d388                yaffs_totalspace
                0x00e3d43c                yaffs_inodecount
                0x00e3d4d0                yaffs_add_device
                0x00e3d538                yaffs_remove_device
                0x00e3d558                yaffs_dev_rewind
                0x00e3d574                yaffs_next_dev
                0x00e3d5a4                yaffs_opendir
                0x00e3d73c                yaffs_readdir
                0x00e3d814                yaffs_rewinddir
                0x00e3d830                yaffs_closedir
                0x00e3d878                yaffs_symlink
                0x00e3d9d4                yaffs_readlink
                0x00e3dae0                yaffs_link
                0x00e3dcc8                yaffs_mknod
                0x00e3dcdc                yaffs_n_handles
                0x00e3dd60                yaffs_get_error
                0x00e3dd64                yaffs_set_error
                0x00e3dd74                yaffs_dump_dev
                0x00e3e278                yaffs_addr_to_chunk
                0x00e3e2cc                yaffs_get_temp_buffer
                0x00e3e35c                yaffs_release_temp_buffer
                0x00e3e508                yaffs_is_managed_tmp_buffer
                0x00e3e594                yaffs_handle_chunk_error
                0x00e3e5f8                yaffs_root
                0x00e3e600                yaffs_lost_n_found
                0x00e3e608                yaffs_check_ff
                0x00e3e6d8                yaffs_check_alloc_available
                0x00e3e70c                yaffs_skip_rest_of_block
                0x00e3e7b0                yaffs_set_obj_name
                0x00e3e814                yaffs_set_obj_name_from_oh
                0x00e3e81c                yaffs_max_file_size
                0x00e3e844                yaffs_get_tnode
                0x00e3e880                yaffs_load_tnode_0
                0x00e3e8f4                yaffs_get_group_base
                0x00e3eb00                yaffs_find_tnode_0
                0x00e3ec4c                yaffs_add_find_tnode_0
                0x00e3edcc                yaffs_add_obj_to_dir
                0x00e3ef04                yaffs_handle_defered_free
                0x00e3ef14                yaffs_find_by_number
                0x00e3ef70                yaffs_new_obj
                0x00e3f204                yaffs_find_or_create_by_number
                0x00e3f238                yaffs_clone_str
                0x00e3f328                yaffs_block_became_dirty
                0x00e3f6d4                yaffs_chunk_del
                0x00e3f900                yaffs_put_chunk_in_file
                0x00e40004                yaffs_get_xattrib
                0x00e40008                yaffs_list_xattrib
                0x00e4001c                yaffs_is_non_empty_dir
                0x00e4004c                yaffs_handle_shadowed_obj
                0x00e400b8                yaffs_link_fixup
                0x00e40114                yaffs_get_equivalent_obj
                0x00e40140                yaffs_get_obj_name
                0x00e40298                yaffs_find_by_name
                0x00e41184                yaffs_update_oh
                0x00e41600                yaffs_update_dirty_dirs
                0x00e41744                yaffs_set_xattrib
                0x00e417a0                yaffs_remove_xattrib
                0x00e41a40                yaffs_flush_whole_cache
                0x00e41b5c                yaffs_file_rd
                0x00e41d40                yaffs_flush_file
                0x00e41db4                yaffs_do_file_wr
                0x00e42184                yaffs_wr_file
                0x00e421c4                yaffs_resize_file_down
                0x00e42460                yaffs_bg_gc
                0x00e424b8                yaffs_resize_file
                0x00e42614                yaffs_del_file
                0x00e42798                yaffs_del_obj
                0x00e429d8                yaffs_create_file
                0x00e42a24                yaffs_create_dir
                0x00e42a70                yaffs_create_special
                0x00e42ac0                yaffs_create_symlink
                0x00e42b10                yaffs_link_obj
                0x00e42cec                yaffs_unlinker
                0x00e42cfc                yaffs_rename_obj
                0x00e42f1c                yaffs_get_obj_length
                0x00e42f74                yaffs_get_obj_link_count
                0x00e42fa8                yaffs_get_obj_inode
                0x00e42fb8                yaffs_get_obj_type
                0x00e43034                yaffs_get_symlink_alias
                0x00e43058                yaffs_deinitialise
                0x00e43130                yaffs_guts_initialise
                0x00e43a58                yaffs_count_free_chunks
                0x00e43acc                yaffs_get_n_free_chunks
                0x00e43b44                yaffs_oh_size_load
                0x00e43b50                yaffs_oh_to_size
                0x00e43cb4                nval_del
                0x00e43d34                nval_set
                0x00e43e54                nval_get
                0x00e43f34                nval_list
                0x00e44030                nval_hasvalues
                0x00e44048                yaffs_rd_chunk_tags_nand
                0x00e44138                yaffs_wr_chunk_tags_nand
                0x00e44224                yaffs_mark_bad
                0x00e4424c                yaffs_query_init_block_state
                0x00e44274                yaffs_erase_block
                0x00e44298                yaffs_init_nand
                0x00e442b8                yaffs_pack_tags1
                0x00e44350                yaffs_unpack_tags1
                0x00e444a0                yaffs_pack_tags2_tags_only
                0x00e4456c                yaffs_pack_tags2
                0x00e44598                yaffs_unpack_tags2_tags_only
                0x00e44658                yaffs_unpack_tags2
                0x00e446e4                yaffs_qsort
                0x00e44ec0                yaffs_summary_deinit
                0x00e44eec                yaffs_summary_init
                0x00e44f74                yaffs_summary_read
                0x00e4520c                yaffs_summary_add
                0x00e454d8                yaffs_summary_fetch
                0x00e4553c                yaffs_summary_gc
                0x00e45a44                yaffs_calc_ecc
                0x00e45a68                yaffs_calc_tags_ecc
                0x00e45ae0                yaffs_check_tags_ecc
                0x00e45b40                yaffs_tags_compat_wr
                0x00e45c90                yaffs_tags_compat_rd
                0x00e45e20                yaffs_tags_compat_mark_bad
                0x00e45e88                yaffs_tags_compat_query_block
                0x00e45f60                yaffs_skip_verification
                0x00e45f7c                yaffs_verify_blk
                0x00e460a8                yaffs_verify_collected_blk
                0x00e460f4                yaffs_verify_blocks
                0x00e462e0                yaffs_verify_oh
                0x00e464ac                yaffs_verify_file
                0x00e465b8                yaffs_verify_link
                0x00e465bc                yaffs_verify_symlink
                0x00e465c0                yaffs_verify_special
                0x00e465c4                yaffs_verify_dir
                0x00e466a0                yaffs_verify_obj
                0x00e468fc                yaffs_verify_objects
                0x00e46948                yaffs_verify_obj_in_dir
                0x00e46a80                yaffs_verify_free_chunks
                0x00e46ae0                yaffs_verify_file_sane
                0x00e46ae8                yaffs1_scan
                0x00e4746c                yaffs_calc_oldest_dirty_seq
                0x00e474fc                yaffs2_find_oldest_dirty_seq
                0x00e47518                yaffs2_clear_oldest_dirty_seq
                0x00e4754c                yaffs2_update_oldest_dirty_seq
                0x00e47578                yaffs_block_ok_for_gc
                0x00e475c0                yaffs2_find_refresh_block
                0x00e47698                yaffs2_checkpt_required
                0x00e476e4                yaffs_calc_checkpt_blocks_required
                0x00e47784                yaffs2_checkpt_invalidate
                0x00e477cc                yaffs_checkpoint_save
                0x00e47c5c                yaffs2_checkpt_restore
                0x00e48298                yaffs2_handle_hole
                0x00e48410                yaffs2_scan_backwards
                0x00e490cc                nandmtd_WriteChunkToNAND
                0x00e49210                nandmtd_ReadChunkFromNAND
                0x00e49380                nandmtd_EraseBlockInNAND
                0x00e493f0                nandmtd_InitialiseNAND
                0x00e493f8                nandmtd2_write_chunk_tags
                0x00e49538                nandmtd2_read_chunk_tags
                0x00e49770                nandmtd2_MarkNANDBlockBad
                0x00e497cc                nandmtd2_QueryNANDBlock
 .text.unlikely
                0x00e498c4      0x1fc fs/yaffs2/libyaffs2.o
 .text          0x00e49ac0     0x3af4 lib/libgeneric.o
                0x00e49ac0                cyg_crc16
                0x00e49b08                crc32_no_comp
                0x00e49be0                crc32
                0x00e49bf4                crc32_wd
                0x00e49c44                crc32_wd_buf
                0x00e49c80                crc7
                0x00e49ca4                display_options
                0x00e49cc4                print_size
                0x00e49e04                print_buffer
                0x00e49fc0                __div64_32
                0x00e4a094                gzalloc
                0x00e4a0a4                gzfree
                0x00e4a0ac                zunzip
                0x00e4a1b4                gunzip
                0x00e4a330                hcreate_r
                0x00e4a3dc                hdestroy_r
                0x00e4a450                hstrstr_r
                0x00e4a4fc                hmatch_r
                0x00e4a59c                hsearch_r
                0x00e4aa1c                hdelete_r
                0x00e4aaf0                hexport_r
                0x00e4adbc                himport_r
                0x00e4b0f0                hwalk_r
                0x00e4b148                initcall_run_list
                0x00e4b174                ldiv
                0x00e4b1c4                skip_spaces
                0x00e4b1ec                strim
                0x00e4b40c                lmb_dump_all
                0x00e4b410                lmb_init
                0x00e4b438                lmb_add
                0x00e4b43c                lmb_free
                0x00e4b548                lmb_reserve
                0x00e4b550                lmb_overlaps_region
                0x00e4b5a8                __lmb_alloc_base
                0x00e4b6b4                lmb_alloc_base
                0x00e4b6e8                lmb_alloc
                0x00e4b6f0                lmb_is_reserved
                0x00e4b740                board_lmb_reserve
                0x00e4b740                __board_lmb_reserve
                0x00e4b744                __arch_lmb_reserve
                0x00e4b748                string_to_ip
                0x00e4b7c0                qsort
                0x00e4b8a4                strcmp_compar
                0x00e4b98c                rb_insert_color
                0x00e4bac0                rb_erase
                0x00e4be14                rb_first
                0x00e4be34                rb_last
                0x00e4be54                rb_next
                0x00e4beb4                rb_prev
                0x00e4bf14                rb_replace_node
                0x00e4bf74                strncasecmp
                0x00e4bff4                strcasecmp
                0x00e4bffc                strcpy
                0x00e4c018                strncpy
                0x00e4c03c                strcat
                0x00e4c06c                strncat
                0x00e4c0c0                strcmp
                0x00e4c0f0                strncmp
                0x00e4c134                strchr
                0x00e4c160                strlen
                0x00e4c180                strrchr
                0x00e4c1bc                strnlen
                0x00e4c1ec                strdup
                0x00e4c228                strspn
                0x00e4c264                strpbrk
                0x00e4c2a0                strtok
                0x00e4c328                strsep
                0x00e4c360                strswab
                0x00e4c3a8                memset
                0x00e4c408                bcopy
                0x00e4c428                memcpy
                0x00e4c488                memmove
                0x00e4c4dc                memcmp
                0x00e4c510                memscan
                0x00e4c53c                strstr
                0x00e4c5a4                memchr
                0x00e4c5d4                strmhz
                0x00e4c640                udelay
                0x00e4c674                mdelay
                0x00e4d1ac                simple_strtoul
                0x00e4d264                strict_strtoul
                0x00e4d2e0                simple_strtol
                0x00e4d308                ustrtoul
                0x00e4d378                simple_strtoull
                0x00e4d454                ustrtoull
                0x00e4d4dc                vsprintf
                0x00e4d4e0                sprintf
                0x00e4d508                panic
                0x00e4d54c                __assert_fail
                0x00e4d560                simple_itoa
 .text          0x00e4d5b4      0x7e0 lib/lzo/liblzo.o
                0x00e4d5b4                lzo1x_decompress_safe
                0x00e4dc50                lzop_decompress
 .text          0x00e4dd94     0x2590 lib/zlib/libz.o
                0x00e4dd94                zcalloc
                0x00e4dd9c                zcfree
                0x00e4dda4                inflate_fast
                0x00e4e34c                inflate_table
                0x00e4e8b0                inflateReset
                0x00e4e934                inflateInit2_
                0x00e4ea3c                inflateInit_
                0x00e4ea50                inflateEnd
                0x00e4eac0                adler32
                0x00e4ee14                inflate
 .text          0x00e50324     0x3f6c net/libnet.o
                0x00e50324                ArpInit
                0x00e50350                arp_raw_request
                0x00e50418                ArpRequest
                0x00e50490                ArpTimeoutCheck
                0x00e50504                ArpReceive
                0x00e50d6c                BootpRequest
                0x00e5102c                DhcpRequest
                0x00e51030                cpu_eth_init
                0x00e51098                eth_parse_enetaddr
                0x00e510f0                eth_getenv_enetaddr
                0x00e5114c                eth_setenv_enetaddr
                0x00e51180                eth_getenv_enetaddr_by_index
                0x00e511d0                eth_get_dev_by_name
                0x00e51254                eth_get_dev_by_index
                0x00e5129c                eth_get_dev_index
                0x00e512b8                eth_write_hwaddr
                0x00e51490                eth_register
                0x00e514fc                eth_unregister
                0x00e51594                eth_initialize
                0x00e51750                eth_halt
                0x00e51780                eth_send
                0x00e517b8                eth_rx
                0x00e517e4                eth_try_another
                0x00e51860                eth_init
                0x00e51928                eth_set_current
                0x00e519bc                eth_get_name
                0x00e51a18                net_auto_load
                0x00e51a7c                NetStartAgain
                0x00e51ba4                net_get_udp_handler
                0x00e51bb4                net_set_udp_handler
                0x00e51bd4                net_get_arp_handler
                0x00e51be4                net_set_arp_handler
                0x00e51c04                NetSetTimeout
                0x00e51c40                NetCksum
                0x00e51c74                NetCksumOk
                0x00e51c98                NetReceive
                0x00e51f54                NetEthHdrSize
                0x00e51f94                NetSetEther
                0x00e5203c                net_update_ether
                0x00e520c0                net_set_ip_header
                0x00e5214c                net_set_udp_header
                0x00e521f4                NetSendUDPPacket
                0x00e52300                copy_filename
                0x00e52374                random_port
                0x00e52390                ip_to_string
                0x00e523e4                VLAN_to_string
                0x00e52434                string_to_VLAN
                0x00e5248c                getenv_VLAN
                0x00e5255c                net_init
                0x00e525cc                NetLoop
                0x00e5360c                NfsStart
                0x00e53854                ping_start
                0x00e53978                ping_receive
                0x00e53fa4                TftpStart
 .text          0x00e54290      0x844 board/nuvoton/nuc970evb/libnuc970evb.o
                0x00e54290                board_early_init_f
                0x00e542c0                dram_init_banksize
                0x00e5436c                dram_init
                0x00e543c0                board_eth_init
                0x00e543fc                enable_caches
                0x00e54400                board_init
                0x00e54414                board_late_init
                0x00e54424                NUC970_cleanup
                0x00e5442c                timer_init
                0x00e54474                get_ticks
                0x00e544f8                __udelay
                0x00e54578                get_timer
                0x00e545d8                get_tbclk
                0x00e546f8                do_decrypt
 .text          0x00e54ad4       0x24 /home/book/NUC970/uboot/arch/arm/lib/eabi_compat.o
                0x00e54ad4                raise
                0x00e54af0                __aeabi_unwind_cpp_pr0
                0x00e54af4                __aeabi_unwind_cpp_pr1
 .text          0x00e54af8       0xc8 /usr/local/arm_linux_4.8/lib/gcc/arm-nuvoton-linux-uclibceabi/4.8.4/libgcc.a(_udivsi3.o)
                0x00e54af8                __udivsi3
                0x00e54af8                __aeabi_uidiv
                0x00e54ba0                __aeabi_uidivmod
 .text          0x00e54bc0       0xfc /usr/local/arm_linux_4.8/lib/gcc/arm-nuvoton-linux-uclibceabi/4.8.4/libgcc.a(_divsi3.o)
                0x00e54bc0                __aeabi_idiv
                0x00e54bc0                __divsi3
                0x00e54c9c                __aeabi_idivmod
 .text          0x00e54cbc       0x1c /usr/local/arm_linux_4.8/lib/gcc/arm-nuvoton-linux-uclibceabi/4.8.4/libgcc.a(_lshrdi3.o)
                0x00e54cbc                __aeabi_llsr
                0x00e54cbc                __lshrdi3
 .text          0x00e54cd8       0x1c /usr/local/arm_linux_4.8/lib/gcc/arm-nuvoton-linux-uclibceabi/4.8.4/libgcc.a(_ashrdi3.o)
                0x00e54cd8                __ashrdi3
                0x00e54cd8                __aeabi_lasr
 .text          0x00e54cf4       0x1c /usr/local/arm_linux_4.8/lib/gcc/arm-nuvoton-linux-uclibceabi/4.8.4/libgcc.a(_ashldi3.o)
                0x00e54cf4                __ashldi3
                0x00e54cf4                __aeabi_llsl
 .text          0x00e54d10       0x44 /usr/local/arm_linux_4.8/lib/gcc/arm-nuvoton-linux-uclibceabi/4.8.4/libgcc.a(_aeabi_ldivmod.o)
                0x00e54d10                __aeabi_ldivmod
 .text          0x00e54d54       0x3c /usr/local/arm_linux_4.8/lib/gcc/arm-nuvoton-linux-uclibceabi/4.8.4/libgcc.a(_aeabi_uldivmod.o)
                0x00e54d54                __aeabi_uldivmod
 .text          0x00e54d90       0x10 /usr/local/arm_linux_4.8/lib/gcc/arm-nuvoton-linux-uclibceabi/4.8.4/libgcc.a(_dvmd_lnx.o)
                0x00e54d90                __aeabi_ldiv0
                0x00e54d90                __aeabi_idiv0
 .text          0x00e54da0       0x78 /usr/local/arm_linux_4.8/lib/gcc/arm-nuvoton-linux-uclibceabi/4.8.4/libgcc.a(bpabi.o)
                0x00e54da0                __gnu_ldivmod_helper
                0x00e54ddc                __gnu_uldivmod_helper
 .text          0x00e54e18      0x498 /usr/local/arm_linux_4.8/lib/gcc/arm-nuvoton-linux-uclibceabi/4.8.4/libgcc.a(_divdi3.o)
                0x00e54e18                __divdi3
 .text          0x00e552b0      0x404 /usr/local/arm_linux_4.8/lib/gcc/arm-nuvoton-linux-uclibceabi/4.8.4/libgcc.a(_udivdi3.o)
                0x00e552b0                __udivdi3

.glue_7         0x00e556b4        0x0
 .glue_7        0x00000000        0x0 linker stubs

.glue_7t        0x00e556b4        0x0
 .glue_7t       0x00000000        0x0 linker stubs

.vfp11_veneer   0x00e556b4        0x0
 .vfp11_veneer  0x00000000        0x0 linker stubs

.v4_bx          0x00e556b4        0x0
 .v4_bx         0x00000000        0x0 linker stubs

.iplt           0x00e556b4        0x0
 .iplt          0x00000000        0x0 arch/arm/cpu/arm926ejs/start.o
                0x00e556b4                . = ALIGN (0x4)

.rodata         0x00e556b4    0x1116e
 *(SORT(.rodata*))
 .rodata        0x00e556b4       0x80 arch/arm/lib/libarm.o
 .rodata        0x00e55734      0x4e8 common/libcommon.o
                0x00e55843                version_string
                0x00e55897                default_environment
 .rodata        0x00e55c1c       0x10 disk/libdisk.o
 .rodata        0x00e55c2c       0x88 drivers/gpio/libgpio.o
 .rodata        0x00e55cb4       0x94 drivers/input/libinput.o
 .rodata        0x00e55d48      0x8a4 drivers/mtd/nand/libnand.o
                0x00e55d64                nand_manuf_ids
                0x00e55db4                nand_flash_ids
 .rodata        0x00e565ec      0x72c drivers/mtd/ubi/libubi.o
 .rodata        0x00e56d18       0x18 fs/fat/libfat.o
 .rodata        0x00e56d30       0xd3 fs/jffs2/libjffs2.o
 *fill*         0x00e56e03        0x1 
 .rodata        0x00e56e04      0x5fc fs/ubifs/libubifs.o
                0x00e570e8                crc16_table
 .rodata        0x00e57400      0x52c fs/yaffs2/libyaffs2.o
 .rodata        0x00e5792c      0x827 lib/libgeneric.o
                0x00e57f2c                crc7_syndrome_table
                0x00e5802c                _ctype
 *fill*         0x00e58153        0x1 
 .rodata        0x00e58154      0x9cc lib/zlib/libz.o
                0x00e58af8                z_errmsg
 .rodata        0x00e58b20       0x1c board/nuvoton/nuc970evb/libnuc970evb.o
 .rodata        0x00e58b3c       0x12 drivers/mtd/libmtd.o
 .rodata        0x00e58b4e       0x4e drivers/usb/host/libusb_host.o
 .rodata        0x00e58b9c        0x9 lib/lzo/liblzo.o
 .rodata        0x00e58ba5       0x22 net/libnet.o
 .rodata.str1.1
                0x00e58bc7       0x3f arch/arm/cpu/arm926ejs/nuc970/libnuc970.o
 .rodata.str1.1
                0x00e58c06      0x380 arch/arm/lib/libarm.o
                                0x39d (size before relaxing)
 .rodata.str1.1
                0x00e58f86     0x59be common/libcommon.o
                               0x5f55 (size before relaxing)
 .rodata.str1.1
                0x00e5e944      0x3f7 disk/libdisk.o
                                0x432 (size before relaxing)
 .rodata.str1.1
                0x00e5ed3b       0x3e drivers/gpio/libgpio.o
 .rodata.str1.1
                0x00e5ed79       0x10 drivers/input/libinput.o
                                 0x16 (size before relaxing)
 .rodata.str1.1
                0x00e5ed89      0x244 drivers/mtd/libmtd.o
 .rodata.str1.1
                0x00e5efcd      0xd0c drivers/mtd/nand/libnand.o
                                0xd68 (size before relaxing)
 .rodata.str1.1
                0x00e5fcd9     0x178f drivers/mtd/ubi/libubi.o
                               0x1b60 (size before relaxing)
 .rodata.str1.1
                0x00e61468       0x33 drivers/net/libnet.o
 .rodata.str1.1
                0x00e6149b       0x57 drivers/serial/libserial.o
                                 0x92 (size before relaxing)
 .rodata.str1.1
                0x00e614f2      0x242 drivers/usb/host/libusb_host.o
 .rodata.str1.1
                0x00e61734        0x9 drivers/watchdog/libwatchdog.o
                                  0xf (size before relaxing)
 .rodata.str1.1
                0x00e6173d      0x1df fs/fat/libfat.o
                                0x214 (size before relaxing)
 .rodata.str1.1
                0x00e6191c      0x310 fs/jffs2/libjffs2.o
                                0x323 (size before relaxing)
 .rodata.str1.1
                0x00e61c2c       0x5b fs/libfs.o
                                 0x9d (size before relaxing)
 .rodata.str1.1
                0x00e61c87     0x17a7 fs/ubifs/libubifs.o
                               0x19c6 (size before relaxing)
 .rodata.str1.1
                0x00e6342e     0x25fe fs/yaffs2/libyaffs2.o
                               0x2ab4 (size before relaxing)
 .rodata.str1.1
                0x00e65a2c      0x1d6 lib/libgeneric.o
                                0x1f2 (size before relaxing)
 .rodata.str1.1
                0x00e65c02      0x21c lib/zlib/libz.o
                                0x21d (size before relaxing)
 .rodata.str1.1
                0x00e65e1e      0x755 net/libnet.o
                                0x8f4 (size before relaxing)
 .rodata.str1.1
                0x00e66573      0x294 board/nuvoton/nuc970evb/libnuc970evb.o
                                0x299 (size before relaxing)
 .rodata.str1.1
                0x00e66807       0x1b /home/book/NUC970/uboot/arch/arm/lib/eabi_compat.o

.hash           0x00e66824       0x3c
 .hash          0x00e66824       0x3c arch/arm/cpu/arm926ejs/start.o

.ARM.extab      0x00e66860        0x0
 .ARM.extab     0x00e66860        0x0 /usr/local/arm_linux_4.8/lib/gcc/arm-nuvoton-linux-uclibceabi/4.8.4/libgcc.a(_divdi3.o)
 .ARM.extab     0x00e66860        0x0 /usr/local/arm_linux_4.8/lib/gcc/arm-nuvoton-linux-uclibceabi/4.8.4/libgcc.a(_udivdi3.o)

.ARM.exidx      0x00e66860        0x8
 .ARM.exidx     0x00e66860        0x8 /usr/local/arm_linux_4.8/lib/gcc/arm-nuvoton-linux-uclibceabi/4.8.4/libgcc.a(_divdi3.o)
 .ARM.exidx     0x00e66868        0x0 /usr/local/arm_linux_4.8/lib/gcc/arm-nuvoton-linux-uclibceabi/4.8.4/libgcc.a(_udivdi3.o)
                                  0x8 (size before relaxing)
                0x00e66868                . = ALIGN (0x4)

.data           0x00e66868     0x25a0
 *(.data*)
 .data          0x00e66868        0x0 arch/arm/cpu/arm926ejs/start.o
 .data          0x00e66868        0x0 arch/arm/cpu/arm926ejs/libarm926ejs.o
 .data          0x00e66868        0x0 arch/arm/cpu/arm926ejs/nuc970/libnuc970.o
 .data          0x00e66868       0x30 arch/arm/lib/libarm.o
                0x00e66868                init_sequence
 .data          0x00e66898     0x14a0 common/libcommon.o
                0x00e67c8c                env_htab
                0x00e67c9c                env_name_spec
                0x00e67d24                load_addr
                0x00e67d2c                stdio_names
 .data          0x00e67d38        0x0 disk/libdisk.o
 .data          0x00e67d38        0x0 drivers/gpio/libgpio.o
 .data          0x00e67d38       0xc6 drivers/input/libinput.o
 .data          0x00e67dfe        0x0 drivers/mtd/libmtd.o
 *fill*         0x00e67dfe        0x2 
 .data          0x00e67e00      0x9e8 drivers/mtd/nand/libnand.o
                0x00e67e00                nand_curr_device
 .data          0x00e687e8        0x0 drivers/mtd/ubi/libubi.o
 .data          0x00e687e8        0x0 drivers/net/libnet.o
 .data          0x00e687e8        0x0 drivers/pcmcia/libpcmcia.o
 .data          0x00e687e8        0x0 drivers/rtc/librtc.o
 .data          0x00e687e8       0x38 drivers/serial/libserial.o
                0x00e68818                ext_clk
                0x00e6881c                baudrate
 .data          0x00e68820        0x0 drivers/spi/libspi.o
 .data          0x00e68820       0x38 drivers/usb/host/libusb_host.o
 .data          0x00e68858        0x0 drivers/watchdog/libwatchdog.o
 .data          0x00e68858      0x204 fs/fat/libfat.o
                0x00e68858                file_cwd
 .data          0x00e68a5c        0x0 fs/jffs2/libjffs2.o
 .data          0x00e68a5c       0x28 fs/libfs.o
 .data          0x00e68a84       0x50 fs/ubifs/libubifs.o
 .data          0x00e68ad4        0x8 fs/yaffs2/libyaffs2.o
                0x00e68ad4                yaffsfs_deviceList
 .data          0x00e68adc        0x0 lib/libgeneric.o
 .data          0x00e68adc        0x0 lib/lzo/liblzo.o
 .data          0x00e68adc        0x0 lib/zlib/libz.o
 .data          0x00e68adc       0x28 net/libnet.o
                0x00e68adc                NetOurVLAN
                0x00e68ade                NetOurNativeVLAN
                0x00e68ae0                NetBcastAddr
                0x00e68afc                TftpRRQTimeoutCountMax
                0x00e68b00                TftpRRQTimeoutMSecs
 .data          0x00e68b04      0x304 board/nuvoton/nuc970evb/libnuc970evb.o
                0x00e68b3c                otp_key
 .data          0x00e68e08        0x0 /home/book/NUC970/uboot/arch/arm/lib/eabi_compat.o
 .data          0x00e68e08        0x0 /usr/local/arm_linux_4.8/lib/gcc/arm-nuvoton-linux-uclibceabi/4.8.4/libgcc.a(_udivsi3.o)
 .data          0x00e68e08        0x0 /usr/local/arm_linux_4.8/lib/gcc/arm-nuvoton-linux-uclibceabi/4.8.4/libgcc.a(_divsi3.o)
 .data          0x00e68e08        0x0 /usr/local/arm_linux_4.8/lib/gcc/arm-nuvoton-linux-uclibceabi/4.8.4/libgcc.a(_lshrdi3.o)
 .data          0x00e68e08        0x0 /usr/local/arm_linux_4.8/lib/gcc/arm-nuvoton-linux-uclibceabi/4.8.4/libgcc.a(_ashrdi3.o)
 .data          0x00e68e08        0x0 /usr/local/arm_linux_4.8/lib/gcc/arm-nuvoton-linux-uclibceabi/4.8.4/libgcc.a(_ashldi3.o)
 .data          0x00e68e08        0x0 /usr/local/arm_linux_4.8/lib/gcc/arm-nuvoton-linux-uclibceabi/4.8.4/libgcc.a(_aeabi_ldivmod.o)
 .data          0x00e68e08        0x0 /usr/local/arm_linux_4.8/lib/gcc/arm-nuvoton-linux-uclibceabi/4.8.4/libgcc.a(_aeabi_uldivmod.o)
 .data          0x00e68e08        0x0 /usr/local/arm_linux_4.8/lib/gcc/arm-nuvoton-linux-uclibceabi/4.8.4/libgcc.a(_dvmd_lnx.o)
 .data          0x00e68e08        0x0 /usr/local/arm_linux_4.8/lib/gcc/arm-nuvoton-linux-uclibceabi/4.8.4/libgcc.a(bpabi.o)
 .data          0x00e68e08        0x0 /usr/local/arm_linux_4.8/lib/gcc/arm-nuvoton-linux-uclibceabi/4.8.4/libgcc.a(_divdi3.o)
 .data          0x00e68e08        0x0 /usr/local/arm_linux_4.8/lib/gcc/arm-nuvoton-linux-uclibceabi/4.8.4/libgcc.a(_udivdi3.o)

.got            0x00e68e08        0x0
 .got           0x00000000        0x0 arch/arm/cpu/arm926ejs/start.o

.got.plt        0x00e68e08        0xc
 .got.plt       0x00e68e08        0xc arch/arm/cpu/arm926ejs/start.o
                0x00e68e08                _GLOBAL_OFFSET_TABLE_

.igot.plt       0x00e68e14        0x0
 .igot.plt      0x00000000        0x0 arch/arm/cpu/arm926ejs/start.o

.__bss_end      0x00e68e14        0x0
 .__bss_end     0x00e68e14        0x0 arch/arm/lib/libarm.o
                0x00e68e14                . = ALIGN (0x4)
                0x00e68e14                . = .
                0x00e68e14                . = ALIGN (0x4)

.u_boot_list    0x00e68e14      0x880
 *(SORT(.u_boot_list*))
 .u_boot_list_2_cmd_1
                0x00e68e14        0x0 common/libcommon.o
 .u_boot_list_2_cmd_2_0
                0x00e68e14       0x1c common/libcommon.o
                0x00e68e14                _u_boot_list_2_cmd_2_0
 .u_boot_list_2_cmd_2_1
                0x00e68e30       0x1c common/libcommon.o
                0x00e68e30                _u_boot_list_2_cmd_2_1
[...]
 .debug_info    0x0000494d    0x353cf common/libcommon.o
 .debug_info    0x00039d1c     0x1e7e disk/libdisk.o
 .debug_info    0x0003bb9a      0x81e drivers/gpio/libgpio.o
 .debug_info    0x0003c3b8     0x1068 drivers/input/libinput.o
 .debug_info    0x0003d420     0x2565 drivers/mtd/libmtd.o
 .debug_info    0x0003f985     0xeb03 drivers/mtd/nand/libnand.o
 .debug_info    0x0004e488    0x19584 drivers/mtd/ubi/libubi.o
 .debug_info    0x00067a0c      0xa6b drivers/net/libnet.o
 .debug_info    0x00068477      0x502 drivers/pcmcia/libpcmcia.o
 .debug_info    0x00068979      0x281 drivers/rtc/librtc.o
 .debug_info    0x00068bfa     0x147c drivers/serial/libserial.o
 .debug_info    0x0006a076      0x3bc drivers/spi/libspi.o
 .debug_info    0x0006a432     0x2856 drivers/usb/host/libusb_host.o
 .debug_info    0x0006cc88      0x56f drivers/watchdog/libwatchdog.o
 .debug_info    0x0006d1f7     0x298d fs/fat/libfat.o
 .debug_info    0x0006fb84     0x3ea2 fs/jffs2/libjffs2.o
 .debug_info    0x00073a26      0xfe3 fs/libfs.o
 .debug_info    0x00074a09    0x3df42 fs/ubifs/libubifs.o
 .debug_info    0x000b294b    0x2da52 fs/yaffs2/libyaffs2.o
 .debug_info    0x000e039d     0x74d5 lib/libgeneric.o
 .debug_info    0x000e7872      0xb0d lib/lzo/liblzo.o
 .debug_info    0x000e837f     0x154f lib/zlib/libz.o
 .debug_info    0x000e98ce     0x9a1e net/libnet.o
 .debug_info    0x000f32ec     0x1fc2 board/nuvoton/nuc970evb/libnuc970evb.o
 .debug_info    0x000f52ae      0x30c /home/book/NUC970/uboot/arch/arm/lib/eabi_compat.o
 .debug_info    0x000f55ba       0xc4 /usr/local/arm_linux_4.8/lib/gcc/arm-nuvoton-linux-uclibceabi/4.8.4/libgcc.a(_udivsi3.o)
 .debug_info    0x000f567e       0xc4 /usr/local/arm_linux_4.8/lib/gcc/arm-nuvoton-linux-uclibceabi/4.8.4/libgcc.a(_divsi3.o)
 .debug_info    0x000f5742       0xc4 /usr/local/arm_linux_4.8/lib/gcc/arm-nuvoton-linux-uclibceabi/4.8.4/libgcc.a(_lshrdi3.o)
 .debug_info    0x000f5806       0xc4 /usr/local/arm_linux_4.8/lib/gcc/arm-nuvoton-linux-uclibceabi/4.8.4/libgcc.a(_ashrdi3.o)
 .debug_info    0x000f58ca       0xc4 /usr/local/arm_linux_4.8/lib/gcc/arm-nuvoton-linux-uclibceabi/4.8.4/libgcc.a(_ashldi3.o)
 .debug_info    0x000f598e       0xc0 /usr/local/arm_linux_4.8/lib/gcc/arm-nuvoton-linux-uclibceabi/4.8.4/libgcc.a(_aeabi_ldivmod.o)
 .debug_info    0x000f5a4e       0xc0 /usr/local/arm_linux_4.8/lib/gcc/arm-nuvoton-linux-uclibceabi/4.8.4/libgcc.a(_aeabi_uldivmod.o)
 .debug_info    0x000f5b0e       0xc4 /usr/local/arm_linux_4.8/lib/gcc/arm-nuvoton-linux-uclibceabi/4.8.4/libgcc.a(_dvmd_lnx.o)
 .debug_info    0x000f5bd2      0x164 /usr/local/arm_linux_4.8/lib/gcc/arm-nuvoton-linux-uclibceabi/4.8.4/libgcc.a(bpabi.o)
 .debug_info    0x000f5d36      0x5cc /usr/local/arm_linux_4.8/lib/gcc/arm-nuvoton-linux-uclibceabi/4.8.4/libgcc.a(_divdi3.o)
 .debug_info    0x000f6302      0x58b /usr/local/arm_linux_4.8/lib/gcc/arm-nuvoton-linux-uclibceabi/4.8.4/libgcc.a(_udivdi3.o)

.debug_abbrev   0x00000000    0x21ab9
 .debug_abbrev  0x00000000       0x14 arch/arm/cpu/arm926ejs/start.o
 .debug_abbrev  0x00000014      0x290 arch/arm/cpu/arm926ejs/libarm926ejs.o
 .debug_abbrev  0x000002a4      0x2e8 arch/arm/cpu/arm926ejs/nuc970/libnuc970.o
 .debug_abbrev  0x0000058c      0xff1 arch/arm/lib/libarm.o
 .debug_abbrev  0x0000157d     0x8cda common/libcommon.o
 .debug_abbrev  0x0000a257      0x6eb disk/libdisk.o
 .debug_abbrev  0x0000a942      0x245 drivers/gpio/libgpio.o
 .debug_abbrev  0x0000ab87      0x3a7 drivers/input/libinput.o
 .debug_abbrev  0x0000af2e      0x665 drivers/mtd/libmtd.o
 .debug_abbrev  0x0000b593     0x1aae drivers/mtd/nand/libnand.o
 .debug_abbrev  0x0000d041     0x2f01 drivers/mtd/ubi/libubi.o
 .debug_abbrev  0x0000ff42      0x28a drivers/net/libnet.o
 .debug_abbrev  0x000101cc      0x1aa drivers/pcmcia/libpcmcia.o
 .debug_abbrev  0x00010376       0xd5 drivers/rtc/librtc.o
 .debug_abbrev  0x0001044b      0x616 drivers/serial/libserial.o
 .debug_abbrev  0x00010a61      0x18c drivers/spi/libspi.o
 .debug_abbrev  0x00010bed      0x6aa drivers/usb/host/libusb_host.o
 .debug_abbrev  0x00011297      0x20a drivers/watchdog/libwatchdog.o
 .debug_abbrev  0x000114a1      0x75d fs/fat/libfat.o
 .debug_abbrev  0x00011bfe      0xa7a fs/jffs2/libjffs2.o
 .debug_abbrev  0x00012678      0x337 fs/libfs.o
 .debug_abbrev  0x000129af     0x5039 fs/ubifs/libubifs.o
 .debug_abbrev  0x000179e8     0x4b4a fs/yaffs2/libyaffs2.o
 .debug_abbrev  0x0001c532     0x238e lib/libgeneric.o
 .debug_abbrev  0x0001e8c0      0x2a1 lib/lzo/liblzo.o
 .debug_abbrev  0x0001eb61      0x454 lib/zlib/libz.o
 .debug_abbrev  0x0001efb5     0x1d62 net/libnet.o
 .debug_abbrev  0x00020d17      0x81d board/nuvoton/nuc970evb/libnuc970evb.o
 .debug_abbrev  0x00021534      0x152 /home/book/NUC970/uboot/arch/arm/lib/eabi_compat.o
 .debug_abbrev  0x00021686       0x14 /usr/local/arm_linux_4.8/lib/gcc/arm-nuvoton-linux-uclibceabi/4.8.4/libgcc.a(_udivsi3.o)
 .debug_abbrev  0x0002169a       0x14 /usr/local/arm_linux_4.8/lib/gcc/arm-nuvoton-linux-uclibceabi/4.8.4/libgcc.a(_divsi3.o)
 .debug_abbrev  0x000216ae       0x14 /usr/local/arm_linux_4.8/lib/gcc/arm-nuvoton-linux-uclibceabi/4.8.4/libgcc.a(_lshrdi3.o)
 .debug_abbrev  0x000216c2       0x14 /usr/local/arm_linux_4.8/lib/gcc/arm-nuvoton-linux-uclibceabi/4.8.4/libgcc.a(_ashrdi3.o)
 .debug_abbrev  0x000216d6       0x14 /usr/local/arm_linux_4.8/lib/gcc/arm-nuvoton-linux-uclibceabi/4.8.4/libgcc.a(_ashldi3.o)
 .debug_abbrev  0x000216ea       0x14 /usr/local/arm_linux_4.8/lib/gcc/arm-nuvoton-linux-uclibceabi/4.8.4/libgcc.a(_aeabi_ldivmod.o)
 .debug_abbrev  0x000216fe       0x14 /usr/local/arm_linux_4.8/lib/gcc/arm-nuvoton-linux-uclibceabi/4.8.4/libgcc.a(_aeabi_uldivmod.o)
 .debug_abbrev  0x00021712       0x14 /usr/local/arm_linux_4.8/lib/gcc/arm-nuvoton-linux-uclibceabi/4.8.4/libgcc.a(_dvmd_lnx.o)
 .debug_abbrev  0x00021726       0xb7 /usr/local/arm_linux_4.8/lib/gcc/arm-nuvoton-linux-uclibceabi/4.8.4/libgcc.a(bpabi.o)
 .debug_abbrev  0x000217dd      0x17d /usr/local/arm_linux_4.8/lib/gcc/arm-nuvoton-linux-uclibceabi/4.8.4/libgcc.a(_divdi3.o)
 .debug_abbrev  0x0002195a      0x15f /usr/local/arm_linux_4.8/lib/gcc/arm-nuvoton-linux-uclibceabi/4.8.4/libgcc.a(_udivdi3.o)

.debug_aranges  0x00000000     0x1720
 .debug_aranges
                0x00000000       0x20 arch/arm/cpu/arm926ejs/start.o
 .debug_aranges
                0x00000020       0x40 arch/arm/cpu/arm926ejs/libarm926ejs.o
 .debug_aranges
                0x00000060       0x60 arch/arm/cpu/arm926ejs/nuc970/libnuc970.o
 .debug_aranges
                0x000000c0       0xf8 arch/arm/lib/libarm.o
 .debug_aranges
                0x000001b8      0x5d0 common/libcommon.o
 .debug_aranges
                0x00000788       0x40 disk/libdisk.o
 .debug_aranges
                0x000007c8       0x20 drivers/gpio/libgpio.o
 .debug_aranges
                0x000007e8       0x20 drivers/input/libinput.o
 .debug_aranges
                0x00000808       0x40 drivers/mtd/libmtd.o
 .debug_aranges
                0x00000848       0xd8 drivers/mtd/nand/libnand.o
 .debug_aranges
                0x00000920      0x178 drivers/mtd/ubi/libubi.o
 .debug_aranges
                0x00000a98       0x20 drivers/net/libnet.o
 .debug_aranges
                0x00000ab8       0x30 drivers/pcmcia/libpcmcia.o
 .debug_aranges
                0x00000ae8       0x18 drivers/rtc/librtc.o
 .debug_aranges
                0x00000b00       0x40 drivers/serial/libserial.o
 .debug_aranges
                0x00000b40       0x20 drivers/spi/libspi.o
 .debug_aranges
                0x00000b60       0x40 drivers/usb/host/libusb_host.o
 .debug_aranges
                0x00000ba0       0x20 drivers/watchdog/libwatchdog.o
 .debug_aranges
                0x00000bc0       0x40 fs/fat/libfat.o
 .debug_aranges
                0x00000c00       0xa0 fs/jffs2/libjffs2.o
 .debug_aranges
                0x00000ca0       0x20 fs/libfs.o
 .debug_aranges
                0x00000cc0      0x238 fs/ubifs/libubifs.o
 .debug_aranges
                0x00000ef8      0x2b8 fs/yaffs2/libyaffs2.o
 .debug_aranges
                0x000011b0      0x270 lib/libgeneric.o
 .debug_aranges
                0x00001420       0x20 lib/lzo/liblzo.o
 .debug_aranges
                0x00001440       0x20 lib/zlib/libz.o
 .debug_aranges
                0x00001460       0xe0 net/libnet.o
 .debug_aranges
                0x00001540       0x60 board/nuvoton/nuc970evb/libnuc970evb.o
 .debug_aranges
                0x000015a0       0x20 /home/book/NUC970/uboot/arch/arm/lib/eabi_compat.o
 .debug_aranges
                0x000015c0       0x20 /usr/local/arm_linux_4.8/lib/gcc/arm-nuvoton-linux-uclibceabi/4.8.4/libgcc.a(_udivsi3.o)
 .debug_aranges
                0x000015e0       0x20 /usr/local/arm_linux_4.8/lib/gcc/arm-nuvoton-linux-uclibceabi/4.8.4/libgcc.a(_divsi3.o)
 .debug_aranges
                0x00001600       0x20 /usr/local/arm_linux_4.8/lib/gcc/arm-nuvoton-linux-uclibceabi/4.8.4/libgcc.a(_lshrdi3.o)
 .debug_aranges
                0x00001620       0x20 /usr/local/arm_linux_4.8/lib/gcc/arm-nuvoton-linux-uclibceabi/4.8.4/libgcc.a(_ashrdi3.o)
 .debug_aranges
                0x00001640       0x20 /usr/local/arm_linux_4.8/lib/gcc/arm-nuvoton-linux-uclibceabi/4.8.4/libgcc.a(_ashldi3.o)
 .debug_aranges
                0x00001660       0x20 /usr/local/arm_linux_4.8/lib/gcc/arm-nuvoton-linux-uclibceabi/4.8.4/libgcc.a(_aeabi_ldivmod.o)
 .debug_aranges
                0x00001680       0x20 /usr/local/arm_linux_4.8/lib/gcc/arm-nuvoton-linux-uclibceabi/4.8.4/libgcc.a(_aeabi_uldivmod.o)
 .debug_aranges
                0x000016a0       0x20 /usr/local/arm_linux_4.8/lib/gcc/arm-nuvoton-linux-uclibceabi/4.8.4/libgcc.a(_dvmd_lnx.o)
 .debug_aranges
                0x000016c0       0x20 /usr/local/arm_linux_4.8/lib/gcc/arm-nuvoton-linux-uclibceabi/4.8.4/libgcc.a(bpabi.o)
 .debug_aranges
                0x000016e0       0x20 /usr/local/arm_linux_4.8/lib/gcc/arm-nuvoton-linux-uclibceabi/4.8.4/libgcc.a(_divdi3.o)
 .debug_aranges
                0x00001700       0x20 /usr/local/arm_linux_4.8/lib/gcc/arm-nuvoton-linux-uclibceabi/4.8.4/libgcc.a(_udivdi3.o)

.debug_frame    0x00000000     0xaae0
 .debug_frame   0x00000000       0x98 arch/arm/cpu/arm926ejs/libarm926ejs.o
 .debug_frame   0x00000098       0x58 arch/arm/cpu/arm926ejs/nuc970/libnuc970.o
 .debug_frame   0x000000f0      0x480 arch/arm/lib/libarm.o
 .debug_frame   0x00000570     0x2938 common/libcommon.o
 .debug_frame   0x00002ea8      0x1b8 disk/libdisk.o
 .debug_frame   0x00003060       0x80 drivers/gpio/libgpio.o
 .debug_frame   0x000030e0       0xc8 drivers/input/libinput.o
 .debug_frame   0x000031a8      0x310 drivers/mtd/libmtd.o
 .debug_frame   0x000034b8      0xc08 drivers/mtd/nand/libnand.o
 .debug_frame   0x000040c0      0xc28 drivers/mtd/ubi/libubi.o
 .debug_frame   0x00004ce8      0x108 drivers/net/libnet.o
 .debug_frame   0x00004df0      0x210 drivers/serial/libserial.o
 .debug_frame   0x00005000       0x30 drivers/spi/libspi.o
 .debug_frame   0x00005030      0x218 drivers/usb/host/libusb_host.o
 .debug_frame   0x00005248       0x50 drivers/watchdog/libwatchdog.o
 .debug_frame   0x00005298      0x2e0 fs/fat/libfat.o
 .debug_frame   0x00005578      0x320 fs/jffs2/libjffs2.o
 .debug_frame   0x00005898      0x124 fs/libfs.o
 .debug_frame   0x000059bc     0x1194 fs/ubifs/libubifs.o
 .debug_frame   0x00006b50     0x2634 fs/yaffs2/libyaffs2.o
 .debug_frame   0x00009184      0xb68 lib/libgeneric.o
 .debug_frame   0x00009cec       0x60 lib/lzo/liblzo.o
 .debug_frame   0x00009d4c      0x130 lib/zlib/libz.o
 .debug_frame   0x00009e7c      0x964 net/libnet.o
 .debug_frame   0x0000a7e0      0x1b4 board/nuvoton/nuc970evb/libnuc970evb.o
 .debug_frame   0x0000a994       0x48 /home/book/NUC970/uboot/arch/arm/lib/eabi_compat.o
 .debug_frame   0x0000a9dc       0x20 /usr/local/arm_linux_4.8/lib/gcc/arm-nuvoton-linux-uclibceabi/4.8.4/libgcc.a(_udivsi3.o)
 .debug_frame   0x0000a9fc       0x20 /usr/local/arm_linux_4.8/lib/gcc/arm-nuvoton-linux-uclibceabi/4.8.4/libgcc.a(_divsi3.o)
 .debug_frame   0x0000aa1c       0x50 /usr/local/arm_linux_4.8/lib/gcc/arm-nuvoton-linux-uclibceabi/4.8.4/libgcc.a(bpabi.o)
 .debug_frame   0x0000aa6c       0x38 /usr/local/arm_linux_4.8/lib/gcc/arm-nuvoton-linux-uclibceabi/4.8.4/libgcc.a(_divdi3.o)
 .debug_frame   0x0000aaa4       0x3c /usr/local/arm_linux_4.8/lib/gcc/arm-nuvoton-linux-uclibceabi/4.8.4/libgcc.a(_udivdi3.o)

.debug_str      0x00000000    0x12f2c
 .debug_str     0x00000000      0x2dc arch/arm/cpu/arm926ejs/libarm926ejs.o
                                0x655 (size before relaxing)
 .debug_str     0x000002dc       0x5e arch/arm/cpu/arm926ejs/nuc970/libnuc970.o
                                0x5bf (size before relaxing)
 .debug_str     0x0000033a     0x15e7 arch/arm/lib/libarm.o
                               0x38bb (size before relaxing)
 .debug_str     0x00001921     0x6240 common/libcommon.o
                              0x1a56a (size before relaxing)
 .debug_str     0x00007b61      0x24a disk/libdisk.o
                                0xbbd (size before relaxing)
 .debug_str     0x00007dab       0xd3 drivers/gpio/libgpio.o
                                0x37e (size before relaxing)
 .debug_str     0x00007e7e      0x316 drivers/input/libinput.o
                                0x6a1 (size before relaxing)
 .debug_str     0x00008194      0x238 drivers/mtd/libmtd.o
                                0xf9c (size before relaxing)
 .debug_str     0x000083cc      0xec1 drivers/mtd/nand/libnand.o
                               0x4d34 (size before relaxing)
 .debug_str     0x0000928d      0xd94 drivers/mtd/ubi/libubi.o
                               0x925e (size before relaxing)
 .debug_str     0x0000a021      0x156 drivers/net/libnet.o
                                0x455 (size before relaxing)
 .debug_str     0x0000a177       0x44 drivers/pcmcia/libpcmcia.o
                                0x57b (size before relaxing)
 .debug_str     0x0000a1bb       0x2b drivers/rtc/librtc.o
                                0x2b3 (size before relaxing)
 .debug_str     0x0000a1e6      0x1e9 drivers/serial/libserial.o
                                0xb49 (size before relaxing)
 .debug_str     0x0000a3cf       0x62 drivers/spi/libspi.o
                                0x322 (size before relaxing)
 .debug_str     0x0000a431      0x3d3 drivers/usb/host/libusb_host.o
                               0x1147 (size before relaxing)
 .debug_str     0x0000a804       0x73 drivers/watchdog/libwatchdog.o
                                0x333 (size before relaxing)
 .debug_str     0x0000a877      0x53f fs/fat/libfat.o
                                0xd92 (size before relaxing)
 .debug_str     0x0000adb6      0x7f6 fs/jffs2/libjffs2.o
                               0x1539 (size before relaxing)
 .debug_str     0x0000b5ac       0xd0 fs/libfs.o
                                0x70a (size before relaxing)
 .debug_str     0x0000b67c     0x193e fs/ubifs/libubifs.o
                              0x1c45b (size before relaxing)
 .debug_str     0x0000cfba     0x40b7 fs/yaffs2/libyaffs2.o
                              0x17e4c (size before relaxing)
 .debug_str     0x00011071      0x67f lib/libgeneric.o
                               0x3950 (size before relaxing)
 .debug_str     0x000116f0      0x14b lib/lzo/liblzo.o
                                0x4ac (size before relaxing)
 .debug_str     0x0001183b      0x282 lib/zlib/libz.o
                                0x787 (size before relaxing)
 .debug_str     0x00011abd      0xfe4 net/libnet.o
                               0x562a (size before relaxing)
 .debug_str     0x00012aa1      0x158 board/nuvoton/nuc970evb/libnuc970evb.o
                                0xd85 (size before relaxing)
 .debug_str     0x00012bf9       0x49 /home/book/NUC970/uboot/arch/arm/lib/eabi_compat.o
                                0x2fd (size before relaxing)
 .debug_str     0x00012c42      0x19b /usr/local/arm_linux_4.8/lib/gcc/arm-nuvoton-linux-uclibceabi/4.8.4/libgcc.a(bpabi.o)
                                0x1ca (size before relaxing)
 .debug_str     0x00012ddd      0x14f /usr/local/arm_linux_4.8/lib/gcc/arm-nuvoton-linux-uclibceabi/4.8.4/libgcc.a(_divdi3.o)
                                0x281 (size before relaxing)
 .debug_str     0x00000000      0x282 /usr/local/arm_linux_4.8/lib/gcc/arm-nuvoton-linux-uclibceabi/4.8.4/libgcc.a(_udivdi3.o)

.debug_loc      0x00000000    0x68bf2
 .debug_loc     0x00000000       0x98 arch/arm/cpu/arm926ejs/nuc970/libnuc970.o
 .debug_loc     0x00000098      0x867 arch/arm/lib/libarm.o
 .debug_loc     0x000008ff    0x171cf common/libcommon.o
 .debug_loc     0x00017ace      0xe7c disk/libdisk.o
 .debug_loc     0x0001894a      0x67e drivers/gpio/libgpio.o
 .debug_loc     0x00018fc8      0xa0b drivers/input/libinput.o
 .debug_loc     0x000199d3      0xfc8 drivers/mtd/libmtd.o
 .debug_loc     0x0001a99b     0x7f60 drivers/mtd/nand/libnand.o
 .debug_loc     0x000228fb     0xe30b drivers/mtd/ubi/libubi.o
 .debug_loc     0x00030c06      0x402 drivers/net/libnet.o
 .debug_loc     0x00031008      0x3c4 drivers/serial/libserial.o
 .debug_loc     0x000313cc       0xa9 drivers/spi/libspi.o
 .debug_loc     0x00031475     0x1516 drivers/usb/host/libusb_host.o
 .debug_loc     0x0003298b      0x134 drivers/watchdog/libwatchdog.o
 .debug_loc     0x00032abf     0x223e fs/fat/libfat.o
 .debug_loc     0x00034cfd     0x24cb fs/jffs2/libjffs2.o
 .debug_loc     0x000371c8      0x5de fs/libfs.o
 .debug_loc     0x000377a6     0xfe29 fs/ubifs/libubifs.o
 .debug_loc     0x000475cf    0x125d8 fs/yaffs2/libyaffs2.o
 .debug_loc     0x00059ba7     0x5db5 lib/libgeneric.o
 .debug_loc     0x0005f95c      0xedb lib/lzo/liblzo.o
 .debug_loc     0x00060837     0x27b6 lib/zlib/libz.o
 .debug_loc     0x00062fed     0x38ef net/libnet.o
 .debug_loc     0x000668dc      0xd45 board/nuvoton/nuc970evb/libnuc970evb.o
 .debug_loc     0x00067621       0x2c /home/book/NUC970/uboot/arch/arm/lib/eabi_compat.o
 .debug_loc     0x0006764d       0xa0 /usr/local/arm_linux_4.8/lib/gcc/arm-nuvoton-linux-uclibceabi/4.8.4/libgcc.a(bpabi.o)
 .debug_loc     0x000676ed      0xad9 /usr/local/arm_linux_4.8/lib/gcc/arm-nuvoton-linux-uclibceabi/4.8.4/libgcc.a(_divdi3.o)
 .debug_loc     0x000681c6      0xa2c /usr/local/arm_linux_4.8/lib/gcc/arm-nuvoton-linux-uclibceabi/4.8.4/libgcc.a(_udivdi3.o)

.debug_ranges   0x00000000     0x6418
 .debug_ranges  0x00000000       0x78 arch/arm/cpu/arm926ejs/nuc970/libnuc970.o
 .debug_ranges  0x00000078       0x60 arch/arm/lib/libarm.o
 .debug_ranges  0x000000d8     0x1010 common/libcommon.o
 .debug_ranges  0x000010e8       0x58 disk/libdisk.o
 .debug_ranges  0x00001140       0x60 drivers/gpio/libgpio.o
 .debug_ranges  0x000011a0       0xd8 drivers/input/libinput.o
 .debug_ranges  0x00001278      0x130 drivers/mtd/libmtd.o
 .debug_ranges  0x000013a8      0x718 drivers/mtd/nand/libnand.o
 .debug_ranges  0x00001ac0      0xe28 drivers/mtd/ubi/libubi.o
 .debug_ranges  0x000028e8       0x80 drivers/net/libnet.o
 .debug_ranges  0x00002968       0x18 drivers/serial/libserial.o
 .debug_ranges  0x00002980       0xa0 drivers/usb/host/libusb_host.o
 .debug_ranges  0x00002a20       0x48 drivers/watchdog/libwatchdog.o
 .debug_ranges  0x00002a68      0x138 fs/fat/libfat.o
 .debug_ranges  0x00002ba0      0x2e8 fs/jffs2/libjffs2.o
 .debug_ranges  0x00002e88     0x1800 fs/ubifs/libubifs.o
 .debug_ranges  0x00004688     0x1020 fs/yaffs2/libyaffs2.o
 .debug_ranges  0x000056a8      0x458 lib/libgeneric.o
 .debug_ranges  0x00005b00      0x230 lib/lzo/liblzo.o
 .debug_ranges  0x00005d30       0x48 lib/zlib/libz.o
 .debug_ranges  0x00005d78      0x4b8 net/libnet.o
 .debug_ranges  0x00006230      0x118 board/nuvoton/nuc970evb/libnuc970evb.o
 .debug_ranges  0x00006348       0x60 /usr/local/arm_linux_4.8/lib/gcc/arm-nuvoton-linux-uclibceabi/4.8.4/libgcc.a(_divdi3.o)
 .debug_ranges  0x000063a8       0x70 /usr/local/arm_linux_4.8/lib/gcc/arm-nuvoton-linux-uclibceabi/4.8.4/libgcc.a(_udivdi3.o)
