nand_base.c:157:13:nand_release_device	8	static
nand_base.c:171:9:nand_read_byte	0	static
nand_base.c:184:16:nand_read_byte16	0	static
nand_base.c:197:12:nand_read_word	0	static
nand_base.c:234:6:nand_write_buf	8	static
nand_base.c:251:6:nand_read_buf	0	static
nand_base.c:268:12:nand_verify_buf	8	static
nand_base.c:287:6:nand_write_buf16	8	static
nand_base.c:307:6:nand_read_buf16	8	static
nand_base.c:326:12:nand_verify_buf16	8	static
nand_base.c:458:12:nand_check_wp	16	static
nand_base.c:819:12:nand_read_page_raw	16	static
nand_base.c:836:12:nand_read_page_raw_syndrome	32	static
nand_base.c:877:12:nand_read_page_swecc	48	static
nand_base.c:919:12:nand_read_subpage	48	static
nand_base.c:1007:12:nand_read_page_hwecc	48	static
nand_base.c:1057:12:nand_read_page_hwecc_oob_first	48	static
nand_base.c:1102:12:nand_read_page_syndrome	32	static
nand_base.c:1383:12:nand_read_oob_std	16	static
nand_base.c:1402:12:nand_read_oob_syndrome	48	static
nand_base.c:1439:12:nand_write_oob_std	24	static
nand_base.c:1463:12:nand_write_oob_syndrome	64	static
nand_base.c:1663:13:nand_write_page_raw	16	static
nand_base.c:1678:13:nand_write_page_raw_syndrome	32	static
nand_base.c:1715:13:nand_write_page_swecc	48	static
nand_base.c:1741:13:nand_write_page_hwecc	40	static
nand_base.c:1772:13:nand_write_page_syndrome	32	static
nand_base.c:2190:13:single_erase_cmd	16	static
nand_base.c:2206:13:multi_erase_cmd	16	static
nand_base.c:2403:13:nand_sync	0	static
nand_base.c:769:12:nand_wait	24	static
nand_base.c:481:12:nand_block_checkbad	40	static
nand_base.c:2420:12:nand_block_isbad	24	static
nand_base.c:2434:12:nand_block_markbad	24	static
nand_base.c:348:12:nand_block_bad	32	static
nand_base.c:1816:12:nand_write_page	32	static
bitops.h:12:19:generic_ffs	0	static
nand_base.c:1870:17:nand_fill_oob	24	static
nand_base.c:2068:12:nand_do_write_oob	56	static
nand_base.c:400:12:nand_default_block_markbad	56	static
nand_base.c:1921:12:nand_do_write_ops	80	static
nand_base.c:2146:12:nand_write_oob	32	static
nand_base.c:2033:12:nand_write	40	static
nand_base.c:210:13:nand_select_chip	8	static
nand_base.c:1154:17:nand_transfer_oob	24	static
nand_base.c:502:6:nand_wait_ready	16	static
nand_base.c:528:13:nand_command	24	static
nand_base.c:633:13:nand_command_lp	32	static
nand_base.c:1204:12:nand_do_read_ops	88	static
nand_base.c:1617:12:nand_read_oob	72	static
nand_base.c:1349:12:nand_read	40	static
nand_base.c:2238:5:nand_erase_nand	72	static
nand_base.c:2224:12:nand_erase	0	static
nand_base.c:2880:5:nand_scan_ident	72	static
nand_base.c:2939:5:nand_scan_tail	24	static
nand_base.c:3208:5:nand_scan	8	static
nand_base.c:3222:6:nand_release	8	static
