serial.c:370:30:get_current	8	static
serial.c:50:13:serial_null	0	static
serial.c:194:6:serial_register	0	static
serial.c:291:6:serial_stdio_init	80	static
serial.c:327:5:serial_assign	16	static
serial.c:226:6:serial_initialize	8	static
serial.c:347:6:serial_reinit_all	8	static
serial.c:404:5:serial_init	8	static
serial.c:419:6:serial_setbrg	8	static
serial.c:59:12:on_baudrate	16	static
serial.c:435:5:serial_getc	8	static
serial.c:450:5:serial_tstc	8	static
serial.c:466:6:serial_putc	8	static
serial.c:484:6:serial_puts	8	static
serial.c:501:6:default_serial_puts	16	static
