cmd_nvedit.c:735:12:do_env_delete	24	static
cmd_nvedit.c:658:12:do_env_save	8	static
cmd_nvedit.c:1071:12:do_env	24	static
cmd_nvedit.c:95:12:env_print	48	static
cmd_nvedit.c:125:12:do_env_print	24	static
cmd_nvedit.c:927:12:do_env_import	56	static
cmd_nvedit.c:698:12:do_env_default	8	static
cmd_nvedit.c:198:12:0	72	static
cmd_nvedit.c:313:12:do_env_set	0	static
cmd_nvedit.c:84:5:get_env_id	0	static
cmd_nvedit.c:272:5:setenv	24	static
cmd_nvedit.c:289:5:setenv_ulong	8	static
cmd_nvedit.c:304:5:setenv_hex	32	static
cmd_nvedit.c:816:12:do_env_export	96	static
cmd_nvedit.c:682:5:envmatch	24	static
cmd_nvedit.c:601:5:getenv_f	32	static
cmd_nvedit.c:577:7:getenv	56	static
cmd_nvedit.c:645:7:getenv_ulong	16	static
cmd_nvedit.c:548:12:do_env_edit	264	static
