cmd_mtdparts.c:177:22:memsize_parse	8	static
cmd_mtdparts.c:487:13:part_delall	16	static
cmd_mtdparts.c:1839:26:mtd_part_info	16	static
cmd_mtdparts.c:210:13:memsize_format	0	static
cmd_mtdparts.c:231:13:index_partitions	16	static
cmd_mtdparts.c:267:13:current_save	40	static
cmd_mtdparts.c:508:12:part_sort_add	24	static
cmd_mtdparts.c:753:12:device_del	16	static
cmd_mtdparts.c:1209:12:8	80	static
cmd_mtdparts.c:729:12:10	24	static
cmd_mtdparts.c:972:12:mtd_devices_init	8	static
cmd_mtdparts.c:299:12:11	24	static
cmd_mtdparts.c:407:12:part_validate	40	static
cmd_mtdparts.c:785:20:device_find	8	static
cmd_mtdparts.c:832:12:device_parse	80	static
cmd_mtdparts.c:1043:5:mtd_id_parse	32	static
cmd_mtdparts.c:1347:5:find_dev_and_part	48	static
cmd_mtdparts.c:1701:5:mtdparts_init	72	static
cmd_mtdparts.c:1886:12:do_chpart	32	static
cmd_mtdparts.c:1924:12:do_mtdparts	120	static
