image.c:471:12:on_loadaddr	8	static
image.c:190:5:image_check_hcrc	72	static
image.c:205:5:image_check_dcrc	8	static
image.c:257:7:image_multi_count	0	static
image.c:290:6:image_multi_getimg	24	static
image.c:487:7:getenv_bootm_low	8	static
image.c:504:13:getenv_bootm_size	8	static
image.c:526:13:getenv_bootm_mapsize	8	static
image.c:542:6:memmove_wd	24	static
image.c:562:6:genimg_print_size	8	static
image.c:604:7:get_table_entry_name	0	static
image.c:617:13:genimg_get_os_name	0	static
image.c:622:13:genimg_get_arch_name	0	static
image.c:628:13:genimg_get_type_name	0	static
image.c:633:13:genimg_get_comp_name	0	static
image.c:350:6:image_print_contents	40	static
image.c:653:5:get_table_entry_id	16	static
image.c:687:5:genimg_get_os_id	0	static
image.c:692:5:genimg_get_arch_id	0	static
image.c:697:5:genimg_get_type_id	0	static
image.c:702:5:genimg_get_comp_id	0	static
image.c:707:5:genimg_get_encrypt_id	0	static
image.c:712:5:genimg_get_checksum_id	0	static
image.c:732:5:genimg_get_format	0	static
image.c:764:7:genimg_get_image	0	static
image.c:836:5:genimg_has_config	0	static
image.c:867:5:boot_get_ramdisk	40	static
image.c:1141:5:boot_ramdisk_high	24	static
