spi_flash.c:62:12:spi_flash_read_write	32	static
spi_flash.c:123:5:spi_flash_cmd_read	16	static
spi_flash.c:118:5:spi_flash_cmd	24	static
spi_flash.c:129:5:spi_flash_cmd_write	16	static
spi_flash.c:264:5:spi_flash_read_common	32	static
spi_flash.c:277:5:spi_flash_cmd_read_fast	40	static
spi_flash.c:294:5:spi_flash_cmd_read_quad	56	static
spi_flash.c:343:5:spi_flash_cmd_poll_bit	48	static
spi_flash.c:385:5:spi_flash_cmd_wait_ready	0	static
spi_flash.c:135:5:spi_flash_cmd_write_multi	64	static
spi_flash.c:196:5:spi_flash_cmd_write_quad	64	static
spi_flash.c:391:5:spi_flash_cmd_erase	48	static
spi_flash.c:444:5:spi_flash_cmd_write_status	32	static
spi_flash.c:471:5:spi_flash_en_quad_mode	32	static
spi_flash.c:732:19:spi_flash_probe	32	static
spi_flash.c:576:5:spi_flash_disable_quad_mode	40	static
spi_flash.c:601:5:spi_flash_reset	8	static
spi_flash.c:819:7:spi_flash_do_alloc	24	static
spi_flash.c:861:6:spi_flash_free	8	static
