yaffsfs.c:141:32:yaffsfs_HandleToFileDes	0	static
yaffsfs.c:162:26:yaffsfs_HandleToObject	8	static
yaffsfs.c:311:12:yaffsfs_GetHandle	0	static
yaffsfs.c:762:12:yaffsfs_TooManyObjects	0	static
yaffsfs.c:2548:12:yaffsfs_IsDevBusy	16	static
yaffsfs.c:2790:13:yaffsfs_SetDirRewound	0	static
yaffsfs.c:2810:13:yaffsfs_DirAdvance	0	static
yaffsfs.c:2834:13:yaffsfs_RemoveObjectCallback	16	static
yaffsfs.c:260:12:yaffsfs_NewHandle	16	static
yaffsfs.c:177:12:yaffsfs_FindInodeIdForObject	8	static
yaffsfs.c:2213:12:yaffsfs_DoChMod	8	static
yaffsfs.c:1582:12:yaffsfs_DoStat	16	static
yaffsfs.c:1701:12:yaffsfs_DoUtime	24	static
yaffsfs.c:248:13:1	24	static
yaffsfs.c:345:12:yaffsfs_PutHandle	24	static
yaffsfs.c:101:10:yaffs_set_trace	0	static
yaffsfs.c:107:10:yaffs_get_trace	0	static
yaffsfs.c:400:5:yaffsfs_Match	0	static
yaffsfs.c:407:5:yaffsfs_IsPathDivider	0	static
yaffsfs.c:548:12:yaffsfs_CheckPath	16	static
yaffsfs.c:478:26:yaffsfs_FindDevice	64	static
yaffsfs.c:566:26:yaffsfs_FindMountPoint	16	static
yaffsfs.c:589:26:yaffsfs_FollowLink	48	static
yaffsfs.c:620:26:yaffsfs_DoFindDirectory	296	static
yaffsfs.c:703:26:yaffsfs_FindObject	32	static
yaffsfs.c:1625:12:yaffsfs_DoStatOrLStat	56	static
yaffsfs.c:1793:12:yaffs_do_setxattr	64	static
yaffsfs.c:1882:12:yaffs_do_getxattr	64	static
yaffsfs.c:1966:12:yaffs_do_listxattr	64	static
yaffsfs.c:2051:12:yaffs_do_removexattr	56	static
yaffsfs.c:437:12:yaffsfs_alt_dir_path	24	static
yaffsfs.c:420:5:yaffsfs_CheckNameLength	8	static
yaffsfs.c:734:5:yaffs_dup	24	static
yaffsfs.c:772:5:yaffs_open_sharing	96	static
yaffsfs.c:995:5:yaffs_open	0	static
yaffsfs.c:1001:5:yaffs_Dofsync	16	static
yaffsfs.c:1024:5:yaffs_fsync	0	static
yaffsfs.c:1029:5:yaffs_flush	0	static
yaffsfs.c:1034:5:yaffs_fdatasync	0	static
yaffsfs.c:1039:5:yaffs_close	16	static
yaffsfs.c:1064:5:yaffsfs_do_read	48	static
yaffsfs.c:1176:5:yaffs_read	24	static
yaffsfs.c:1181:5:yaffs_pread	0	static
yaffsfs.c:1186:5:yaffsfs_do_write	56	static
yaffsfs.c:1293:5:yaffs_write	24	static
yaffsfs.c:1298:5:yaffs_pwrite	0	static
yaffsfs.c:1303:5:yaffs_truncate	56	static
yaffsfs.c:1348:5:yaffs_ftruncate	24	static
yaffsfs.c:1376:8:yaffs_lseek	32	static
yaffsfs.c:1417:5:yaffsfs_DoUnlink	56	static
yaffsfs.c:1473:5:yaffs_unlink	0	static
yaffsfs.c:1478:5:yaffs_rename	72	static
yaffsfs.c:1666:5:yaffs_stat	0	static
yaffsfs.c:1671:5:yaffs_lstat	0	static
yaffsfs.c:1676:5:yaffs_fstat	16	static
yaffsfs.c:1733:5:yaffs_utime	48	static
yaffsfs.c:1770:5:yaffs_futime	16	static
yaffsfs.c:1840:5:yaffs_setxattr	16	static
yaffsfs.c:1846:5:yaffs_lsetxattr	16	static
yaffsfs.c:1852:5:yaffs_fsetxattr	32	static
yaffsfs.c:1927:5:yaffs_getxattr	16	static
yaffsfs.c:1932:5:yaffs_lgetxattr	16	static
yaffsfs.c:1937:5:yaffs_fgetxattr	24	static
yaffsfs.c:2012:5:yaffs_listxattr	0	static
yaffsfs.c:2017:5:yaffs_llistxattr	0	static
yaffsfs.c:2022:5:yaffs_flistxattr	16	static
yaffsfs.c:2097:5:yaffs_removexattr	0	static
yaffsfs.c:2102:5:yaffs_lremovexattr	0	static
yaffsfs.c:2107:5:yaffs_fremovexattr	16	static
yaffsfs.c:2229:5:yaffs_access	56	static
yaffsfs.c:2287:5:yaffs_chmod	56	static
yaffsfs.c:2332:5:yaffs_fchmod	16	static
yaffsfs.c:2357:5:yaffs_mkdir	48	static
yaffsfs.c:2416:5:yaffs_rmdir	16	static
yaffsfs.c:2444:7:yaffs_getdev	16	static
yaffsfs.c:2452:5:yaffs_mount_common	16	static
yaffsfs.c:2501:5:yaffs_mount2	0	static
yaffsfs.c:2506:5:yaffs_mount	0	static
yaffsfs.c:2511:5:yaffs_sync	24	static
yaffsfs.c:2561:5:yaffs_remount	16	static
yaffsfs.c:2601:5:yaffs_unmount2	24	static
yaffsfs.c:2644:5:yaffs_unmount	0	static
yaffsfs.c:2649:8:yaffs_freespace	24	static
yaffsfs.c:2678:8:yaffs_totalspace	24	static
yaffsfs.c:2709:5:yaffs_inodecount	24	static
yaffsfs.c:2740:6:yaffs_add_device	0	static
yaffsfs.c:2759:6:yaffs_remove_device	0	static
yaffsfs.c:2767:6:yaffs_dev_rewind	0	static
yaffsfs.c:2772:19:yaffs_next_dev	0	static
yaffsfs.c:2859:12:yaffs_opendir	48	static
yaffsfs.c:2920:22:yaffs_readdir	16	static
yaffsfs.c:2955:6:yaffs_rewinddir	8	static
yaffsfs.c:2968:5:yaffs_closedir	8	static
yaffsfs.c:2988:5:yaffs_symlink	56	static
yaffsfs.c:3037:5:yaffs_readlink	56	static
yaffsfs.c:3072:5:yaffs_link	64	static
yaffsfs.c:3136:5:yaffs_mknod	8	static
yaffsfs.c:3154:5:yaffs_n_handles	32	static
yaffsfs.c:3176:5:yaffs_get_error	0	static
yaffsfs.c:3181:5:yaffs_set_error	8	static
yaffsfs.c:3187:5:yaffs_dump_dev	0	static
