yaffs_guts.c:655:12:yaffs_calc_name_sum	8	static
yaffs_guts.c:1467:28:yaffs_grab_chunk_worker	0	static
yaffs_guts.c:1528:28:yaffs_find_chunk_cache	16	static
yaffs_guts.c:1591:13:yaffs_invalidate_whole_cache	8	static
yaffs_guts.c:2249:13:yaffs_deinit_blocks	8	static
yaffs_guts.c:2268:12:yaffs_init_blocks	16	static
yaffs_guts.c:726:13:yaffs_free_tnode	8	static
yaffs_guts.c:1716:28:yaffs_prune_worker	32	static
yaffs_guts.c:967:12:yaffs_find_chunk_in_group	32	static
yaffs_guts.c:1257:13:yaffs_remove_obj_from_dir	16	static
yaffs_guts.c:1619:13:yaffs_free_obj	16	static
yaffs_guts.c:47:6:yaffs_addr_to_chunk	16	static
yaffs_guts.c:139:5:yaffs_get_temp_buffer	8	static
yaffs_guts.c:165:6:yaffs_release_temp_buffer	16	static
yaffs_guts.c:3095:12:yaffs_do_xattrib_fetch	120	static
yaffs_guts.c:191:5:yaffs_is_managed_tmp_buffer	8	static
yaffs_guts.c:236:6:yaffs_handle_chunk_error	0	static
yaffs_guts.c:294:19:yaffs_root	0	static
yaffs_guts.c:299:19:yaffs_lost_n_found	0	static
yaffs_guts.c:308:5:yaffs_check_ff	0	static
yaffs_guts.c:319:12:yaffs_check_chunk_erased	96	static
yaffs_guts.c:365:5:yaffs_check_alloc_available	16	static
yaffs_guts.c:494:6:yaffs_skip_rest_of_block	8	static
yaffs_guts.c:673:6:yaffs_set_obj_name	16	static
yaffs_guts.c:685:6:yaffs_set_obj_name_from_oh	0	static
yaffs_guts.c:699:8:yaffs_max_file_size	8	static
yaffs_guts.c:711:21:yaffs_get_tnode	16	static
yaffs_guts.c:740:6:yaffs_load_tnode_0	16	static
yaffs_guts.c:771:5:yaffs_get_group_base	8	static
yaffs_guts.c:1211:12:yaffs_soft_del_worker	40	static
yaffs_guts.c:808:21:yaffs_find_tnode_0	0	static
yaffs_guts.c:995:12:yaffs_find_chunk_in_file	104	static
yaffs_guts.c:2916:12:yaffs_rd_data_obj	16	static
yaffs_guts.c:863:21:yaffs_add_find_tnode_0	40	static
yaffs_guts.c:1276:6:yaffs_add_obj_to_dir	16	static
yaffs_guts.c:1650:6:yaffs_handle_defered_free	0	static
yaffs_guts.c:1904:19:yaffs_find_by_number	0	static
yaffs_guts.c:1924:19:yaffs_new_obj	32	static
yaffs_guts.c:1979:26:yaffs_create_fake_dir	16	static
yaffs_guts.c:4569:12:yaffs_create_initial_dir	8	static
yaffs_guts.c:2016:19:yaffs_find_or_create_by_number	16	static
yaffs_guts.c:2032:8:yaffs_clone_str	16	static
yaffs_guts.c:3168:13:yaffs_check_obj_details_loaded	88	static
yaffs_guts.c:2315:6:yaffs_block_became_dirty	112	static
yaffs_guts.c:2934:6:yaffs_chunk_del	120	static
yaffs_guts.c:1054:5:yaffs_put_chunk_in_file	176	static
yaffs_guts.c:507:12:yaffs_write_new_chunk	128	static
yaffs_guts.c:3157:5:yaffs_get_xattrib	0	static
yaffs_guts.c:3163:5:yaffs_list_xattrib	0	static
yaffs_guts.c:3888:5:yaffs_is_non_empty_dir	0	static
yaffs_guts.c:4129:6:yaffs_handle_shadowed_obj	16	static
yaffs_guts.c:4157:6:yaffs_link_fixup	24	static
yaffs_guts.c:4378:19:yaffs_get_equivalent_obj	8	static
yaffs_guts.c:4428:5:yaffs_get_obj_name	64	static
yaffs_guts.c:4322:19:yaffs_find_by_name	288	static
yaffs_guts.c:1316:12:yaffs_change_obj_name	40	static
yaffs_guts.c:1656:12:yaffs_generic_obj_del	16	static
yaffs_guts.c:2808:12:yaffs_check_gc	144	static
yaffs_guts.c:3271:5:yaffs_update_oh	456	static
yaffs_guts.c:2089:6:yaffs_update_dirty_dirs	32	static
yaffs_guts.c:2065:13:yaffs_update_parent	24	static
yaffs_guts.c:3146:5:yaffs_set_xattrib	40	static
yaffs_guts.c:3152:5:yaffs_remove_xattrib	40	static
yaffs_guts.c:2992:12:yaffs_wr_data_obj	176	static
yaffs_guts.c:1392:13:yaffs_flush_file_cache	40	static
yaffs_guts.c:1441:6:yaffs_flush_whole_cache	16	static
yaffs_guts.c:1480:28:yaffs_grab_chunk_cache	16	static
yaffs_guts.c:3425:5:yaffs_file_rd	64	static
yaffs_guts.c:3802:5:yaffs_flush_file	24	static
yaffs_guts.c:3504:5:yaffs_do_file_wr	80	static
yaffs_guts.c:3675:5:yaffs_wr_file	32	static
yaffs_guts.c:3734:6:yaffs_resize_file_down	152	static
yaffs_guts.c:2904:5:yaffs_bg_gc	16	static
yaffs_guts.c:3764:5:yaffs_resize_file	40	static
yaffs_guts.c:1676:13:yaffs_soft_del_file	16	static
yaffs_guts.c:3853:5:yaffs_del_file	24	static
yaffs_guts.c:3921:5:yaffs_del_obj	16	static
yaffs_guts.c:2121:26:yaffs_create_obj	48	static
yaffs_guts.c:2198:19:yaffs_create_file	40	static
yaffs_guts.c:2206:19:yaffs_create_dir	40	static
yaffs_guts.c:2213:19:yaffs_create_special	40	static
yaffs_guts.c:2221:19:yaffs_create_symlink	40	static
yaffs_guts.c:2230:19:yaffs_link_obj	40	static
yaffs_guts.c:4033:12:yaffs_unlink_obj	288	static
yaffs_guts.c:4041:5:yaffs_unlinker	8	static
yaffs_guts.c:4052:5:yaffs_rename_obj	40	static
yaffs_guts.c:4296:13:yaffs_del_dir_contents	24	static
yaffs_guts.c:4459:8:yaffs_get_obj_length	8	static
yaffs_guts.c:4477:5:yaffs_get_obj_link_count	0	static
yaffs_guts.c:4491:5:yaffs_get_obj_inode	8	static
yaffs_guts.c:4498:10:yaffs_get_obj_type	8	static
yaffs_guts.c:4532:8:yaffs_get_symlink_alias	8	static
yaffs_guts.c:4909:6:yaffs_deinitialise	24	static
yaffs_guts.c:4593:5:yaffs_guts_initialise	40	static
yaffs_guts.c:4941:5:yaffs_count_free_chunks	16	static
yaffs_guts.c:4966:5:yaffs_get_n_free_chunks	16	static
yaffs_guts.c:5004:6:yaffs_oh_size_load	0	static
yaffs_guts.c:5010:8:yaffs_oh_to_size	0	static
