yaffs_uboot_glue.c:111:20:yaffs_error_str	0	static
yaffs_uboot_glue.c:41:6:yaffs_bug_fn	0	static
yaffs_uboot_glue.c:46:7:yaffsfs_malloc	0	static
yaffs_uboot_glue.c:51:6:yaffsfs_free	0	static
yaffs_uboot_glue.c:56:6:yaffsfs_SetError	0	static
yaffs_uboot_glue.c:61:5:yaffsfs_GetLastError	0	static
yaffs_uboot_glue.c:67:5:yaffsfs_GetError	0	static
yaffs_uboot_glue.c:72:6:yaffsfs_Lock	0	static
yaffs_uboot_glue.c:76:6:yaffsfs_Unlock	0	static
yaffs_uboot_glue.c:80:7:yaffsfs_CurrentTime	0	static
yaffs_uboot_glue.c:85:7:yaffs_malloc	0	static
yaffs_uboot_glue.c:90:6:yaffs_free	0	static
yaffs_uboot_glue.c:95:6:yaffsfs_LocalInitialisation	0	static
yaffs_uboot_glue.c:145:6:cmd_yaffs_tracemask	0	static
yaffs_uboot_glue.c:161:6:cmd_yaffs_devconfig	48	static
yaffs_uboot_glue.c:250:6:cmd_yaffs_dev_ls	24	static
yaffs_uboot_glue.c:279:6:make_a_file	120	static
yaffs_uboot_glue.c:309:6:read_a_file	24	static
yaffs_uboot_glue.c:333:6:cmd_yaffs_mount	16	static
yaffs_uboot_glue.c:342:6:cmd_yaffs_umount	16	static
yaffs_uboot_glue.c:349:6:cmd_yaffs_write_file	0	static
yaffs_uboot_glue.c:355:6:cmd_yaffs_read_file	0	static
yaffs_uboot_glue.c:361:6:cmd_yaffs_mread_file	80	static
yaffs_uboot_glue.c:382:6:cmd_yaffs_mwrite_file	16	static
yaffs_uboot_glue.c:396:6:cmd_yaffs_ls	344	static
yaffs_uboot_glue.c:430:6:cmd_yaffs_mkdir	8	static
yaffs_uboot_glue.c:439:6:cmd_yaffs_rmdir	8	static
yaffs_uboot_glue.c:448:6:cmd_yaffs_rm	8	static
yaffs_uboot_glue.c:457:6:cmd_yaffs_mv	8	static
